Component: ARM Compiler 5.06 (build 20) Tool: armlink [4d35a3]

==============================================================================

Section Cross References

    main.o(.text) refers to mma8451q.o(.text) for MMA8451Q::MMA8451Q(PinName, PinName, int)
    main.o(.text) refers to main.o(i._ZN4mbed6PwmOutC1E7PinName) for mbed::PwmOut::PwmOut(PinName)
    main.o(.text) refers to main.o(i._ZSt3absf) for std::abs(float)
    main.o(.text) refers to f2d.o(.text) for __aeabi_f2d
    main.o(.text) refers to daddsub.o(.text) for __aeabi_drsub
    main.o(.text) refers to d2f.o(.text) for __aeabi_d2f
    main.o(.text) refers to main.o(i._ZN4mbed6PwmOutaSEf) for mbed::PwmOut::operator =(float)
    main.o(.text) refers to wait_api.o(i.wait) for wait
    main.o(.ARM.exidx) refers to main.o(.text) for .text
    mma8451q.o(.text) refers to I2C.o(i._ZN4mbed3I2C5writeEiPKcib) for mbed::I2C::write(int, const char*, int, bool)
    mma8451q.o(.text) refers to I2C.o(i._ZN4mbed3I2CC1E7PinNameS1_) for mbed::I2C::I2C(PinName, PinName)
    mma8451q.o(.text) refers to I2C.o(i._ZN4mbed3I2C4readEiPcib) for mbed::I2C::read(int, char*, int, bool)
    mma8451q.o(.text) refers to fflti.o(.text) for __aeabi_i2f
    mma8451q.o(.text) refers to f2d.o(.text) for __aeabi_f2d
    mma8451q.o(.text) refers to ddiv.o(.text) for __aeabi_ddiv
    mma8451q.o(.text) refers to d2f.o(.text) for __aeabi_d2f
    mma8451q.o(.ARM.exidx) refers to mma8451q.o(.text) for .text
    sys.o(.ARM.exidx) refers to sys.o(i.__user_setup_stackheap) for i.__user_setup_stackheap
    system_MKL25Z4.o(i.SystemCoreClockUpdate) refers to aeabi_sdiv.o(.text) for __aeabi_uidivmod
    system_MKL25Z4.o(i.SystemCoreClockUpdate) refers to system_MKL25Z4.o(i.__ARM_common_switch8) for __ARM_common_switch8
    system_MKL25Z4.o(i.SystemCoreClockUpdate) refers to system_MKL25Z4.o(.data) for .data
    system_MKL25Z4.o(i.SystemCoreClockUpdate) refers to stdio.o(.data) for stdio_retargeting_module
    cmsis_nvic.o(i.NVIC_SetVector) refers to cmsis_nvic.o(.data) for .data
    startup_MKL25Z4.o(RESET) refers to startup_MKL25Z4.o(.text) for Reset_Handler
    startup_MKL25Z4.o(.text) refers to system_MKL25Z4.o(i.SystemInit) for SystemInit
    startup_MKL25Z4.o(.text) refers to __main.o(!!!main) for __main
    pwmout_api.o(i.pwmout_init) refers to pinmap_common.o(i.pinmap_peripheral) for pinmap_peripheral
    pwmout_api.o(i.pwmout_init) refers to pwmout_api.o(i.pwmout_period_ms) for pwmout_period_ms
    pwmout_api.o(i.pwmout_init) refers to pwmout_api.o(i.pwmout_write) for pwmout_write
    pwmout_api.o(i.pwmout_init) refers to pinmap_common.o(i.pinmap_pinout) for pinmap_pinout
    pwmout_api.o(i.pwmout_init) refers to pwmout_api.o(.constdata) for .constdata
    pwmout_api.o(i.pwmout_period) refers to fmul.o(x$fpl$fmul) for __aeabi_fmul
    pwmout_api.o(i.pwmout_period) refers to ffixi.o(.text) for __aeabi_f2iz
    pwmout_api.o(i.pwmout_period) refers to pwmout_api.o(i.pwmout_period_us) for pwmout_period_us
    pwmout_api.o(i.pwmout_period_ms) refers to pwmout_api.o(i.pwmout_period_us) for pwmout_period_us
    pwmout_api.o(i.pwmout_period_us) refers to pwmout_api.o(i.pwmout_read) for pwmout_read
    pwmout_api.o(i.pwmout_period_us) refers to dflti.o(.text) for __aeabi_i2d
    pwmout_api.o(i.pwmout_period_us) refers to dmul.o(.text) for __aeabi_dmul
    pwmout_api.o(i.pwmout_period_us) refers to dfixui.o(.text) for __aeabi_d2uiz
    pwmout_api.o(i.pwmout_period_us) refers to pwmout_api.o(i.pwmout_write) for pwmout_write
    pwmout_api.o(i.pwmout_pulsewidth) refers to fmul.o(x$fpl$fmul) for __aeabi_fmul
    pwmout_api.o(i.pwmout_pulsewidth) refers to ffixi.o(.text) for __aeabi_f2iz
    pwmout_api.o(i.pwmout_pulsewidth) refers to pwmout_api.o(i.pwmout_pulsewidth_us) for pwmout_pulsewidth_us
    pwmout_api.o(i.pwmout_pulsewidth_ms) refers to pwmout_api.o(i.pwmout_pulsewidth_us) for pwmout_pulsewidth_us
    pwmout_api.o(i.pwmout_pulsewidth_us) refers to dflti.o(.text) for __aeabi_i2d
    pwmout_api.o(i.pwmout_pulsewidth_us) refers to dmul.o(.text) for __aeabi_dmul
    pwmout_api.o(i.pwmout_pulsewidth_us) refers to dfixui.o(.text) for __aeabi_d2uiz
    pwmout_api.o(i.pwmout_read) refers to fflti.o(.text) for __aeabi_ui2f
    pwmout_api.o(i.pwmout_read) refers to fdiv.o(.text) for __aeabi_fdiv
    pwmout_api.o(i.pwmout_read) refers to f2d.o(.text) for __aeabi_f2d
    pwmout_api.o(i.pwmout_read) refers to d2f.o(.text) for __aeabi_d2f
    pwmout_api.o(i.pwmout_write) refers to fflti.o(.text) for __aeabi_ui2f
    pwmout_api.o(i.pwmout_write) refers to fmul.o(x$fpl$fmul) for __aeabi_fmul
    pwmout_api.o(i.pwmout_write) refers to ffixui.o(.text) for __aeabi_f2uiz
    wait_api.o(i.wait) refers to f2d.o(.text) for __aeabi_f2d
    wait_api.o(i.wait) refers to dmul.o(.text) for __aeabi_dmul
    wait_api.o(i.wait) refers to dfixi.o(.text) for __aeabi_d2iz
    wait_api.o(i.wait) refers to wait_api.o(i.wait_us) for wait_us
[...]
    ../fplib/cfplib/ffix.c                   0x00000000   Number         0  ffixui.o ABSOLUTE
    ../fplib/cfplib/ffix.c                   0x00000000   Number         0  ffixi.o ABSOLUTE
    ../fplib/cfplib/ffix.c                   0x00000000   Number         0  dfixi.o ABSOLUTE
    ../fplib/cfplib/fflt.c                   0x00000000   Number         0  dflti.o ABSOLUTE
    ../fplib/cfplib/fflt.c                   0x00000000   Number         0  fflti.o ABSOLUTE
    ../fplib/cfplib/fpinit.c                 0x00000000   Number         0  fpinit.o ABSOLUTE
    ../fplib/fmul6m.s                        0x00000000   Number         0  fmul.o ABSOLUTE
    ../fplib/usenofp.s                       0x00000000   Number         0  usenofp.o ABSOLUTE
    C:\Users\emimon01\mbed\libraries\mbed\capi\exit.c 0x00000000   Number         0  exit.o ABSOLUTE
    C:\Users\emimon01\mbed\libraries\mbed\capi\mbed_interface.c 0x00000000   Number         0  mbed_interface.o ABSOLUTE
    C:\Users\emimon01\mbed\libraries\mbed\capi\pinmap_common.c 0x00000000   Number         0  pinmap_common.o ABSOLUTE
    C:\Users\emimon01\mbed\libraries\mbed\capi\semihost_api.c 0x00000000   Number         0  semihost_api.o ABSOLUTE
    C:\Users\emimon01\mbed\libraries\mbed\capi\wait_api.c 0x00000000   Number         0  wait_api.o ABSOLUTE
    C:\Users\emimon01\mbed\libraries\mbed\cpp\FileBase.cpp 0x00000000   Number         0  FileBase.o ABSOLUTE
    C:\Users\emimon01\mbed\libraries\mbed\cpp\FilePath.cpp 0x00000000   Number         0  FilePath.o ABSOLUTE
    C:\Users\emimon01\mbed\libraries\mbed\cpp\FileSystemLike.cpp 0x00000000   Number         0  FileSystemLike.o ABSOLUTE
    C:\Users\emimon01\mbed\libraries\mbed\cpp\I2C.cpp 0x00000000   Number         0  I2C.o ABSOLUTE
    C:\Users\emimon01\mbed\libraries\mbed\cpp\stdio.cpp 0x00000000   Number         0  stdio.o ABSOLUTE
    C:\Users\emimon01\mbed\libraries\mbed\vendor\Freescale\capi\board.c 0x00000000   Number         0  board.o ABSOLUTE
    C:\Users\emimon01\mbed\libraries\mbed\vendor\Freescale\capi\gpio_api.c 0x00000000   Number         0  gpio_api.o ABSOLUTE
    C:\Users\emimon01\mbed\libraries\mbed\vendor\Freescale\capi\i2c_api.c 0x00000000   Number         0  i2c_api.o ABSOLUTE
    C:\Users\emimon01\mbed\libraries\mbed\vendor\Freescale\capi\pinmap.c 0x00000000   Number         0  pinmap.o ABSOLUTE
    C:\Users\emimon01\mbed\libraries\mbed\vendor\Freescale\capi\pwmout_api.c 0x00000000   Number         0  pwmout_api.o ABSOLUTE
    C:\Users\emimon01\mbed\libraries\mbed\vendor\Freescale\capi\serial_api.c 0x00000000   Number         0  serial_api.o ABSOLUTE
    C:\Users\emimon01\mbed\libraries\mbed\vendor\Freescale\capi\us_ticker_api.c 0x00000000   Number         0  us_ticker_api.o ABSOLUTE
    C:\Users\emimon01\mbed\libraries\mbed\vendor\Freescale\cmsis\KL25Z\ARM\startup_MKL25Z4.s 0x00000000   Number         0  startup_MKL25Z4.o ABSOLUTE
    C:\Users\emimon01\mbed\libraries\mbed\vendor\Freescale\cmsis\KL25Z\ARM\sys.cpp 0x00000000   Number         0  sys.o ABSOLUTE
    C:\Users\emimon01\mbed\libraries\mbed\vendor\Freescale\cmsis\KL25Z\cmsis_nvic.c 0x00000000   Number         0  cmsis_nvic.o ABSOLUTE
    C:\Users\emimon01\mbed\libraries\mbed\vendor\Freescale\cmsis\KL25Z\core_cm0.c 0x00000000   Number         0  core_cm0.o ABSOLUTE
    C:\Users\emimon01\mbed\libraries\mbed\vendor\Freescale\cmsis\KL25Z\system_MKL25Z4.c 0x00000000   Number         0  system_MKL25Z4.o ABSOLUTE
    C:\\Users\\emimon01\\mbed\\libraries\\mbed\\capi\\exit.c 0x00000000   Number         0  exit.o ABSOLUTE
    C:\\Users\\emimon01\\mbed\\libraries\\mbed\\capi\\mbed_interface.c 0x00000000   Number         0  mbed_interface.o ABSOLUTE
    C:\\Users\\emimon01\\mbed\\libraries\\mbed\\capi\\pinmap_common.c 0x00000000   Number         0  pinmap_common.o ABSOLUTE
    C:\\Users\\emimon01\\mbed\\libraries\\mbed\\capi\\semihost_api.c 0x00000000   Number         0  semihost_api.o ABSOLUTE
    C:\\Users\\emimon01\\mbed\\libraries\\mbed\\cpp\\FileBase.cpp 0x00000000   Number         0  FileBase.o ABSOLUTE
    C:\\Users\\emimon01\\mbed\\libraries\\mbed\\cpp\\FilePath.cpp 0x00000000   Number         0  FilePath.o ABSOLUTE
    C:\\Users\\emimon01\\mbed\\libraries\\mbed\\cpp\\FileSystemLike.cpp 0x00000000   Number         0  FileSystemLike.o ABSOLUTE
    C:\\Users\\emimon01\\mbed\\libraries\\mbed\\cpp\\I2C.cpp 0x00000000   Number         0  I2C.o ABSOLUTE
    C:\\Users\\emimon01\\mbed\\libraries\\mbed\\cpp\\stdio.cpp 0x00000000   Number         0  stdio.o ABSOLUTE
    C:\\Users\\emimon01\\mbed\\libraries\\mbed\\vendor\\Freescale\\capi\\board.c 0x00000000   Number         0  board.o ABSOLUTE
    C:\\Users\\emimon01\\mbed\\libraries\\mbed\\vendor\\Freescale\\capi\\gpio_api.c 0x00000000   Number         0  gpio_api.o ABSOLUTE
    C:\\Users\\emimon01\\mbed\\libraries\\mbed\\vendor\\Freescale\\capi\\i2c_api.c 0x00000000   Number         0  i2c_api.o ABSOLUTE
    C:\\Users\\emimon01\\mbed\\libraries\\mbed\\vendor\\Freescale\\capi\\pinmap.c 0x00000000   Number         0  pinmap.o ABSOLUTE
    C:\\Users\\emimon01\\mbed\\libraries\\mbed\\vendor\\Freescale\\capi\\pwmout_api.c 0x00000000   Number         0  pwmout_api.o ABSOLUTE
    C:\\Users\\emimon01\\mbed\\libraries\\mbed\\vendor\\Freescale\\capi\\serial_api.c 0x00000000   Number         0  serial_api.o ABSOLUTE
    C:\\Users\\emimon01\\mbed\\libraries\\mbed\\vendor\\Freescale\\capi\\us_ticker_api.c 0x00000000   Number         0  us_ticker_api.o ABSOLUTE
    C:\\Users\\emimon01\\mbed\\libraries\\mbed\\vendor\\Freescale\\cmsis\\KL25Z\\cmsis_nvic.c 0x00000000   Number         0  cmsis_nvic.o ABSOLUTE
    C:\\Users\\emimon01\\mbed\\libraries\\mbed\\vendor\\Freescale\\cmsis\\KL25Z\\system_MKL25Z4.c 0x00000000   Number         0  system_MKL25Z4.o ABSOLUTE
    MMA8451Q/MMA8451Q.cpp                    0x00000000   Number         0  mma8451q.o ABSOLUTE
    MMA8451Q\MMA8451Q.cpp                    0x00000000   Number         0  mma8451q.o ABSOLUTE
    dc.s                                     0x00000000   Number         0  dc.o ABSOLUTE
    main.cpp                                 0x00000000   Number         0  main.o ABSOLUTE
    main.cpp                                 0x00000000   Number         0  main.o ABSOLUTE
    !!!main                                  0x000000c0   Section        8  __main.o(!!!main)
    !!!scatter                               0x000000c8   Section       60  __scatter.o(!!!scatter)
    !!handler_copy                           0x00000104   Section       26  __scatter_copy.o(!!handler_copy)
    !!handler_zi                             0x00000120   Section       28  __scatter_zi.o(!!handler_zi)
    .ARM.Collect$$_printf_percent$$00000000  0x0000013c   Section        2  _printf_percent.o(.ARM.Collect$$_printf_percent$$00000000)
    .ARM.Collect$$_printf_percent$$00000009  0x0000013e   Section       10  _printf_d.o(.ARM.Collect$$_printf_percent$$00000009)
    .ARM.Collect$$_printf_percent$$00000017  0x00000148   Section        4  _printf_percent_end.o(.ARM.Collect$$_printf_percent$$00000017)
    .ARM.Collect$$libinit$$00000000          0x0000014c   Section        2  libinit.o(.ARM.Collect$$libinit$$00000000)
    .ARM.Collect$$libinit$$00000002          0x0000014e   Section        0  libinit2.o(.ARM.Collect$$libinit$$00000002)
    .ARM.Collect$$libinit$$00000004          0x0000014e   Section        0  libinit2.o(.ARM.Collect$$libinit$$00000004)
    .ARM.Collect$$libinit$$00000005          0x0000014e   Section        8  libinit2.o(.ARM.Collect$$libinit$$00000005)
    .ARM.Collect$$libinit$$0000000A          0x00000156   Section        0  libinit2.o(.ARM.Collect$$libinit$$0000000A)
    .ARM.Collect$$libinit$$0000000C          0x00000156   Section        0  libinit2.o(.ARM.Collect$$libinit$$0000000C)
    .ARM.Collect$$libinit$$0000000E          0x00000156   Section        0  libinit2.o(.ARM.Collect$$libinit$$0000000E)
    .ARM.Collect$$libinit$$0000000F          0x00000156   Section        6  libinit2.o(.ARM.Collect$$libinit$$0000000F)
    .ARM.Collect$$libinit$$00000011          0x0000015c   Section        0  libinit2.o(.ARM.Collect$$libinit$$00000011)
    .ARM.Collect$$libinit$$00000012          0x0000015c   Section       12  libinit2.o(.ARM.Collect$$libinit$$00000012)
    .ARM.Collect$$libinit$$00000013          0x00000168   Section        0  libinit2.o(.ARM.Collect$$libinit$$00000013)
    .ARM.Collect$$libinit$$00000015          0x00000168   Section        0  libinit2.o(.ARM.Collect$$libinit$$00000015)
    .ARM.Collect$$libinit$$00000017          0x00000168   Section        0  libinit2.o(.ARM.Collect$$libinit$$00000017)
    .ARM.Collect$$libinit$$00000019          0x00000168   Section        0  libinit2.o(.ARM.Collect$$libinit$$00000019)
    .ARM.Collect$$libinit$$0000001B          0x00000168   Section        0  libinit2.o(.ARM.Collect$$libinit$$0000001B)
    .ARM.Collect$$libinit$$0000001D          0x00000168   Section        0  libinit2.o(.ARM.Collect$$libinit$$0000001D)
    .ARM.Collect$$libinit$$0000001F          0x00000168   Section        0  libinit2.o(.ARM.Collect$$libinit$$0000001F)
    .ARM.Collect$$libinit$$00000021          0x00000168   Section        0  libinit2.o(.ARM.Collect$$libinit$$00000021)
    .ARM.Collect$$libinit$$00000023          0x00000168   Section        0  libinit2.o(.ARM.Collect$$libinit$$00000023)
    .ARM.Collect$$libinit$$00000024          0x00000168   Section        4  libinit2.o(.ARM.Collect$$libinit$$00000024)
    .ARM.Collect$$libinit$$00000025          0x0000016c   Section        0  libinit2.o(.ARM.Collect$$libinit$$00000025)
    .ARM.Collect$$libinit$$0000002C          0x0000016c   Section        0  libinit2.o(.ARM.Collect$$libinit$$0000002C)
    .ARM.Collect$$libinit$$0000002E          0x0000016c   Section        0  libinit2.o(.ARM.Collect$$libinit$$0000002E)
    .ARM.Collect$$libinit$$00000030          0x0000016c   Section        0  libinit2.o(.ARM.Collect$$libinit$$00000030)
    .ARM.Collect$$libinit$$00000032          0x0000016c   Section        0  libinit2.o(.ARM.Collect$$libinit$$00000032)
    .ARM.Collect$$libinit$$00000033          0x0000016c   Section        2  libinit2.o(.ARM.Collect$$libinit$$00000033)
    .ARM.Collect$$libshutdown$$00000004      0x0000016e   Section        0  libshutdown2.o(.ARM.Collect$$libshutdown$$00000004)
    .ARM.Collect$$rtentry$$00000000          0x0000016e   Section        0  __rtentry.o(.ARM.Collect$$rtentry$$00000000)
    .ARM.Collect$$rtentry$$00000002          0x0000016e   Section        0  __rtentry2.o(.ARM.Collect$$rtentry$$00000002)
    .ARM.Collect$$rtentry$$00000004          0x0000016e   Section        6  __rtentry4.o(.ARM.Collect$$rtentry$$00000004)
    .ARM.Collect$$rtentry$$00000009          0x00000174   Section        0  __rtentry2.o(.ARM.Collect$$rtentry$$00000009)
    .ARM.Collect$$rtentry$$0000000A          0x00000174   Section        4  __rtentry2.o(.ARM.Collect$$rtentry$$0000000A)
    .ARM.Collect$$rtentry$$0000000C          0x00000178   Section        0  __rtentry2.o(.ARM.Collect$$rtentry$$0000000C)
    .ARM.Collect$$rtentry$$0000000D          0x00000178   Section        8  __rtentry2.o(.ARM.Collect$$rtentry$$0000000D)
    .emb_text                                0x00000180   Section        0  maybetermalloc1.o(.emb_text)
    .text                                    0x00000180   Section        0  main.o(.text)
    .text                                    0x0000024c   Section        0  mma8451q.o(.text)
    .text                                    0x000003bc   Section       28  startup_MKL25Z4.o(.text)
    .text                                    0x000003d8   Section        0  noretval__2fprintf.o(.text)
    .text                                    0x000003f0   Section        8  rt_heap_descriptor.o(.text)
    .text                                    0x000003f8   Section        0  hguard.o(.text)
    .text                                    0x000003fc   Section        2  use_no_semi.o(.text)
    .text                                    0x000003fe   Section        0  indicate_semi.o(.text)
    x$fpl$usenofp                            0x000003fe   Section        0  usenofp.o(x$fpl$usenofp)
    .ARM.__at_0x400                          0x00000400   Section       16  startup_MKL25Z4.o(.ARM.__at_0x400)
    .text                                    0x00000410   Section        0  lludiv.o(.text)
    .text                                    0x00000512   Section        0  __printf.o(.text)
    .text                                    0x00000580   Section        0  _printf_dec.o(.text)
    .text                                    0x000005ec   Section        0  __0sscanf.o(.text)
    .text                                    0x0000062c   Section        0  _scanf_int.o(.text)
    .text                                    0x00000778   Section        0  strlen.o(.text)
    .text                                    0x000007bc   Section        0  strncmp.o(.text)
    .text                                    0x0000085c   Section        0  strcmp.o(.text)
    .text                                    0x000008e4   Section      346  aeabi_sdiv.o(.text)
    .text                                    0x00000a40   Section        0  d2f.o(.text)
    .text                                    0x00000abc   Section        0  daddsub.o(.text)
    _dadd1                                   0x00000abd   Thumb Code   290  daddsub.o(.text)
    _dsub1                                   0x00000bdf   Thumb Code   470  daddsub.o(.text)
    .text                                    0x00000e14   Section        0  ddiv.o(.text)
    .text                                    0x0000125c   Section        0  dfixi.o(.text)
    .text                                    0x000012c8   Section        0  dfixui.o(.text)
    .text                                    0x00001310   Section        0  dflti.o(.text)
    .text                                    0x00001368   Section        0  dmul.o(.text)
    .text                                    0x000015b0   Section        0  f2d.o(.text)
    .text                                    0x00001604   Section        0  fdiv.o(.text)
    .text                                    0x00001764   Section        0  ffixui.o(.text)
    .text                                    0x00001794   Section        0  fflti.o(.text)
    .text                                    0x000017f2   Section        0  h1_alloc.o(.text)
    .text                                    0x00001854   Section        0  h1_free.o(.text)
    .text                                    0x000018a0   Section        0  _printf_intcommon.o(.text)
    .text                                    0x00001950   Section        0  _printf_char_file.o(.text)
    .text                                    0x00001978   Section        0  _chval.o(.text)
    .text                                    0x00001998   Section        0  scanf_char.o(.text)
    _scanf_char_input                        0x00001999   Thumb Code    12  scanf_char.o(.text)
    .text                                    0x000019c8   Section        0  _sgetc.o(.text)
    .text                                    0x00001a0c   Section        0  initio.o(.text)
    .text                                    0x00001b48   Section        0  rt_memclr.o(.text)
    .text                                    0x00001b88   Section        0  rtudiv10.o(.text)
    .text                                    0x00001bb0   Section        0  init_alloc.o(.text)
    .text                                    0x00001c38   Section        0  h1_init.o(.text)
    .text                                    0x00001c46   Section        0  isspace.o(.text)
    .text                                    0x00001c58   Section        0  _printf_char_common.o(.text)
    _printf_input_char                       0x00001c59   Thumb Code    10  _printf_char_common.o(.text)
    .text                                    0x00001c88   Section        0  _scanf.o(.text)
    .text                                    0x00002008   Section        0  ferror.o(.text)
    .text                                    0x00002010   Section        0  setvbuf.o(.text)
    .text                                    0x0000205c   Section        0  fopen.o(.text)
    _freopen_locked                          0x0000205d   Thumb Code     0  fopen.o(.text)
    .text                                    0x00002144   Section        0  fclose.o(.text)
    .text                                    0x00002190   Section        0  defsig_exit.o(.text)
    .text                                    0x0000219c   Section        0  defsig_rtred_outer.o(.text)
    .text                                    0x000021a8   Section        0  sys_exit.o(.text)
    .text                                    0x000021b4   Section       16  rt_ctype_table.o(.text)
    .text                                    0x000021c4   Section        0  h1_extend.o(.text)
    .text                                    0x000021f8   Section        0  flsbuf.o(.text)
    .text                                    0x000023e8   Section        0  fseek.o(.text)
    .text                                    0x000024dc   Section        0  stdio.o(.text)
    .text                                    0x000025cc   Section        0  defsig_general.o(.text)
    .text                                    0x00002600   Section        0  defsig_rtred_inner.o(.text)
    .text                                    0x00002634   Section        0  defsig_rtmem_outer.o(.text)
    .text                                    0x00002640   Section        0  heapauxa.o(.text)
    .text                                    0x00002690   Section        0  sys_wrch.o(.text)
    .text                                    0x0000269c   Section        8  rt_locale.o(.text)
    .text                                    0x000026a4   Section        0  ftell.o(.text)
    .text                                    0x000026e8   Section        0  defsig_rtmem_inner.o(.text)
    .text                                    0x00002738   Section        8  rt_errno_addr.o(.text)
    i.SystemInit                             0x00002740   Section        0  system_MKL25Z4.o(i.SystemInit)
    i._Z11init_serialv                       0x000027d8   Section        0  stdio.o(i._Z11init_serialv)
    init_serial()                            0x000027d9   Thumb Code    44  stdio.o(i._Z11init_serialv)
    i._ZN4mbed3I2C4readEiPcib                0x0000280c   Section        0  I2C.o(i._ZN4mbed3I2C4readEiPcib)
    i._ZN4mbed3I2C5writeEiPKcib              0x00002832   Section        0  I2C.o(i._ZN4mbed3I2C5writeEiPKcib)
    i._ZN4mbed3I2C6aquireEv                  0x00002858   Section        0  I2C.o(i._ZN4mbed3I2C6aquireEv)
    i._ZN4mbed3I2CC1E7PinNameS1_             0x00002874   Section        0  I2C.o(i._ZN4mbed3I2CC1E7PinNameS1_)
    i._ZN4mbed6PwmOutC1E7PinName             0x00002890   Section        0  main.o(i._ZN4mbed6PwmOutC1E7PinName)
    i._ZN4mbed6PwmOutaSEf                    0x000028a2   Section        0  main.o(i._ZN4mbed6PwmOutaSEf)
    i._ZN4mbed8FileBase11getPathTypeEv       0x000028b8   Section        0  FileBase.o(i._ZN4mbed8FileBase11getPathTypeEv)
    i._ZN4mbed8FileBase6lookupEPKcj          0x000028bc   Section        0  FileBase.o(i._ZN4mbed8FileBase6lookupEPKcj)
    i._ZN4mbed8FilePath10fileSystemEv        0x000028f8   Section        0  FilePath.o(i._ZN4mbed8FilePath10fileSystemEv)
    i._ZN4mbed8FilePath12isFileSystemEv      0x00002908   Section        0  FilePath.o(i._ZN4mbed8FilePath12isFileSystemEv)
    i._ZN4mbed8FilePath4fileEv               0x00002918   Section        0  FilePath.o(i._ZN4mbed8FilePath4fileEv)
    i._ZN4mbed8FilePath6isFileEv             0x0000292e   Section        0  FilePath.o(i._ZN4mbed8FilePath6isFileEv)
    i._ZN4mbed8FilePath8fileNameEv           0x00002942   Section        0  FilePath.o(i._ZN4mbed8FilePath8fileNameEv)
    i._ZN4mbed8FilePathC1EPKc                0x00002946   Section        0  FilePath.o(i._ZN4mbed8FilePathC1EPKc)
    i._ZSt3absf                              0x00002992   Section        0  main.o(i._ZSt3absf)
    i.__user_setup_stackheap                 0x0000299c   Section        0  sys.o(i.__user_setup_stackheap)
    i._sys_close                             0x000029ac   Section        0  stdio.o(i._sys_close)
    i._sys_flen                              0x000029d8   Section        0  stdio.o(i._sys_flen)
    i._sys_istty                             0x00002a00   Section        0  stdio.o(i._sys_istty)
    i._sys_open                              0x00002a28   Section        0  stdio.o(i._sys_open)
    i._sys_seek                              0x00002b20   Section        0  stdio.o(i._sys_seek)
    i._sys_write                             0x00002b48   Section        0  stdio.o(i._sys_write)
    i.exit                                   0x00002ba0   Section        0  exit.o(i.exit)
    i.fputc                                  0x00002bb8   Section        0  fputc.o(i.fputc)
    i.gpio_dir                               0x00002bd6   Section        0  gpio_api.o(i.gpio_dir)
    i.gpio_init                              0x00002bf4   Section        0  gpio_api.o(i.gpio_init)
    i.gpio_set                               0x00002c44   Section        0  gpio_api.o(i.gpio_set)
    i.gpio_write                             0x00002c58   Section        0  board.o(i.gpio_write)
    gpio_write                               0x00002c59   Thumb Code    16  board.o(i.gpio_write)
    i.i2c_do_read                            0x00002c68   Section        0  i2c_api.o(i.i2c_do_read)
    i2c_do_read                              0x00002c69   Thumb Code    48  i2c_api.o(i.i2c_do_read)
    i.i2c_do_write                           0x00002c98   Section        0  i2c_api.o(i.i2c_do_write)
    i2c_do_write                             0x00002c99   Thumb Code    30  i2c_api.o(i.i2c_do_write)
    i.i2c_frequency                          0x00002cb8   Section        0  i2c_api.o(i.i2c_frequency)
    i.i2c_init                               0x00002d20   Section        0  i2c_api.o(i.i2c_init)
    i.i2c_read                               0x00002de0   Section        0  i2c_api.o(i.i2c_read)
    i.i2c_start                              0x00002e6a   Section        0  i2c_api.o(i.i2c_start)
    i.i2c_stop                               0x00002e92   Section        0  i2c_api.o(i.i2c_stop)
    i.i2c_write                              0x00002eb4   Section        0  i2c_api.o(i.i2c_write)
    i.mbed_die                               0x00002f0c   Section        0  board.o(i.mbed_die)
    i.mbed_interface_connected               0x00002f3c   Section        0  mbed_interface.o(i.mbed_interface_connected)
    i.pin_function                           0x00002f44   Section        0  pinmap.o(i.pin_function)
    i.pin_mode                               0x00002f84   Section        0  pinmap.o(i.pin_mode)
    i.pinmap_merge                           0x00002f9c   Section        0  pinmap_common.o(i.pinmap_merge)
    i.pinmap_peripheral                      0x00002fd4   Section        0  pinmap_common.o(i.pinmap_peripheral)
    i.pinmap_pinout                          0x00003020   Section        0  pinmap_common.o(i.pinmap_pinout)
    i.pwmout_init                            0x00003070   Section        0  pwmout_api.o(i.pwmout_init)
    i.pwmout_period_ms                       0x000030f4   Section        0  pwmout_api.o(i.pwmout_period_ms)
    i.pwmout_period_us                       0x00003104   Section        0  pwmout_api.o(i.pwmout_period_us)
    i.pwmout_read                            0x00003134   Section        0  pwmout_api.o(i.pwmout_read)
    i.pwmout_write                           0x0000316c   Section        0  pwmout_api.o(i.pwmout_write)
    i.semihost_connected                     0x000031a8   Section        0  semihost_api.o(i.semihost_connected)
    i.semihost_exit                          0x000031b4   Section        0  semihost_api.o(i.semihost_exit)
    i.serial_baud                            0x000031c0   Section        0  serial_api.o(i.serial_baud)
    i.serial_format                          0x00003214   Section        0  serial_api.o(i.serial_format)
    i.serial_init                            0x00003388   Section        0  serial_api.o(i.serial_init)
    i.serial_putc                            0x000034c0   Section        0  serial_api.o(i.serial_putc)
    i.serial_writable                        0x000034d6   Section        0  serial_api.o(i.serial_writable)
    i.us_ticker_read                         0x000034f0   Section        0  us_ticker_api.o(i.us_ticker_read)
    i.wait                                   0x0000354c   Section        0  wait_api.o(i.wait)
    i.wait_ms                                0x00003568   Section        0  wait_api.o(i.wait_ms)
    i.wait_us                                0x00003576   Section        0  wait_api.o(i.wait_us)
    locale$$code                             0x0000358c   Section       44  lc_ctype_c.o(locale$$code)
    x$fpl$fmul                               0x000035b8   Section      176  fmul.o(x$fpl$fmul)
    .constdata                               0x00003668   Section      216  pwmout_api.o(.constdata)
    PinMap_PWM                               0x00003668   Data         216  pwmout_api.o(.constdata)
    .constdata                               0x00003740   Section       23  stdio.o(.constdata)
    .constdata                               0x00003758   Section      400  i2c_api.o(.constdata)
    PinMap_I2C_SDA                           0x00003758   Data          72  i2c_api.o(.constdata)
    PinMap_I2C_SCL                           0x000037a0   Data          72  i2c_api.o(.constdata)
    .constdata                               0x000038e8   Section      120  serial_api.o(.constdata)
    PinMap_UART_TX                           0x000038e8   Data          60  serial_api.o(.constdata)
    PinMap_UART_RX                           0x00003924   Data          60  serial_api.o(.constdata)
    .constdata                               0x00003960   Section      128  ddiv.o(.constdata)
    ddiv_reciptbl                            0x00003960   Data         128  ddiv.o(.constdata)
    .constdata                               0x000039e0   Section       64  fdiv.o(.constdata)
    fdiv_tab                                 0x000039e0   Data          64  fdiv.o(.constdata)
    locale$$data                             0x00003a40   Section      272  lc_ctype_c.o(locale$$data)
    __lcctype_c_name                         0x00003a44   Data           2  lc_ctype_c.o(locale$$data)
    __lcctype_c_start                        0x00003a4c   Data           0  lc_ctype_c.o(locale$$data)
    __lcctype_c_end                          0x00003b50   Data           0  lc_ctype_c.o(locale$$data)
    .data                                    0x1ffff0c0   Section        4  I2C.o(.data)
    .data                                    0x1ffff0c4   Section       16  serial_api.o(.data)
    irq_handler                              0x1ffff0c8   Data           4  serial_api.o(.data)
    .data                                    0x1ffff0d4   Section       24  us_ticker_api.o(.data)
    us_ticker_int_counter                    0x1ffff0d4   Data           2  us_ticker_api.o(.data)
    us_ticker_int_remainder                  0x1ffff0d6   Data           2  us_ticker_api.o(.data)
    us_ticker_interrupt_handler              0x1ffff0d8   Data           4  us_ticker_api.o(.data)
    lptmr_inited                             0x1ffff0dc   Data           4  us_ticker_api.o(.data)
    us_ticker_running                        0x1ffff0e0   Data           4  us_ticker_api.o(.data)
    head                                     0x1ffff0e4   Data           4  us_ticker_api.o(.data)
    event_handler                            0x1ffff0e8   Data           4  us_ticker_api.o(.data)
    .data                                    0x1ffff0ec   Section        4  FileBase.o(.data)
    .data                                    0x1ffff0f0   Section        4  semihost_api.o(.data)
    is_debugger_attached                     0x1ffff0f0   Data           4  semihost_api.o(.data)
    .data                                    0x1ffff0f4   Section        4  stdio_streams.o(.data)
    .data                                    0x1ffff0f8   Section        4  stdio_streams.o(.data)
    .data                                    0x1ffff0fc   Section        4  stdio_streams.o(.data)
    .data                                    0x1ffff100   Section        4  heapauxa.o(.data)
    __rt_heap_escrow_base                    0x1ffff100   Data           4  heapauxa.o(.data)
    .bss                                     0x1ffff104   Section       64  stdio.o(.bss)
    filehandles                              0x1ffff104   Data          64  stdio.o(.bss)
    .bss                                     0x1ffff144   Section       84  stdio_streams.o(.bss)
    .bss                                     0x1ffff198   Section       84  stdio_streams.o(.bss)
    .bss                                     0x1ffff1ec   Section       84  stdio_streams.o(.bss)
    .bss                                     0x1ffff240   Section        4  rt_heap_descriptor.o(.bss)
    __rt_heap_descriptor_data                0x1ffff240   Data           4  rt_heap_descriptor.o(.bss)
    .bss                                     0x1ffff244   Section       20  rt_locale.o(.bss)
    __rt_locale_data                         0x1ffff244   Data          20  rt_locale.o(.bss)
    .bss                                     0x1ffff258   Section        4  rt_errno_addr.o(.bss)
    __aeabi_errno_addr_data                  0x1ffff258   Data           4  rt_errno_addr.o(.bss)

    Global Symbols

    Symbol Name                              Value     Ov Type        Size  Object(Section)

    BuildAttributes$$THM_ISAv3M$S$PE$A:L22$X:L11$S22$IEEE1$IW$USESV6$~STKCKD$USESV7$~SHL$OTIME$ROPI$EBA8$UX$STANDARDLIB$REQ8$PRES8$EABIv2 0x00000000   Number         0  anon$$obj.o ABSOLUTE
    __ARM_use_no_argv                        0x00000000   Number         0  main.o ABSOLUTE
    __Vectors                                0x00000000   Data           4  startup_MKL25Z4.o(RESET)
    SHT$$ARM_EXIDX$$Base                      - Undefined Reference
    SHT$$ARM_EXIDX$$Limit                     - Undefined Reference
    __ARM::default_unexpected_handler()       - Undefined Weak Reference
    __ARM_exceptions_buffer_required          - Undefined Weak Reference
    __ARM_exceptions_init                     - Undefined Weak Reference
    __aeabi_unwind_cpp_pr1                    - Undefined Weak Reference
    __aeabi_unwind_cpp_pr2                    - Undefined Weak Reference
    __alloca_initialize                       - Undefined Weak Reference
    __arm_preinit_                            - Undefined Weak Reference
    __cpp_initialize__aeabi_                  - Undefined Weak Reference
    __cxa_begin_cleanup                       - Undefined Weak Reference
    __cxa_finalize                            - Undefined Weak Reference
    __cxa_type_match                          - Undefined Weak Reference
    __rt_lib_shutdown                         - Undefined Weak Reference
    __sigvec_lookup                           - Undefined Weak Reference
    __user_heap_extent                        - Undefined Weak Reference
    _atexit_init                              - Undefined Weak Reference
    _clock_init                               - Undefined Weak Reference
    _fp_trap_init                             - Undefined Weak Reference
    _fp_trap_shutdown                         - Undefined Weak Reference
    _get_lc_collate                           - Undefined Weak Reference
    _get_lc_monetary                          - Undefined Weak Reference
    _get_lc_numeric                           - Undefined Weak Reference
    _get_lc_time                              - Undefined Weak Reference
    _getenv_init                              - Undefined Weak Reference
    _handle_redirection                       - Undefined Weak Reference
    _mutex_acquire                            - Undefined Weak Reference
    _mutex_free                               - Undefined Weak Reference
    _mutex_release                            - Undefined Weak Reference
    _printf_post_padding                      - Undefined Weak Reference
    _printf_pre_padding                       - Undefined Weak Reference
    _printf_truncate_signed                   - Undefined Weak Reference
    _printf_truncate_unsigned                 - Undefined Weak Reference
    _rand_init                                - Undefined Weak Reference
    _scanf_longlong                           - Undefined Weak Reference
    _scanf_mbtowc                             - Undefined Weak Reference
    _scanf_real                               - Undefined Weak Reference
    _scanf_string                             - Undefined Weak Reference
    _scanf_wctomb                             - Undefined Weak Reference
    _scanf_wstring                            - Undefined Weak Reference
    _signal_finish                            - Undefined Weak Reference
    _signal_init                              - Undefined Weak Reference
    __Vectors_End                            0x000000c0   Data           0  startup_MKL25Z4.o(RESET)
    __Vectors_Size                           0x000000c0   Number         0  startup_MKL25Z4.o ABSOLUTE
    __main                                   0x000000c1   Thumb Code     8  __main.o(!!!main)
    __scatterload                            0x000000c9   Thumb Code     0  __scatter.o(!!!scatter)
    __scatterload_rt2                        0x000000c9   Thumb Code    52  __scatter.o(!!!scatter)
    __scatterload_rt2_thumb_only             0x000000c9   Thumb Code     0  __scatter.o(!!!scatter)
    __scatterload_null                       0x000000d9   Thumb Code     0  __scatter.o(!!!scatter)
    __scatterload_copy                       0x00000105   Thumb Code    26  __scatter_copy.o(!!handler_copy)
    __scatterload_zeroinit                   0x00000121   Thumb Code    28  __scatter_zi.o(!!handler_zi)
    _printf_percent                          0x0000013d   Thumb Code     0  _printf_percent.o(.ARM.Collect$$_printf_percent$$00000000)
    _printf_d                                0x0000013f   Thumb Code     0  _printf_d.o(.ARM.Collect$$_printf_percent$$00000009)
    _printf_percent_end                      0x00000149   Thumb Code     0  _printf_percent_end.o(.ARM.Collect$$_printf_percent$$00000017)
    __rt_lib_init                            0x0000014d   Thumb Code     0  libinit.o(.ARM.Collect$$libinit$$00000000)
    __rt_lib_init_fp_1                       0x0000014f   Thumb Code     0  libinit2.o(.ARM.Collect$$libinit$$00000002)
    __rt_lib_init_heap_2                     0x0000014f   Thumb Code     0  libinit2.o(.ARM.Collect$$libinit$$00000005)
    __rt_lib_init_preinit_1                  0x0000014f   Thumb Code     0  libinit2.o(.ARM.Collect$$libinit$$00000004)
    __rt_lib_init_heap_1                     0x00000157   Thumb Code     0  libinit2.o(.ARM.Collect$$libinit$$0000000A)
    __rt_lib_init_lc_common                  0x00000157   Thumb Code     0  libinit2.o(.ARM.Collect$$libinit$$0000000F)
    __rt_lib_init_rand_1                     0x00000157   Thumb Code     0  libinit2.o(.ARM.Collect$$libinit$$0000000E)
    __rt_lib_init_user_alloc_1               0x00000157   Thumb Code     0  libinit2.o(.ARM.Collect$$libinit$$0000000C)
    __rt_lib_init_lc_collate_1               0x0000015d   Thumb Code     0  libinit2.o(.ARM.Collect$$libinit$$00000011)
    __rt_lib_init_lc_ctype_2                 0x0000015d   Thumb Code     0  libinit2.o(.ARM.Collect$$libinit$$00000012)
    __rt_lib_init_atexit_1                   0x00000169   Thumb Code     0  libinit2.o(.ARM.Collect$$libinit$$0000001B)
    __rt_lib_init_clock_1                    0x00000169   Thumb Code     0  libinit2.o(.ARM.Collect$$libinit$$00000021)
    __rt_lib_init_fp_trap_1                  0x00000169   Thumb Code     0  libinit2.o(.ARM.Collect$$libinit$$0000001F)
    __rt_lib_init_getenv_1                   0x00000169   Thumb Code     0  libinit2.o(.ARM.Collect$$libinit$$00000023)
    __rt_lib_init_lc_ctype_1                 0x00000169   Thumb Code     0  libinit2.o(.ARM.Collect$$libinit$$00000013)
    __rt_lib_init_lc_monetary_1              0x00000169   Thumb Code     0  libinit2.o(.ARM.Collect$$libinit$$00000015)
    __rt_lib_init_lc_numeric_1               0x00000169   Thumb Code     0  libinit2.o(.ARM.Collect$$libinit$$00000017)
    __rt_lib_init_lc_time_1                  0x00000169   Thumb Code     0  libinit2.o(.ARM.Collect$$libinit$$00000019)
    __rt_lib_init_signal_1                   0x00000169   Thumb Code     0  libinit2.o(.ARM.Collect$$libinit$$0000001D)
    __rt_lib_init_stdio_2                    0x00000169   Thumb Code     0  libinit2.o(.ARM.Collect$$libinit$$00000024)
    __rt_lib_init_alloca_1                   0x0000016d   Thumb Code     0  libinit2.o(.ARM.Collect$$libinit$$0000002E)
    __rt_lib_init_argv_1                     0x0000016d   Thumb Code     0  libinit2.o(.ARM.Collect$$libinit$$0000002C)
    __rt_lib_init_cpp_1                      0x0000016d   Thumb Code     0  libinit2.o(.ARM.Collect$$libinit$$00000032)
    __rt_lib_init_exceptions_1               0x0000016d   Thumb Code     0  libinit2.o(.ARM.Collect$$libinit$$00000030)
    __rt_lib_init_return                     0x0000016d   Thumb Code     0  libinit2.o(.ARM.Collect$$libinit$$00000033)
    __rt_lib_init_stdio_1                    0x0000016d   Thumb Code     0  libinit2.o(.ARM.Collect$$libinit$$00000025)
    __rt_entry                               0x0000016f   Thumb Code     0  __rtentry.o(.ARM.Collect$$rtentry$$00000000)
    __rt_entry_presh_1                       0x0000016f   Thumb Code     0  __rtentry2.o(.ARM.Collect$$rtentry$$00000002)
    __rt_entry_sh                            0x0000016f   Thumb Code     0  __rtentry4.o(.ARM.Collect$$rtentry$$00000004)
    __rt_lib_shutdown_stdio_2                0x0000016f   Thumb Code     0  libshutdown2.o(.ARM.Collect$$libshutdown$$00000004)
    __rt_entry_li                            0x00000175   Thumb Code     0  __rtentry2.o(.ARM.Collect$$rtentry$$0000000A)
    __rt_entry_postsh_1                      0x00000175   Thumb Code     0  __rtentry2.o(.ARM.Collect$$rtentry$$00000009)
    __rt_entry_main                          0x00000179   Thumb Code     0  __rtentry2.o(.ARM.Collect$$rtentry$$0000000D)
    __rt_entry_postli_1                      0x00000179   Thumb Code     0  __rtentry2.o(.ARM.Collect$$rtentry$$0000000C)
    _maybe_terminate_alloc                   0x00000181   Thumb Code     0  maybetermalloc1.o(.emb_text)
    main                                     0x00000181   Thumb Code   184  main.o(.text)
    MMA8451Q::writeRegs(unsigned char*, int) 0x0000024d   Thumb Code    26  mma8451q.o(.text)
    MMA8451Q::MMA8451Q(PinName, PinName, int) 0x00000267   Thumb Code    44  mma8451q.o(.text)
    MMA8451Q::MMA8451Q__sub_object(PinName, PinName, int) 0x00000267   Thumb Code     0  mma8451q.o(.text)
    MMA8451Q::~MMA8451Q()                    0x00000293   Thumb Code     2  mma8451q.o(.text)
    MMA8451Q::~MMA8451Q__sub_object()        0x00000293   Thumb Code     0  mma8451q.o(.text)
    MMA8451Q::readRegs(int, unsigned char*, int) 0x00000295   Thumb Code    48  mma8451q.o(.text)
    MMA8451Q::getWhoAmI()                    0x000002c5   Thumb Code    26  mma8451q.o(.text)
    MMA8451Q::getAccAxis(unsigned char)      0x000002df   Thumb Code    48  mma8451q.o(.text)
    MMA8451Q::getAccX()                      0x0000030f   Thumb Code    42  mma8451q.o(.text)
    MMA8451Q::getAccY()                      0x00000339   Thumb Code    42  mma8451q.o(.text)
    MMA8451Q::getAccZ()                      0x00000363   Thumb Code    42  mma8451q.o(.text)
    MMA8451Q::getAccAllAxis(float*)          0x0000038d   Thumb Code    32  mma8451q.o(.text)
    Reset_Handler                            0x000003bd   Thumb Code     8  startup_MKL25Z4.o(.text)
    NMI_Handler                              0x000003c5   Thumb Code     2  startup_MKL25Z4.o(.text)
    HardFault_Handler                        0x000003c7   Thumb Code     2  startup_MKL25Z4.o(.text)
    SVC_Handler                              0x000003c9   Thumb Code     2  startup_MKL25Z4.o(.text)
    PendSV_Handler                           0x000003cb   Thumb Code     2  startup_MKL25Z4.o(.text)
    SysTick_Handler                          0x000003cd   Thumb Code     2  startup_MKL25Z4.o(.text)
    ADC0_IRQHandler                          0x000003cf   Thumb Code     0  startup_MKL25Z4.o(.text)
    CMP0_IRQHandler                          0x000003cf   Thumb Code     0  startup_MKL25Z4.o(.text)
    DAC0_IRQHandler                          0x000003cf   Thumb Code     0  startup_MKL25Z4.o(.text)
    DMA0_IRQHandler                          0x000003cf   Thumb Code     0  startup_MKL25Z4.o(.text)
    DMA1_IRQHandler                          0x000003cf   Thumb Code     0  startup_MKL25Z4.o(.text)
    DMA2_IRQHandler                          0x000003cf   Thumb Code     0  startup_MKL25Z4.o(.text)
    DMA3_IRQHandler                          0x000003cf   Thumb Code     0  startup_MKL25Z4.o(.text)
    DefaultISR                               0x000003cf   Thumb Code     0  startup_MKL25Z4.o(.text)
    FTFA_IRQHandler                          0x000003cf   Thumb Code     0  startup_MKL25Z4.o(.text)
    I2C0_IRQHandler                          0x000003cf   Thumb Code     0  startup_MKL25Z4.o(.text)
    I2C1_IRQHandler                          0x000003cf   Thumb Code     0  startup_MKL25Z4.o(.text)
    LLW_IRQHandler                           0x000003cf   Thumb Code     0  startup_MKL25Z4.o(.text)
    LPTimer_IRQHandler                       0x000003cf   Thumb Code     0  startup_MKL25Z4.o(.text)
    LVD_LVW_IRQHandler                       0x000003cf   Thumb Code     0  startup_MKL25Z4.o(.text)
    MCG_IRQHandler                           0x000003cf   Thumb Code     0  startup_MKL25Z4.o(.text)
    PIT_IRQHandler                           0x000003cf   Thumb Code     0  startup_MKL25Z4.o(.text)
    PORTA_IRQHandler                         0x000003cf   Thumb Code     0  startup_MKL25Z4.o(.text)
    PORTD_IRQHandler                         0x000003cf   Thumb Code     0  startup_MKL25Z4.o(.text)
    RTC_IRQHandler                           0x000003cf   Thumb Code     0  startup_MKL25Z4.o(.text)
    RTC_Seconds_IRQHandler                   0x000003cf   Thumb Code     0  startup_MKL25Z4.o(.text)
    Reserved20_IRQHandler                    0x000003cf   Thumb Code     0  startup_MKL25Z4.o(.text)
    Reserved39_IRQHandler                    0x000003cf   Thumb Code     0  startup_MKL25Z4.o(.text)
    Reserved45_IRQHandler                    0x000003cf   Thumb Code     0  startup_MKL25Z4.o(.text)
    SPI0_IRQHandler                          0x000003cf   Thumb Code     0  startup_MKL25Z4.o(.text)
    SPI1_IRQHandler                          0x000003cf   Thumb Code     0  startup_MKL25Z4.o(.text)
    TPM0_IRQHandler                          0x000003cf   Thumb Code     0  startup_MKL25Z4.o(.text)
    TPM1_IRQHandler                          0x000003cf   Thumb Code     0  startup_MKL25Z4.o(.text)
    TPM2_IRQHandler                          0x000003cf   Thumb Code     0  startup_MKL25Z4.o(.text)
    TSI0_IRQHandler                          0x000003cf   Thumb Code     0  startup_MKL25Z4.o(.text)
    UART0_IRQHandler                         0x000003cf   Thumb Code     0  startup_MKL25Z4.o(.text)
    UART1_IRQHandler                         0x000003cf   Thumb Code     0  startup_MKL25Z4.o(.text)
    UART2_IRQHandler                         0x000003cf   Thumb Code     0  startup_MKL25Z4.o(.text)
    USB0_IRQHandler                          0x000003cf   Thumb Code     0  startup_MKL25Z4.o(.text)
    __2fprintf                               0x000003d9   Thumb Code    22  noretval__2fprintf.o(.text)
    __rt_heap_descriptor                     0x000003f1   Thumb Code     8  rt_heap_descriptor.o(.text)
    __use_no_heap                            0x000003f9   Thumb Code     2  hguard.o(.text)
    __heap$guard                             0x000003fb   Thumb Code     2  hguard.o(.text)
    __I$use$semihosting                      0x000003fd   Thumb Code     0  use_no_semi.o(.text)
    __use_no_semihosting_swi                 0x000003fd   Thumb Code     2  use_no_semi.o(.text)
    __I$use$fp                               0x000003fe   Number         0  usenofp.o(x$fpl$usenofp)
    __semihosting_library_function           0x000003ff   Thumb Code     0  indicate_semi.o(.text)
    __aeabi_uldivmod                         0x00000411   Thumb Code   258  lludiv.o(.text)
    _ll_udiv                                 0x00000411   Thumb Code     0  lludiv.o(.text)
    __printf                                 0x00000513   Thumb Code   108  __printf.o(.text)
    _printf_int_dec                          0x00000581   Thumb Code    90  _printf_dec.o(.text)
    __0sscanf                                0x000005ed   Thumb Code    54  __0sscanf.o(.text)
    _scanf_int                               0x0000062d   Thumb Code   330  _scanf_int.o(.text)
    strlen                                   0x00000779   Thumb Code    62  strlen.o(.text)
    strncmp                                  0x000007bd   Thumb Code   154  strncmp.o(.text)
    strcmp                                   0x0000085d   Thumb Code   132  strcmp.o(.text)
    __aeabi_uidiv                            0x000008e5   Thumb Code     0  aeabi_sdiv.o(.text)
    __aeabi_uidivmod                         0x000008e5   Thumb Code    20  aeabi_sdiv.o(.text)
    __aeabi_idiv                             0x000008f9   Thumb Code     0  aeabi_sdiv.o(.text)
    __aeabi_idivmod                          0x000008f9   Thumb Code   326  aeabi_sdiv.o(.text)
    __aeabi_d2f                              0x00000a41   Thumb Code     0  d2f.o(.text)
    _d2f                                     0x00000a41   Thumb Code   120  d2f.o(.text)
    __aeabi_dadd                             0x00000db5   Thumb Code     0  daddsub.o(.text)
    _dadd                                    0x00000db5   Thumb Code    26  daddsub.o(.text)
    __aeabi_dsub                             0x00000dcf   Thumb Code     0  daddsub.o(.text)
    _dsub                                    0x00000dcf   Thumb Code    22  daddsub.o(.text)
    __aeabi_drsub                            0x00000de5   Thumb Code     0  daddsub.o(.text)
    _drsb                                    0x00000de5   Thumb Code    28  daddsub.o(.text)
    __aeabi_ddiv                             0x00000e15   Thumb Code     0  ddiv.o(.text)
    _ddiv                                    0x00000e15   Thumb Code  1072  ddiv.o(.text)
    _drdiv                                   0x00001245   Thumb Code    20  ddiv.o(.text)
    __aeabi_d2iz                             0x0000125d   Thumb Code     0  dfixi.o(.text)
    _dfix                                    0x0000125d   Thumb Code    98  dfixi.o(.text)
    __aeabi_d2uiz                            0x000012c9   Thumb Code     0  dfixui.o(.text)
    _dfixu                                   0x000012c9   Thumb Code    68  dfixui.o(.text)
    __aeabi_i2d_normalise                    0x00001311   Thumb Code    66  dflti.o(.text)
    __aeabi_i2d                              0x00001353   Thumb Code    16  dflti.o(.text)
    _dflt                                    0x00001353   Thumb Code     0  dflti.o(.text)
    __aeabi_ui2d                             0x00001363   Thumb Code     6  dflti.o(.text)
    _dfltu                                   0x00001363   Thumb Code     0  dflti.o(.text)
    __aeabi_dmul                             0x00001369   Thumb Code     0  dmul.o(.text)
    _dmul                                    0x00001369   Thumb Code   558  dmul.o(.text)
    __aeabi_f2d                              0x000015b1   Thumb Code     0  f2d.o(.text)
    _f2d                                     0x000015b1   Thumb Code    80  f2d.o(.text)
    __aeabi_fdiv                             0x00001605   Thumb Code     0  fdiv.o(.text)
    _fdiv                                    0x00001605   Thumb Code   334  fdiv.o(.text)
    _frdiv                                   0x00001753   Thumb Code     8  fdiv.o(.text)
    __aeabi_f2uiz                            0x00001765   Thumb Code     0  ffixui.o(.text)
    _ffixu                                   0x00001765   Thumb Code    48  ffixui.o(.text)
    __aeabi_i2f_normalise                    0x00001795   Thumb Code    72  fflti.o(.text)
    __aeabi_i2f                              0x000017dd   Thumb Code    16  fflti.o(.text)
    _fflt                                    0x000017dd   Thumb Code     0  fflti.o(.text)
    __aeabi_ui2f                             0x000017ed   Thumb Code     6  fflti.o(.text)
    _ffltu                                   0x000017ed   Thumb Code     0  fflti.o(.text)
    malloc                                   0x000017f3   Thumb Code    98  h1_alloc.o(.text)
    free                                     0x00001855   Thumb Code    76  h1_free.o(.text)
    _printf_int_common                       0x000018a1   Thumb Code   176  _printf_intcommon.o(.text)
    _printf_char_file                        0x00001951   Thumb Code    34  _printf_char_file.o(.text)
    _chval                                   0x00001979   Thumb Code    30  _chval.o(.text)
    __vfscanf_char                           0x000019a5   Thumb Code    28  scanf_char.o(.text)
    _sgetc                                   0x000019c9   Thumb Code    32  _sgetc.o(.text)
    _sbackspace                              0x000019e9   Thumb Code    36  _sgetc.o(.text)
    _initio                                  0x00001a0d   Thumb Code   216  initio.o(.text)
    _terminateio                             0x00001ae5   Thumb Code    56  initio.o(.text)
    _memset_w                                0x00001b49   Thumb Code    26  rt_memclr.o(.text)
    _memset                                  0x00001b63   Thumb Code    30  rt_memclr.o(.text)
    __aeabi_memclr                           0x00001b81   Thumb Code     4  rt_memclr.o(.text)
    __rt_memclr                              0x00001b81   Thumb Code     0  rt_memclr.o(.text)
    __aeabi_memclr4                          0x00001b85   Thumb Code     0  rt_memclr.o(.text)
    __aeabi_memclr8                          0x00001b85   Thumb Code     0  rt_memclr.o(.text)
    __rt_memclr_w                            0x00001b85   Thumb Code     4  rt_memclr.o(.text)
    __rt_udiv10                              0x00001b89   Thumb Code    40  rtudiv10.o(.text)
    _terminate_user_alloc                    0x00001bb1   Thumb Code     2  init_alloc.o(.text)
    _init_user_alloc                         0x00001bb3   Thumb Code     2  init_alloc.o(.text)
    __Heap_Full                              0x00001bb5   Thumb Code    32  init_alloc.o(.text)
    __Heap_Broken                            0x00001bd5   Thumb Code    10  init_alloc.o(.text)
    _init_alloc                              0x00001bdf   Thumb Code    90  init_alloc.o(.text)
    __Heap_Initialize                        0x00001c39   Thumb Code    10  h1_init.o(.text)
    __Heap_DescSize                          0x00001c43   Thumb Code     4  h1_init.o(.text)
    isspace                                  0x00001c47   Thumb Code    18  isspace.o(.text)
    _printf_char_common                      0x00001c63   Thumb Code    32  _printf_char_common.o(.text)
    __vfscanf                                0x00001c89   Thumb Code   880  _scanf.o(.text)
    ferror                                   0x00002009   Thumb Code     8  ferror.o(.text)
    setvbuf                                  0x00002011   Thumb Code    72  setvbuf.o(.text)
    freopen                                  0x0000205d   Thumb Code   148  fopen.o(.text)
    fopen                                    0x000020f1   Thumb Code    76  fopen.o(.text)
    _fclose_internal                         0x00002145   Thumb Code    72  fclose.o(.text)
    fclose                                   0x00002145   Thumb Code     0  fclose.o(.text)
    __sig_exit                               0x00002191   Thumb Code    12  defsig_exit.o(.text)
    __rt_SIGRTRED                            0x0000219d   Thumb Code    12  defsig_rtred_outer.o(.text)
    _sys_exit                                0x000021a9   Thumb Code     8  sys_exit.o(.text)
    __rt_ctype_table                         0x000021b5   Thumb Code    16  rt_ctype_table.o(.text)
    __Heap_ProvideMemory                     0x000021c5   Thumb Code    52  h1_extend.o(.text)
    __flsbuf                                 0x000021f9   Thumb Code   486  flsbuf.o(.text)
    __flsbuf_byte                            0x000021f9   Thumb Code     0  flsbuf.o(.text)
    __flsbuf_wide                            0x000021f9   Thumb Code     0  flsbuf.o(.text)
    _fseek                                   0x000023e9   Thumb Code   240  fseek.o(.text)
    fseek                                    0x000023e9   Thumb Code     0  fseek.o(.text)
    _seterr                                  0x000024dd   Thumb Code    20  stdio.o(.text)
    _writebuf                                0x000024f1   Thumb Code    76  stdio.o(.text)
    _fflush                                  0x0000253d   Thumb Code    76  stdio.o(.text)
    _deferredlazyseek                        0x00002589   Thumb Code    60  stdio.o(.text)
    __default_signal_display                 0x000025cd   Thumb Code    52  defsig_general.o(.text)
    __rt_SIGRTRED_inner                      0x00002601   Thumb Code    14  defsig_rtred_inner.o(.text)
    __rt_SIGRTMEM                            0x00002635   Thumb Code    12  defsig_rtmem_outer.o(.text)
    __rt_heap_escrow                         0x00002641   Thumb Code    24  heapauxa.o(.text)
    __rt_heap_expand                         0x00002659   Thumb Code    52  heapauxa.o(.text)
    _ttywrch                                 0x00002691   Thumb Code    12  sys_wrch.o(.text)
    __rt_locale                              0x0000269d   Thumb Code     8  rt_locale.o(.text)
    _ftell_internal                          0x000026a5   Thumb Code    66  ftell.o(.text)
    ftell                                    0x000026a5   Thumb Code     0  ftell.o(.text)
    __rt_SIGRTMEM_inner                      0x000026e9   Thumb Code    22  defsig_rtmem_inner.o(.text)
    __aeabi_errno_addr                       0x00002739   Thumb Code     8  rt_errno_addr.o(.text)
    __errno                                  0x00002739   Thumb Code     0  rt_errno_addr.o(.text)
    __rt_errno_addr                          0x00002739   Thumb Code     0  rt_errno_addr.o(.text)
    SystemInit                               0x00002741   Thumb Code   122  system_MKL25Z4.o(i.SystemInit)
    mbed::I2C::read(int, char*, int, bool)   0x0000280d   Thumb Code    38  I2C.o(i._ZN4mbed3I2C4readEiPcib)
    mbed::I2C::write(int, const char*, int, bool) 0x00002833   Thumb Code    38  I2C.o(i._ZN4mbed3I2C5writeEiPKcib)
    mbed::I2C::aquire()                      0x00002859   Thumb Code    24  I2C.o(i._ZN4mbed3I2C6aquireEv)
    mbed::I2C::I2C(PinName, PinName)         0x00002875   Thumb Code    20  I2C.o(i._ZN4mbed3I2CC1E7PinNameS1_)
    mbed::I2C::I2C__sub_object(PinName, PinName) 0x00002875   Thumb Code     0  I2C.o(i._ZN4mbed3I2CC1E7PinNameS1_)
    mbed::PwmOut::PwmOut(PinName)            0x00002891   Thumb Code    18  main.o(i._ZN4mbed6PwmOutC1E7PinName)
    mbed::PwmOut::PwmOut__sub_object(PinName) 0x00002891   Thumb Code     0  main.o(i._ZN4mbed6PwmOutC1E7PinName)
    mbed::PwmOut::operator =(float)          0x000028a3   Thumb Code    22  main.o(i._ZN4mbed6PwmOutaSEf)
    mbed::FileBase::getPathType()            0x000028b9   Thumb Code     4  FileBase.o(i._ZN4mbed8FileBase11getPathTypeEv)
    mbed::FileBase::lookup(const char*, unsigned) 0x000028bd   Thumb Code    54  FileBase.o(i._ZN4mbed8FileBase6lookupEPKcj)
    mbed::FilePath::fileSystem()             0x000028f9   Thumb Code    16  FilePath.o(i._ZN4mbed8FilePath10fileSystemEv)
    mbed::FilePath::isFileSystem()           0x00002909   Thumb Code    16  FilePath.o(i._ZN4mbed8FilePath12isFileSystemEv)
    mbed::FilePath::file()                   0x00002919   Thumb Code    22  FilePath.o(i._ZN4mbed8FilePath4fileEv)
    mbed::FilePath::isFile()                 0x0000292f   Thumb Code    20  FilePath.o(i._ZN4mbed8FilePath6isFileEv)
    mbed::FilePath::fileName()               0x00002943   Thumb Code     4  FilePath.o(i._ZN4mbed8FilePath8fileNameEv)
    mbed::FilePath::FilePath(const char*)    0x00002947   Thumb Code    76  FilePath.o(i._ZN4mbed8FilePathC1EPKc)
    mbed::FilePath::FilePath__sub_object(const char*) 0x00002947   Thumb Code     0  FilePath.o(i._ZN4mbed8FilePathC1EPKc)
    std::abs(float)                          0x00002993   Thumb Code    10  main.o(i._ZSt3absf)
    __user_setup_stackheap                   0x0000299d   Thumb Code    10  sys.o(i.__user_setup_stackheap)
    _sys_close                               0x000029ad   Thumb Code    38  stdio.o(i._sys_close)
    _sys_flen                                0x000029d9   Thumb Code    34  stdio.o(i._sys_flen)
    _sys_istty                               0x00002a01   Thumb Code    34  stdio.o(i._sys_istty)
    _sys_open                                0x00002a29   Thumb Code   234  stdio.o(i._sys_open)
    _sys_seek                                0x00002b21   Thumb Code    36  stdio.o(i._sys_seek)
    _sys_write                               0x00002b49   Thumb Code    76  stdio.o(i._sys_write)
    exit                                     0x00002ba1   Thumb Code    24  exit.o(i.exit)
    fputc                                    0x00002bb9   Thumb Code    30  fputc.o(i.fputc)
    gpio_dir                                 0x00002bd7   Thumb Code    30  gpio_api.o(i.gpio_dir)
    gpio_init                                0x00002bf5   Thumb Code    76  gpio_api.o(i.gpio_init)
    gpio_set                                 0x00002c45   Thumb Code    20  gpio_api.o(i.gpio_set)
    i2c_frequency                            0x00002cb9   Thumb Code    96  i2c_api.o(i.i2c_frequency)
    i2c_init                                 0x00002d21   Thumb Code   146  i2c_api.o(i.i2c_init)
    i2c_read                                 0x00002de1   Thumb Code   138  i2c_api.o(i.i2c_read)
    i2c_start                                0x00002e6b   Thumb Code    40  i2c_api.o(i.i2c_start)
    i2c_stop                                 0x00002e93   Thumb Code    34  i2c_api.o(i.i2c_stop)
    i2c_write                                0x00002eb5   Thumb Code    86  i2c_api.o(i.i2c_write)
    mbed_die                                 0x00002f0d   Thumb Code    42  board.o(i.mbed_die)
    mbed_interface_connected                 0x00002f3d   Thumb Code     8  mbed_interface.o(i.mbed_interface_connected)
    pin_function                             0x00002f45   Thumb Code    54  pinmap.o(i.pin_function)
    pin_mode                                 0x00002f85   Thumb Code    20  pinmap.o(i.pin_mode)
    pinmap_merge                             0x00002f9d   Thumb Code    30  pinmap_common.o(i.pinmap_merge)
    pinmap_peripheral                        0x00002fd5   Thumb Code    40  pinmap_common.o(i.pinmap_peripheral)
    pinmap_pinout                            0x00003021   Thumb Code    56  pinmap_common.o(i.pinmap_pinout)
    pwmout_init                              0x00003071   Thumb Code   118  pwmout_api.o(i.pwmout_init)
    pwmout_period_ms                         0x000030f5   Thumb Code    14  pwmout_api.o(i.pwmout_period_ms)
    pwmout_period_us                         0x00003105   Thumb Code    44  pwmout_api.o(i.pwmout_period_us)
    pwmout_read                              0x00003135   Thumb Code    52  pwmout_api.o(i.pwmout_read)
    pwmout_write                             0x0000316d   Thumb Code    56  pwmout_api.o(i.pwmout_write)
    semihost_connected                       0x000031a9   Thumb Code     6  semihost_api.o(i.semihost_connected)
    semihost_exit                            0x000031b5   Thumb Code    12  semihost_api.o(i.semihost_exit)
    serial_baud                              0x000031c1   Thumb Code    70  serial_api.o(i.serial_baud)
    serial_format                            0x00003215   Thumb Code   186  serial_api.o(i.serial_format)
    serial_init                              0x00003389   Thumb Code   250  serial_api.o(i.serial_init)
    serial_putc                              0x000034c1   Thumb Code    22  serial_api.o(i.serial_putc)
    serial_writable                          0x000034d7   Thumb Code    26  serial_api.o(i.serial_writable)
    us_ticker_read                           0x000034f1   Thumb Code    76  us_ticker_api.o(i.us_ticker_read)
    wait                                     0x0000354d   Thumb Code    24  wait_api.o(i.wait)
    wait_ms                                  0x00003569   Thumb Code    14  wait_api.o(i.wait_ms)
    wait_us                                  0x00003577   Thumb Code    22  wait_api.o(i.wait_us)
    _get_lc_ctype                            0x0000358d   Thumb Code    44  lc_ctype_c.o(locale$$code)
    __aeabi_fmul                             0x000035b9   Thumb Code     0  fmul.o(x$fpl$fmul)
    _fmul                                    0x000035b9   Thumb Code   172  fmul.o(x$fpl$fmul)
    __stdin_name                             0x00003740   Data           7  stdio.o(.constdata)
    __stdout_name                            0x00003747   Data           8  stdio.o(.constdata)
    __stderr_name                            0x0000374f   Data           8  stdio.o(.constdata)
    ICR                                      0x000037e8   Data         256  i2c_api.o(.constdata)
    Region$$Table$$Base                      0x00003a20   Number         0  anon$$obj.o(Region$$Table)
    Region$$Table$$Limit                     0x00003a40   Number         0  anon$$obj.o(Region$$Table)
    __ctype                                  0x00003a4d   Data           0  lc_ctype_c.o(locale$$data)
    mbed::I2C::_owner                        0x1ffff0c0   Data           4  I2C.o(.data)
    stdio_uart_inited                        0x1ffff0c4   Data           4  serial_api.o(.data)
    stdio_uart                               0x1ffff0cc   Data           8  serial_api.o(.data)
    mbed::FileBase::_head                    0x1ffff0ec   Data           4  FileBase.o(.data)
    __aeabi_stdin                            0x1ffff0f4   Data           4  stdio_streams.o(.data)
    __aeabi_stdout                           0x1ffff0f8   Data           4  stdio_streams.o(.data)
    __aeabi_stderr                           0x1ffff0fc   Data           4  stdio_streams.o(.data)
    __stdin                                  0x1ffff144   Data          84  stdio_streams.o(.bss)
    __stdout                                 0x1ffff198   Data          84  stdio_streams.o(.bss)
    __stderr                                 0x1ffff1ec   Data          84  stdio_streams.o(.bss)
    Image$$RW_IRAM1$$ZI$$Limit               0x1ffff25c   Number         0  anon$$obj.o ABSOLUTE



==============================================================================

Memory Map of the image

  Image Entry point : 0x000000c1

  Load Region LR_IROM1 (Base: 0x00000000, Size: 0x00003b94, Max: 0x00020000, ABSOLUTE)

    Execution Region ER_IROM1 (Base: 0x00000000, Size: 0x00003b50, Max: 0x00020000, ABSOLUTE)

    Base Addr    Size         Type   Attr      Idx    E Section Name        Object

    0x00000000   0x000000c0   Data   RO          336    RESET               startup_MKL25Z4.o
    0x000000c0   0x00000008   Code   RO          841  * !!!main             c_p.l(__main.o)
    0x000000c8   0x0000003c   Code   RO         1440    !!!scatter          c_p.l(__scatter.o)
    0x00000104   0x0000001a   Code   RO         1442    !!handler_copy      c_p.l(__scatter_copy.o)
    0x0000011e   0x00000002   PAD
    0x00000120   0x0000001c   Code   RO         1444    !!handler_zi        c_p.l(__scatter_zi.o)
    0x0000013c   0x00000002   Code   RO          818    .ARM.Collect$$_printf_percent$$00000000  c_p.l(_printf_percent.o)
    0x0000013e   0x0000000a   Code   RO          817    .ARM.Collect$$_printf_percent$$00000009  c_p.l(_printf_d.o)
    0x00000148   0x00000004   Code   RO         1067    .ARM.Collect$$_printf_percent$$00000017  c_p.l(_printf_percent_end.o)
    0x0000014c   0x00000002   Code   RO         1352    .ARM.Collect$$libinit$$00000000  c_p.l(libinit.o)
    0x0000014e   0x00000000   Code   RO         1210    .ARM.Collect$$libinit$$00000002  c_p.l(libinit2.o)
    0x0000014e   0x00000000   Code   RO         1212    .ARM.Collect$$libinit$$00000004  c_p.l(libinit2.o)
    0x0000014e   0x00000008   Code   RO         1213    .ARM.Collect$$libinit$$00000005  c_p.l(libinit2.o)
    0x00000156   0x00000000   Code   RO         1215    .ARM.Collect$$libinit$$0000000A  c_p.l(libinit2.o)
    0x00000156   0x00000000   Code   RO         1217    .ARM.Collect$$libinit$$0000000C  c_p.l(libinit2.o)
    0x00000156   0x00000000   Code   RO         1219    .ARM.Collect$$libinit$$0000000E  c_p.l(libinit2.o)
    0x00000156   0x00000006   Code   RO         1220    .ARM.Collect$$libinit$$0000000F  c_p.l(libinit2.o)
    0x0000015c   0x00000000   Code   RO         1222    .ARM.Collect$$libinit$$00000011  c_p.l(libinit2.o)
    0x0000015c   0x0000000c   Code   RO         1223    .ARM.Collect$$libinit$$00000012  c_p.l(libinit2.o)
    0x00000168   0x00000000   Code   RO         1224    .ARM.Collect$$libinit$$00000013  c_p.l(libinit2.o)
    0x00000168   0x00000000   Code   RO         1226    .ARM.Collect$$libinit$$00000015  c_p.l(libinit2.o)
    0x00000168   0x00000000   Code   RO         1228    .ARM.Collect$$libinit$$00000017  c_p.l(libinit2.o)
    0x00000168   0x00000000   Code   RO         1230    .ARM.Collect$$libinit$$00000019  c_p.l(libinit2.o)
    0x00000168   0x00000000   Code   RO         1232    .ARM.Collect$$libinit$$0000001B  c_p.l(libinit2.o)
    0x00000168   0x00000000   Code   RO         1234    .ARM.Collect$$libinit$$0000001D  c_p.l(libinit2.o)
    0x00000168   0x00000000   Code   RO         1236    .ARM.Collect$$libinit$$0000001F  c_p.l(libinit2.o)
    0x00000168   0x00000000   Code   RO         1238    .ARM.Collect$$libinit$$00000021  c_p.l(libinit2.o)
    0x00000168   0x00000000   Code   RO         1240    .ARM.Collect$$libinit$$00000023  c_p.l(libinit2.o)
    0x00000168   0x00000004   Code   RO         1241    .ARM.Collect$$libinit$$00000024  c_p.l(libinit2.o)
    0x0000016c   0x00000000   Code   RO         1242    .ARM.Collect$$libinit$$00000025  c_p.l(libinit2.o)
    0x0000016c   0x00000000   Code   RO         1246    .ARM.Collect$$libinit$$0000002C  c_p.l(libinit2.o)
    0x0000016c   0x00000000   Code   RO         1248    .ARM.Collect$$libinit$$0000002E  c_p.l(libinit2.o)
    0x0000016c   0x00000000   Code   RO         1250    .ARM.Collect$$libinit$$00000030  c_p.l(libinit2.o)
    0x0000016c   0x00000000   Code   RO         1252    .ARM.Collect$$libinit$$00000032  c_p.l(libinit2.o)
    0x0000016c   0x00000002   Code   RO         1253    .ARM.Collect$$libinit$$00000033  c_p.l(libinit2.o)
    0x0000016e   0x00000000   Code   RO         1257    .ARM.Collect$$libshutdown$$00000004  c_p.l(libshutdown2.o)
    0x0000016e   0x00000000   Code   RO          987    .ARM.Collect$$rtentry$$00000000  c_p.l(__rtentry.o)
    0x0000016e   0x00000000   Code   RO         1125    .ARM.Collect$$rtentry$$00000002  c_p.l(__rtentry2.o)
    0x0000016e   0x00000006   Code   RO         1137    .ARM.Collect$$rtentry$$00000004  c_p.l(__rtentry4.o)
    0x00000174   0x00000000   Code   RO         1127    .ARM.Collect$$rtentry$$00000009  c_p.l(__rtentry2.o)
    0x00000174   0x00000004   Code   RO         1128    .ARM.Collect$$rtentry$$0000000A  c_p.l(__rtentry2.o)
    0x00000178   0x00000000   Code   RO         1130    .ARM.Collect$$rtentry$$0000000C  c_p.l(__rtentry2.o)
    0x00000178   0x00000008   Code   RO         1131    .ARM.Collect$$rtentry$$0000000D  c_p.l(__rtentry2.o)
    0x00000180   0x00000000   Code   RO         1310    .emb_text           c_p.l(maybetermalloc1.o)
    0x00000180   0x000000cc   Code   RO            3    .text               main.o
    0x0000024c   0x00000170   Code   RO          276    .text               mma8451q.o
    0x000003bc   0x0000001c   Code   RO          338    .text               startup_MKL25Z4.o
    0x000003d8   0x00000016   Code   RO          791    .text               c_p.l(noretval__2fprintf.o)
    0x000003ee   0x00000002   PAD
    0x000003f0   0x00000008   Code   RO         1143    .text               c_p.l(rt_heap_descriptor.o)
    0x000003f8   0x00000004   Code   RO         1148    .text               c_p.l(hguard.o)
    0x000003fc   0x00000002   Code   RO         1372    .text               c_p.l(use_no_semi.o)
    0x000003fe   0x00000000   Code   RO         1374    .text               c_p.l(indicate_semi.o)
    0x000003fe   0x00000000   Code   RO         1118    x$fpl$usenofp       fz_ps.l(usenofp.o)
    0x000003fe   0x00000002   PAD
    0x00000400   0x00000010   Code   RO          337    .ARM.__at_0x400     startup_MKL25Z4.o
    0x00000410   0x00000102   Code   RO          787    .text               c_p.l(lludiv.o)
    0x00000512   0x0000006c   Code   RO          793    .text               c_p.l(__printf.o)
    0x0000057e   0x00000002   PAD
    0x00000580   0x0000006c   Code   RO          795    .text               c_p.l(_printf_dec.o)
    0x000005ec   0x00000040   Code   RO          819    .text               c_p.l(__0sscanf.o)
    0x0000062c   0x0000014a   Code   RO          821    .text               c_p.l(_scanf_int.o)
    0x00000776   0x00000002   PAD
    0x00000778   0x00000044   Code   RO          829    .text               c_p.l(strlen.o)
    0x000007bc   0x000000a0   Code   RO          831    .text               c_p.l(strncmp.o)
    0x0000085c   0x00000088   Code   RO          835    .text               c_p.l(strcmp.o)
    0x000008e4   0x0000015a   Code   RO          837    .text               c_p.l(aeabi_sdiv.o)
    0x00000a3e   0x00000002   PAD
    0x00000a40   0x0000007c   Code   RO          959    .text               fz_ps.l(d2f.o)
    0x00000abc   0x00000358   Code   RO          961    .text               fz_ps.l(daddsub.o)
    0x00000e14   0x00000448   Code   RO          963    .text               fz_ps.l(ddiv.o)
    0x0000125c   0x0000006c   Code   RO          966    .text               fz_ps.l(dfixi.o)
    0x000012c8   0x00000048   Code   RO          968    .text               fz_ps.l(dfixui.o)
    0x00001310   0x00000058   Code   RO          970    .text               fz_ps.l(dflti.o)
    0x00001368   0x00000248   Code   RO          972    .text               fz_ps.l(dmul.o)
    0x000015b0   0x00000054   Code   RO          974    .text               fz_ps.l(f2d.o)
    0x00001604   0x00000160   Code   RO          976    .text               fz_ps.l(fdiv.o)
    0x00001764   0x00000030   Code   RO          981    .text               fz_ps.l(ffixui.o)
    0x00001794   0x0000005e   Code   RO          983    .text               fz_ps.l(fflti.o)
    0x000017f2   0x00000062   Code   RO         1005    .text               c_p.l(h1_alloc.o)
    0x00001854   0x0000004c   Code   RO         1007    .text               c_p.l(h1_free.o)
    0x000018a0   0x000000b0   Code   RO         1063    .text               c_p.l(_printf_intcommon.o)
    0x00001950   0x00000028   Code   RO         1065    .text               c_p.l(_printf_char_file.o)
    0x00001978   0x0000001e   Code   RO         1068    .text               c_p.l(_chval.o)
    0x00001996   0x00000002   PAD
    0x00001998   0x00000030   Code   RO         1070    .text               c_p.l(scanf_char.o)
    0x000019c8   0x00000044   Code   RO         1072    .text               c_p.l(_sgetc.o)
    0x00001a0c   0x0000013c   Code   RO         1074    .text               c_p.l(initio.o)
    0x00001b48   0x00000040   Code   RO         1082    .text               c_p.l(rt_memclr.o)
    0x00001b88   0x00000028   Code   RO         1084    .text               c_p.l(rtudiv10.o)
    0x00001bb0   0x00000088   Code   RO         1150    .text               c_p.l(init_alloc.o)
    0x00001c38   0x0000000e   Code   RO         1154    .text               c_p.l(h1_init.o)
    0x00001c46   0x00000012   Code   RO         1168    .text               c_p.l(isspace.o)
    0x00001c58   0x00000030   Code   RO         1170    .text               c_p.l(_printf_char_common.o)
    0x00001c88   0x00000380   Code   RO         1172    .text               c_p.l(_scanf.o)
    0x00002008   0x00000008   Code   RO         1174    .text               c_p.l(ferror.o)
    0x00002010   0x0000004c   Code   RO         1180    .text               c_p.l(setvbuf.o)
    0x0000205c   0x000000e8   Code   RO         1183    .text               c_p.l(fopen.o)
    0x00002144   0x0000004c   Code   RO         1185    .text               c_p.l(fclose.o)
    0x00002190   0x0000000c   Code   RO         1195    .text               c_p.l(defsig_exit.o)
    0x0000219c   0x0000000c   Code   RO         1197    .text               c_p.l(defsig_rtred_outer.o)
    0x000021a8   0x0000000c   Code   RO         1299    .text               c_p.l(sys_exit.o)
    0x000021b4   0x00000010   Code   RO         1301    .text               c_p.l(rt_ctype_table.o)
    0x000021c4   0x00000034   Code   RO         1312    .text               c_p.l(h1_extend.o)
    0x000021f8   0x000001f0   Code   RO         1318    .text               c_p.l(flsbuf.o)
    0x000023e8   0x000000f4   Code   RO         1320    .text               c_p.l(fseek.o)
    0x000024dc   0x000000f0   Code   RO         1322    .text               c_p.l(stdio.o)
    0x000025cc   0x00000034   Code   RO         1328    .text               c_p.l(defsig_general.o)
    0x00002600   0x00000034   Code   RO         1334    .text               c_p.l(defsig_rtred_inner.o)
    0x00002634   0x0000000c   Code   RO         1336    .text               c_p.l(defsig_rtmem_outer.o)
    0x00002640   0x00000050   Code   RO         1340    .text               c_p.l(heapauxa.o)
    0x00002690   0x0000000c   Code   RO         1370    .text               c_p.l(sys_wrch.o)
    0x0000269c   0x00000008   Code   RO         1375    .text               c_p.l(rt_locale.o)
    0x000026a4   0x00000042   Code   RO         1384    .text               c_p.l(ftell.o)
    0x000026e6   0x00000002   PAD
    0x000026e8   0x00000050   Code   RO         1401    .text               c_p.l(defsig_rtmem_inner.o)
    0x00002738   0x00000008   Code   RO         1411    .text               c_p.l(rt_errno_addr.o)
    0x00002740   0x00000098   Code   RO          319    i.SystemInit        system_MKL25Z4.o
    0x000027d8   0x00000034   Code   RO          405    i._Z11init_serialv  mbed.ar(stdio.o)
    0x0000280c   0x00000026   Code   RO          374    i._ZN4mbed3I2C4readEiPcib  mbed.ar(I2C.o)
    0x00002832   0x00000026   Code   RO          378    i._ZN4mbed3I2C5writeEiPKcib  mbed.ar(I2C.o)
    0x00002858   0x0000001c   Code   RO          379    i._ZN4mbed3I2C6aquireEv  mbed.ar(I2C.o)
    0x00002874   0x0000001c   Code   RO          381    i._ZN4mbed3I2CC1E7PinNameS1_  mbed.ar(I2C.o)
    0x00002890   0x00000012   Code   RO           32    i._ZN4mbed6PwmOutC1E7PinName  main.o
    0x000028a2   0x00000016   Code   RO           26    i._ZN4mbed6PwmOutaSEf  main.o
    0x000028b8   0x00000004   Code   RO          698    i._ZN4mbed8FileBase11getPathTypeEv  mbed.ar(FileBase.o)
    0x000028bc   0x0000003c   Code   RO          700    i._ZN4mbed8FileBase6lookupEPKcj  mbed.ar(FileBase.o)
    0x000028f8   0x00000010   Code   RO          602    i._ZN4mbed8FilePath10fileSystemEv  mbed.ar(FilePath.o)
    0x00002908   0x00000010   Code   RO          603    i._ZN4mbed8FilePath12isFileSystemEv  mbed.ar(FilePath.o)
    0x00002918   0x00000016   Code   RO          604    i._ZN4mbed8FilePath4fileEv  mbed.ar(FilePath.o)
    0x0000292e   0x00000014   Code   RO          605    i._ZN4mbed8FilePath6isFileEv  mbed.ar(FilePath.o)
    0x00002942   0x00000004   Code   RO          606    i._ZN4mbed8FilePath8fileNameEv  mbed.ar(FilePath.o)
    0x00002946   0x0000004c   Code   RO          607    i._ZN4mbed8FilePathC1EPKc  mbed.ar(FilePath.o)
    0x00002992   0x0000000a   Code   RO           20    i._ZSt3absf         main.o
    0x0000299c   0x00000010   Code   RO          313    i.__user_setup_stackheap  sys.o
    0x000029ac   0x0000002c   Code   RO          408    i._sys_close        mbed.ar(stdio.o)
    0x000029d8   0x00000028   Code   RO          411    i._sys_flen         mbed.ar(stdio.o)
    0x00002a00   0x00000028   Code   RO          412    i._sys_istty        mbed.ar(stdio.o)
    0x00002a28   0x000000f8   Code   RO          413    i._sys_open         mbed.ar(stdio.o)
    0x00002b20   0x00000028   Code   RO          415    i._sys_seek         mbed.ar(stdio.o)
    0x00002b48   0x00000058   Code   RO          416    i._sys_write        mbed.ar(stdio.o)
    0x00002ba0   0x00000018   Code   RO          692    i.exit              mbed.ar(exit.o)
    0x00002bb8   0x0000001e   Code   RO         1177    i.fputc             c_p.l(fputc.o)
    0x00002bd6   0x0000001e   Code   RO          775    i.gpio_dir          mbed.ar(gpio_api.o)
    0x00002bf4   0x00000050   Code   RO          776    i.gpio_init         mbed.ar(gpio_api.o)
    0x00002c44   0x00000014   Code   RO          778    i.gpio_set          mbed.ar(gpio_api.o)
    0x00002c58   0x00000010   Code   RO          728    i.gpio_write        mbed.ar(board.o)
    0x00002c68   0x00000030   Code   RO          507    i.i2c_do_read       mbed.ar(i2c_api.o)
    0x00002c98   0x0000001e   Code   RO          508    i.i2c_do_write      mbed.ar(i2c_api.o)
    0x00002cb6   0x00000002   PAD
    0x00002cb8   0x00000068   Code   RO          509    i.i2c_frequency     mbed.ar(i2c_api.o)
    0x00002d20   0x000000c0   Code   RO          510    i.i2c_init          mbed.ar(i2c_api.o)
    0x00002de0   0x0000008a   Code   RO          511    i.i2c_read          mbed.ar(i2c_api.o)
    0x00002e6a   0x00000028   Code   RO          513    i.i2c_start         mbed.ar(i2c_api.o)
    0x00002e92   0x00000022   Code   RO          514    i.i2c_stop          mbed.ar(i2c_api.o)
    0x00002eb4   0x00000056   Code   RO          515    i.i2c_write         mbed.ar(i2c_api.o)
    0x00002f0a   0x00000002   PAD
    0x00002f0c   0x00000030   Code   RO          729    i.mbed_die          mbed.ar(board.o)
    0x00002f3c   0x00000008   Code   RO          736    i.mbed_interface_connected  mbed.ar(mbed_interface.o)
    0x00002f44   0x00000040   Code   RO          684    i.pin_function      mbed.ar(pinmap.o)
    0x00002f84   0x00000018   Code   RO          685    i.pin_mode          mbed.ar(pinmap.o)
    0x00002f9c   0x00000038   Code   RO          592    i.pinmap_merge      mbed.ar(pinmap_common.o)
    0x00002fd4   0x0000004c   Code   RO          593    i.pinmap_peripheral  mbed.ar(pinmap_common.o)
    0x00003020   0x00000050   Code   RO          594    i.pinmap_pinout     mbed.ar(pinmap_common.o)
    0x00003070   0x00000084   Code   RO          343    i.pwmout_init       mbed.ar(pwmout_api.o)
    0x000030f4   0x0000000e   Code   RO          345    i.pwmout_period_ms  mbed.ar(pwmout_api.o)
    0x00003102   0x00000002   PAD
    0x00003104   0x00000030   Code   RO          346    i.pwmout_period_us  mbed.ar(pwmout_api.o)
    0x00003134   0x00000038   Code   RO          350    i.pwmout_read       mbed.ar(pwmout_api.o)
    0x0000316c   0x0000003c   Code   RO          351    i.pwmout_write      mbed.ar(pwmout_api.o)
    0x000031a8   0x0000000c   Code   RO          756    i.semihost_connected  mbed.ar(semihost_api.o)
    0x000031b4   0x0000000c   Code   RO          758    i.semihost_exit     mbed.ar(semihost_api.o)
    0x000031c0   0x00000054   Code   RO          532    i.serial_baud       mbed.ar(serial_api.o)
    0x00003214   0x00000174   Code   RO          534    i.serial_format     mbed.ar(serial_api.o)
    0x00003388   0x00000138   Code   RO          537    i.serial_init       mbed.ar(serial_api.o)
    0x000034c0   0x00000016   Code   RO          541    i.serial_putc       mbed.ar(serial_api.o)
    0x000034d6   0x0000001a   Code   RO          543    i.serial_writable   mbed.ar(serial_api.o)
    0x000034f0   0x0000005c   Code   RO          575    i.us_ticker_read    mbed.ar(us_ticker_api.o)
    0x0000354c   0x0000001c   Code   RO          365    i.wait              mbed.ar(wait_api.o)
    0x00003568   0x0000000e   Code   RO          366    i.wait_ms           mbed.ar(wait_api.o)
    0x00003576   0x00000016   Code   RO          367    i.wait_us           mbed.ar(wait_api.o)
    0x0000358c   0x0000002c   Code   RO         1391    locale$$code        c_p.l(lc_ctype_c.o)
    0x000035b8   0x000000b0   Code   RO          985    x$fpl$fmul          fz_ps.l(fmul.o)
    0x00003668   0x000000d8   Data   RO          352    .constdata          mbed.ar(pwmout_api.o)
    0x00003740   0x00000017   Data   RO          452    .constdata          mbed.ar(stdio.o)
    0x00003757   0x00000001   PAD
    0x00003758   0x00000190   Data   RO          516    .constdata          mbed.ar(i2c_api.o)
    0x000038e8   0x00000078   Data   RO          549    .constdata          mbed.ar(serial_api.o)
    0x00003960   0x00000080   Data   RO          964    .constdata          fz_ps.l(ddiv.o)
    0x000039e0   0x00000040   Data   RO          977    .constdata          fz_ps.l(fdiv.o)
    0x00003a20   0x00000020   Data   RO         1438    Region$$Table       anon$$obj.o
    0x00003a40   0x00000110   Data   RO         1390    locale$$data        c_p.l(lc_ctype_c.o)


    Execution Region RW_IRAM1 (Base: 0x1ffff0c0, Size: 0x0000019c, Max: 0x00003f40, ABSOLUTE)

    Base Addr    Size         Type   Attr      Idx    E Section Name        Object

    0x1ffff0c0   0x00000004   Data   RW          391    .data               mbed.ar(I2C.o)
    0x1ffff0c4   0x00000010   Data   RW          550    .data               mbed.ar(serial_api.o)
    0x1ffff0d4   0x00000018   Data   RW          579    .data               mbed.ar(us_ticker_api.o)
    0x1ffff0ec   0x00000004   Data   RW          712    .data               mbed.ar(FileBase.o)
    0x1ffff0f0   0x00000004   Data   RW          763    .data               mbed.ar(semihost_api.o)
    0x1ffff0f4   0x00000004   Data   RW          826    .data               c_p.l(stdio_streams.o)
    0x1ffff0f8   0x00000004   Data   RW          827    .data               c_p.l(stdio_streams.o)
    0x1ffff0fc   0x00000004   Data   RW          828    .data               c_p.l(stdio_streams.o)
    0x1ffff100   0x00000004   Data   RW         1341    .data               c_p.l(heapauxa.o)
    0x1ffff104   0x00000040   Zero   RW          451    .bss                mbed.ar(stdio.o)
    0x1ffff144   0x00000054   Zero   RW          823    .bss                c_p.l(stdio_streams.o)
    0x1ffff198   0x00000054   Zero   RW          824    .bss                c_p.l(stdio_streams.o)
    0x1ffff1ec   0x00000054   Zero   RW          825    .bss                c_p.l(stdio_streams.o)
    0x1ffff240   0x00000004   Zero   RW         1144    .bss                c_p.l(rt_heap_descriptor.o)
    0x1ffff244   0x00000014   Zero   RW         1376    .bss                c_p.l(rt_locale.o)
    0x1ffff258   0x00000004   Zero   RW         1412    .bss                c_p.l(rt_errno_addr.o)


==============================================================================

Image component sizes


      Code (inc. data)   RO Data    RW Data    ZI Data      Debug   Object Name

       254         20          0          0          0     100749   main.o
       368         16          0          0          0       4612   mma8451q.o
        44         24        192          0          0        164   startup_MKL25Z4.o
        16          6          0          0          0         60   sys.o
       152         30          0          0          0         60   system_MKL25Z4.o

    ----------------------------------------------------------------------
       834         96        224          0          0     105645   Object Totals
         0          0         32          0          0          0   (incl. Generated)
         0          0          0          0          0          0   (incl. Padding)

    ----------------------------------------------------------------------

      Code (inc. data)   RO Data    RW Data    ZI Data      Debug   Library Member Name

        64         10          0          0          0         84   __0sscanf.o
         8          0          0          0          0         68   __main.o
       108          0          0          0          0         76   __printf.o
         0          0          0          0          0          0   __rtentry.o
        12          0          0          0          0          0   __rtentry2.o
         6          0          0          0          0          0   __rtentry4.o
        60          8          0          0          0          0   __scatter.o
        26          0          0          0          0          0   __scatter_copy.o
        28          0          0          0          0          0   __scatter_zi.o
        30          0          0          0          0         60   _chval.o
        48          6          0          0          0         88   _printf_char_common.o
        40          6          0          0          0         72   _printf_char_file.o
        10          0          0          0          0          0   _printf_d.o
       108         18          0          0          0         76   _printf_dec.o
       176          0          0          0          0         84   _printf_intcommon.o
         2          0          0          0          0          0   _printf_percent.o
         4          0          0          0          0          0   _printf_percent_end.o
       896         16          0          0          0         84   _scanf.o
       330          0          0          0          0         84   _scanf_int.o
        68          0          0          0          0         76   _sgetc.o
       346          0          0          0          0         92   aeabi_sdiv.o
        12          0          0          0          0         68   defsig_exit.o
        52          0          0          0          0         72   defsig_general.o
        80         58          0          0          0         68   defsig_rtmem_inner.o
        12          0          0          0          0         68   defsig_rtmem_outer.o
        52         38          0          0          0         68   defsig_rtred_inner.o
        12          0          0          0          0         68   defsig_rtred_outer.o
        76          4          0          0          0         76   fclose.o
         8          0          0          0          0         60   ferror.o
       496         10          0          0          0         76   flsbuf.o
       232          8          0          0          0        108   fopen.o
        30          0          0          0          0         68   fputc.o
       244          4          0          0          0         76   fseek.o
        66          0          0          0          0         68   ftell.o
        98          0          0          0          0         72   h1_alloc.o
        52          0          0          0          0         68   h1_extend.o
        76          0          0          0          0         72   h1_free.o
        14          0          0          0          0         76   h1_init.o
        80          4          0          4          0         88   heapauxa.o
         4          0          0          0          0        120   hguard.o
         0          0          0          0          0          0   indicate_semi.o
       136          0          0          0          0        160   init_alloc.o
       316         44          0          0          0         96   initio.o
        18          0          0          0          0         68   isspace.o
        44         10        272          0          0         76   lc_ctype_c.o
         2          0          0          0          0          0   libinit.o
        32          0          0          0          0          0   libinit2.o
         0          0          0          0          0          0   libshutdown2.o
       258          0          0          0          0         88   lludiv.o
         0          0          0          0          0          0   maybetermalloc1.o
        22          0          0          0          0         84   noretval__2fprintf.o
        16          4          0          0          0         76   rt_ctype_table.o
         8          4          0          0          4         68   rt_errno_addr.o
         8          4          0          0          4         68   rt_heap_descriptor.o
         8          4          0          0         20         68   rt_locale.o
        64          0          0          0          0        108   rt_memclr.o
        40          0          0          0          0         60   rtudiv10.o
        48          8          0          0          0         84   scanf_char.o
        76          4          0          0          0         72   setvbuf.o
       240          8          0          0          0        144   stdio.o
         0          0          0         12        252          0   stdio_streams.o
       136          4          0          0          0         72   strcmp.o
        68          6          0          0          0         72   strlen.o
       160          6          0          0          0         76   strncmp.o
        12          4          0          0          0         60   sys_exit.o
        12          0          0          0          0         68   sys_wrch.o
         2          0          0          0          0         68   use_no_semi.o
       124          4          0          0          0         72   d2f.o
       856         20          0          0          0        208   daddsub.o
      1096         26        128          0          0        112   ddiv.o
       108         10          0          0          0         72   dfixi.o
        72          4          0          0          0         68   dfixui.o
        88          0          0          0          0         92   dflti.o
       584         26          0          0          0         84   dmul.o
        84          4          0          0          0         60   f2d.o
       352         10         64          0          0         92   fdiv.o
        48          0          0          0          0         60   ffixui.o
        94          0          0          0          0         92   fflti.o
       176          4          0          0          0         80   fmul.o
         0          0          0          0          0          0   usenofp.o
        64          6          0          4          0        132   FileBase.o
       154          0          0          0          0        404   FilePath.o
       132         12          0          4          0        300   I2C.o
        64          6          0          0          0        128   board.o
        24          0          0          0          0         64   exit.o
       130          4          0          0          0        200   gpio_api.o
       672         54        400          0          0        572   i2c_api.o
         8          0          0          0          0         68   mbed_interface.o
        88         14          0          0          0        132   pinmap.o
       212         86          0          0          0        196   pinmap_common.o
       310         26        216          0          0        360   pwmout_api.o
        24          6          0          4          0        132   semihost_api.o
       816        262        120         16          0        356   serial_api.o
       552         56         23          0         64        456   stdio.o
        92         16          0         24          0         68   us_ticker_api.o
        64          4          0          0          0        208   wait_api.o

    ----------------------------------------------------------------------
     12902        960       1224         68        344       8988   Library Totals
        22          0          1          0          0          0   (incl. Padding)

    ----------------------------------------------------------------------

      Code (inc. data)   RO Data    RW Data    ZI Data      Debug   Library Name

      5792        300        272         16        280       4120   c_p.l
      3682        108        192          0          0       1092   fz_ps.l
      3406        552        759         52         64       3776   mbed.ar

    ----------------------------------------------------------------------
     12902        960       1224         68        344       8988   Library Totals

    ----------------------------------------------------------------------

==============================================================================


      Code (inc. data)   RO Data    RW Data    ZI Data      Debug   

     13736       1056       1448         68        344     109397   Grand Totals
     13736       1056       1448         68        344     109397   ELF Image Totals
     13736       1056       1448         68          0          0   ROM Totals

==============================================================================

    Total RO  Size (Code + RO Data)                15184 (  14.83kB)
    Total RW  Size (RW Data + ZI Data)               412 (   0.40kB)
    Total ROM Size (Code + RO Data + RW Data)      15252 (  14.89kB)

==============================================================================

