<html>
<body>
<pre>
<h1>µVision Build Log</h1>
<h2>Tool Versions:</h2>
IDE-Version: µVision V5.16a
Copyright (C) 2015 ARM Ltd and ARM Germany GmbH. All rights reserved.
License Information: Anurag Dubey, University Of Colorado Boulder, LIC=----
 
Tool Versions:
Toolchain:       MDK-Lite  Version: 5.16a
Toolchain Path:  C:\Keil_v5\ARM\ARMCC\Bin
C Compiler:      Armcc.exe V5.06 (build 20)
Assembler:       Armasm.exe V5.06 (build 20)
Linker/Locator:  ArmLink.exe V5.06 (build 20)
Library Manager: ArmAr.exe V5.06 (build 20)
Hex Converter:   FromElf.exe V5.06 (build 20)
CPU DLL:         SARMCM3.DLL V5.16a
Dialog DLL:      DARMCM1.DLL V1.12.0.0
Target DLL:      CMSIS_AGDI.dll V1.21.20.0
Dialog DLL:      TARMCM1.DLL V1.9.0.0
 
<h2>Project:</h2>
C:\Users\jabu\Downloads\Code12\sqrt_approx\sqrt_approx.uvproj
Project File Date:  09/03/2015

<h2>Output:</h2>
*** Using Compiler 'V5.06 (build 20)', folder: 'C:\Keil_v5\ARM\ARMCC\Bin'
Build target 'mbed FRDM-KL25Z'
compiling main.c...
linking...
Program Size: Code=14824 RO-data=1136 RW-data=64 ZI-data=344  
After Build - User command #1: fromelf --bin -o build\frdm_sqrt_approx_KL25Z.bin build\frdm_sqrt_approx.axf
"build\frdm_sqrt_approx.axf": Error: Q0122E: Could not open file 'build\frdm_sqrt_approx.axf': No such file or directory
Finished: 0 information, 0 warning and 1 error messages.
".\build\sqrt_approx.axf" - 0 Error(s), 0 Warning(s).
Build Time Elapsed:  00:00:01
</pre>
</body>
</html>
