<html>
<body>
<pre>
<h1>µVision Build Log</h1>
<h2>Tool Versions:</h2>
IDE-Version: µVision V5.16a
Copyright (C) 2015 ARM Ltd and ARM Germany GmbH. All rights reserved.
License Information: Anurag Dubey, Student, LIC=----
 
Tool Versions:
Toolchain:       MDK-Lite  Version: 5.16a
Toolchain Path:  C:\Keil_v5\ARM\ARMCC\Bin
C Compiler:      Armcc.exe V5.06 (build 20)
Assembler:       Armasm.exe V5.06 (build 20)
Linker/Locator:  ArmLink.exe V5.06 (build 20)
Library Manager: ArmAr.exe V5.06 (build 20)
Hex Converter:   FromElf.exe V5.06 (build 20)
CPU DLL:         SARMCM3.DLL V5.16a
Dialog DLL:      DCM.DLL V1.13.2.0
Target DLL:      STLink\ST-LINKIII-KEIL_SWO.dll V2.0.17.0
Dialog DLL:      TCM.DLL V1.14.5.0
 
<h2>Project:</h2>
E:\sadaharu\repos\Advanced_arch\project_3\Code3_4\Harmonic_analysis.uvprojx
Project File Date:  11/06/2015

<h2>Output:</h2>
*** Using Compiler 'V5.06 (build 20)', folder: 'C:\Keil_v5\ARM\ARMCC\Bin'
Build target 'mbed NUCLEO_F401RE'
compiling main.cpp...
main.cpp(31): warning:  #1035-D: single-precision operand implicitly converted to double-precision
  	theta = 
WOPI/(isign*mmax);
main.cpp(60): warning:  #1035-D: single-precision operand implicitly converted to double-precision
    for (t=0;t<=0.00992;t=t+0.000992){
main.cpp(60): warning:  #1035-D: single-precision operand implicitly converted to double-precision
    for (t=0;t<=0.00992;t=t+0.000992){
main.cpp(61): warning:  #1035-D: single-precision operand implicitly converted to double-precision
        theta = t*10000*1.2568;
main.cpp(79): warning:  #1-D: last line of file ends without a newline
      }
main.cpp: 5 warnings, 0 errors
linking...
Program Size: Code=18476 RO-data=1796 RW-data=60 ZI-data=1480  
After Build - User command #1: fromelf --bin -o build\Nucleo_blink_led_NUCLEO_F401RE.bin build\Nucleo_blink_led.axf
".\build\Nucleo_blink_led.axf" - 0 Error(s), 5 Warning(s).

<h2>Collection of Component include folders:</h2>
  E:\sadaharu\repos\Advanced_arch\project_3\Code3_4\RTE
  C:\Keil_v5\ARM\PACK\Keil\STM32F4xx_DFP\2.6.0\Drivers\CMSIS\Device\ST\STM32F4xx\Include

<h2>Collection of Component Files used:</h2>
Build Time Elapsed:  00:00:01
</pre>
</body>
</html>
