Component: ARM Compiler 5.06 (build 20) Tool: armlink [4d35a3]

==============================================================================

Section Cross References

    main.o(.text) refers to pwmout_api.o(i.pwmout_init) for pwmout_init
    main.o(.text) refers to tsisensor.o(.text) for TSISensor::TSISensor()
    main.o(.text) refers to f2d.o(.text) for __aeabi_f2d
    main.o(.text) refers to daddsub.o(.text) for __aeabi_drsub
    main.o(.text) refers to d2f.o(.text) for __aeabi_d2f
    main.o(.text) refers to pwmout_api.o(i.pwmout_write) for pwmout_write
    main.o(.text) refers to wait_api.o(i.wait) for wait
    main.o(.ARM.exidx) refers to main.o(.text) for .text
    tsisensor.o(.text) refers to cmsis_nvic.o(i.NVIC_SetVector) for NVIC_SetVector
    tsisensor.o(.text) refers to aeabi_sdiv.o(.text) for __aeabi_idivmod
    tsisensor.o(.text) refers to fflti.o(.text) for __aeabi_ui2f
    tsisensor.o(.text) refers to f2d.o(.text) for __aeabi_f2d
    tsisensor.o(.text) refers to ddiv.o(.text) for __aeabi_ddiv
    tsisensor.o(.text) refers to d2f.o(.text) for __aeabi_d2f
    tsisensor.o(.text) refers to tsisensor.o(.data) for ongoing_elec
    tsisensor.o(.text) refers to tsisensor.o(.bss) for gu16TSICount
    tsisensor.o(.ARM.exidx) refers to tsisensor.o(.text) for .text
    sys.o(.ARM.exidx) refers to sys.o(i.__user_setup_stackheap) for i.__user_setup_stackheap
    system_MKL25Z4.o(i.SystemCoreClockUpdate) refers to aeabi_sdiv.o(.text) for __aeabi_uidivmod
    system_MKL25Z4.o(i.SystemCoreClockUpdate) refers to system_MKL25Z4.o(i.__ARM_common_switch8) for __ARM_common_switch8
    system_MKL25Z4.o(i.SystemCoreClockUpdate) refers to system_MKL25Z4.o(.data) for .data
    system_MKL25Z4.o(i.SystemCoreClockUpdate) refers to stdio.o(.data) for stdio_retargeting_module
    cmsis_nvic.o(i.NVIC_SetVector) refers to cmsis_nvic.o(.data) for .data
    startup_MKL25Z4.o(RESET) refers to startup_MKL25Z4.o(.text) for Reset_Handler
    startup_MKL25Z4.o(.text) refers to system_MKL25Z4.o(i.SystemInit) for SystemInit
    startup_MKL25Z4.o(.text) refers to __main.o(!!!main) for __main
    pwmout_api.o(i.pwmout_init) refers to pinmap_common.o(i.pinmap_peripheral) for pinmap_peripheral
    pwmout_api.o(i.pwmout_init) refers to pwmout_api.o(i.pwmout_period_ms) for pwmout_period_ms
    pwmout_api.o(i.pwmout_init) refers to pwmout_api.o(i.pwmout_write) for pwmout_write
    pwmout_api.o(i.pwmout_init) refers to pinmap_common.o(i.pinmap_pinout) for pinmap_pinout
    pwmout_api.o(i.pwmout_init) refers to pwmout_api.o(.constdata) for .constdata
    pwmout_api.o(i.pwmout_period) refers to fmul.o(x$fpl$fmul) for __aeabi_fmul
    pwmout_api.o(i.pwmout_period) refers to ffixi.o(.text) for __aeabi_f2iz
    pwmout_api.o(i.pwmout_period) refers to pwmout_api.o(i.pwmout_period_us) for pwmout_period_us
    pwmout_api.o(i.pwmout_period_ms) refers to pwmout_api.o(i.pwmout_period_us) for pwmout_period_us
    pwmout_api.o(i.pwmout_period_us) refers to pwmout_api.o(i.pwmout_read) for pwmout_read
    pwmout_api.o(i.pwmout_period_us) refers to dflti.o(.text) for __aeabi_i2d
    pwmout_api.o(i.pwmout_period_us) refers to dmul.o(.text) for __aeabi_dmul
    pwmout_api.o(i.pwmout_period_us) refers to dfixui.o(.text) for __aeabi_d2uiz
    pwmout_api.o(i.pwmout_period_us) refers to pwmout_api.o(i.pwmout_write) for pwmout_write
    pwmout_api.o(i.pwmout_pulsewidth) refers to fmul.o(x$fpl$fmul) for __aeabi_fmul
    pwmout_api.o(i.pwmout_pulsewidth) refers to ffixi.o(.text) for __aeabi_f2iz
    pwmout_api.o(i.pwmout_pulsewidth) refers to pwmout_api.o(i.pwmout_pulsewidth_us) for pwmout_pulsewidth_us
    pwmout_api.o(i.pwmout_pulsewidth_ms) refers to pwmout_api.o(i.pwmout_pulsewidth_us) for pwmout_pulsewidth_us
    pwmout_api.o(i.pwmout_pulsewidth_us) refers to dflti.o(.text) for __aeabi_i2d
    pwmout_api.o(i.pwmout_pulsewidth_us) refers to dmul.o(.text) for __aeabi_dmul
    pwmout_api.o(i.pwmout_pulsewidth_us) refers to dfixui.o(.text) for __aeabi_d2uiz
    pwmout_api.o(i.pwmout_read) refers to fflti.o(.text) for __aeabi_ui2f
    pwmout_api.o(i.pwmout_read) refers to fdiv.o(.text) for __aeabi_fdiv
    pwmout_api.o(i.pwmout_read) refers to f2d.o(.text) for __aeabi_f2d
    pwmout_api.o(i.pwmout_read) refers to d2f.o(.text) for __aeabi_d2f
    pwmout_api.o(i.pwmout_write) refers to fflti.o(.text) for __aeabi_ui2f
    pwmout_api.o(i.pwmout_write) refers to fmul.o(x$fpl$fmul) for __aeabi_fmul
    pwmout_api.o(i.pwmout_write) refers to ffixui.o(.text) for __aeabi_f2uiz
    wait_api.o(i.wait) refers to f2d.o(.text) for __aeabi_f2d
    wait_api.o(i.wait) refers to dmul.o(.text) for __aeabi_dmul
    wait_api.o(i.wait) refers to dfixi.o(.text) for __aeabi_d2iz
    wait_api.o(i.wait) refers to wait_api.o(i.wait_us) for wait_us
    wait_api.o(i.wait_ms) refers to wait_api.o(i.wait_us) for wait_us
    wait_api.o(i.wait_us) refers to us_ticker.o(i.us_ticker_read) for us_ticker_read
[...]
    ../clib/stdio.c                          0x00000000   Number         0  fflush.o ABSOLUTE
    ../clib/stdio.c                          0x00000000   Number         0  fputs.o ABSOLUTE
    ../clib/stdio.c                          0x00000000   Number         0  fputs_locked.o ABSOLUTE
    ../clib/stdio.c                          0x00000000   Number         0  fflush_locked.o ABSOLUTE
    ../clib/stdio.c                          0x00000000   Number         0  fwritefast_locked.o ABSOLUTE
    ../clib/stdio.c                          0x00000000   Number         0  initio_locked.o ABSOLUTE
    ../clib/stdlib.c                         0x00000000   Number         0  bsearchnoex.o ABSOLUTE
    ../clib/stdlib.c                         0x00000000   Number         0  abort.o ABSOLUTE
    ../clib/string.c                         0x00000000   Number         0  strncmp.o ABSOLUTE
    ../clib/string.c                         0x00000000   Number         0  strlen.o ABSOLUTE
    ../clib/string.c                         0x00000000   Number         0  strncpy.o ABSOLUTE
    ../clib/string.c                         0x00000000   Number         0  strcmp.o ABSOLUTE
    ../clib/wchar.c                          0x00000000   Number         0  flsbuf_fwide.o ABSOLUTE
    ../fplib/cfplib/d2f.c                    0x00000000   Number         0  d2f.o ABSOLUTE
    ../fplib/cfplib/daddsub.c                0x00000000   Number         0  daddsub.o ABSOLUTE
    ../fplib/cfplib/ddiv.c                   0x00000000   Number         0  ddiv.o ABSOLUTE
    ../fplib/cfplib/dmul.c                   0x00000000   Number         0  dmul.o ABSOLUTE
    ../fplib/cfplib/f2d.c                    0x00000000   Number         0  f2d.o ABSOLUTE
    ../fplib/cfplib/fdiv.c                   0x00000000   Number         0  fdiv.o ABSOLUTE
    ../fplib/cfplib/ffix.c                   0x00000000   Number         0  dfixui.o ABSOLUTE
    ../fplib/cfplib/ffix.c                   0x00000000   Number         0  ffixi.o ABSOLUTE
    ../fplib/cfplib/ffix.c                   0x00000000   Number         0  ffixui.o ABSOLUTE
    ../fplib/cfplib/ffix.c                   0x00000000   Number         0  dfixi.o ABSOLUTE
    ../fplib/cfplib/fflt.c                   0x00000000   Number         0  dflti.o ABSOLUTE
    ../fplib/cfplib/fflt.c                   0x00000000   Number         0  fflti.o ABSOLUTE
    ../fplib/cfplib/fpinit.c                 0x00000000   Number         0  fpinit.o ABSOLUTE
    ../fplib/fmul6m.s                        0x00000000   Number         0  fmul.o ABSOLUTE
    ../fplib/usenofp.s                       0x00000000   Number         0  usenofp.o ABSOLUTE
    C:\Users\sammok01\Documents\mbed\libraries\mbed\capi\board.c 0x00000000   Number         0  board.o ABSOLUTE
    C:\Users\sammok01\Documents\mbed\libraries\mbed\capi\exit.c 0x00000000   Number         0  exit.o ABSOLUTE
    C:\Users\sammok01\Documents\mbed\libraries\mbed\capi\mbed_interface.c 0x00000000   Number         0  mbed_interface.o ABSOLUTE
    C:\Users\sammok01\Documents\mbed\libraries\mbed\capi\pinmap_common.c 0x00000000   Number         0  pinmap_common.o ABSOLUTE
    C:\Users\sammok01\Documents\mbed\libraries\mbed\capi\semihost_api.c 0x00000000   Number         0  semihost_api.o ABSOLUTE
    C:\Users\sammok01\Documents\mbed\libraries\mbed\capi\us_ticker_api.c 0x00000000   Number         0  us_ticker_api.o ABSOLUTE
    C:\Users\sammok01\Documents\mbed\libraries\mbed\capi\wait_api.c 0x00000000   Number         0  wait_api.o ABSOLUTE
    C:\Users\sammok01\Documents\mbed\libraries\mbed\cpp\FileBase.cpp 0x00000000   Number         0  FileBase.o ABSOLUTE
    C:\Users\sammok01\Documents\mbed\libraries\mbed\cpp\FilePath.cpp 0x00000000   Number         0  FilePath.o ABSOLUTE
    C:\Users\sammok01\Documents\mbed\libraries\mbed\cpp\FileSystemLike.cpp 0x00000000   Number         0  FileSystemLike.o ABSOLUTE
    C:\Users\sammok01\Documents\mbed\libraries\mbed\cpp\stdio.cpp 0x00000000   Number         0  stdio.o ABSOLUTE
    C:\Users\sammok01\Documents\mbed\libraries\mbed\vendor\Freescale\capi\gpio_api.c 0x00000000   Number         0  gpio_api.o ABSOLUTE
    C:\Users\sammok01\Documents\mbed\libraries\mbed\vendor\Freescale\capi\pinmap.c 0x00000000   Number         0  pinmap.o ABSOLUTE
    C:\Users\sammok01\Documents\mbed\libraries\mbed\vendor\Freescale\capi\pwmout_api.c 0x00000000   Number         0  pwmout_api.o ABSOLUTE
    C:\Users\sammok01\Documents\mbed\libraries\mbed\vendor\Freescale\capi\serial_api.c 0x00000000   Number         0  serial_api.o ABSOLUTE
    C:\Users\sammok01\Documents\mbed\libraries\mbed\vendor\Freescale\capi\us_ticker.c 0x00000000   Number         0  us_ticker.o ABSOLUTE
    C:\Users\sammok01\Documents\mbed\libraries\mbed\vendor\Freescale\cmsis\KL25Z\ARM\startup_MKL25Z4.s 0x00000000   Number         0  startup_MKL25Z4.o ABSOLUTE
    C:\Users\sammok01\Documents\mbed\libraries\mbed\vendor\Freescale\cmsis\KL25Z\ARM\sys.cpp 0x00000000   Number         0  sys.o ABSOLUTE
    C:\Users\sammok01\Documents\mbed\libraries\mbed\vendor\Freescale\cmsis\KL25Z\cmsis_nvic.c 0x00000000   Number         0  cmsis_nvic.o ABSOLUTE
    C:\Users\sammok01\Documents\mbed\libraries\mbed\vendor\Freescale\cmsis\KL25Z\core_cm0.c 0x00000000   Number         0  core_cm0.o ABSOLUTE
    C:\Users\sammok01\Documents\mbed\libraries\mbed\vendor\Freescale\cmsis\KL25Z\system_MKL25Z4.c 0x00000000   Number         0  system_MKL25Z4.o ABSOLUTE
    C:\\Users\\sammok01\\Documents\\mbed\\libraries\\mbed\\capi\\board.c 0x00000000   Number         0  board.o ABSOLUTE
    C:\\Users\\sammok01\\Documents\\mbed\\libraries\\mbed\\capi\\exit.c 0x00000000   Number         0  exit.o ABSOLUTE
    C:\\Users\\sammok01\\Documents\\mbed\\libraries\\mbed\\capi\\mbed_interface.c 0x00000000   Number         0  mbed_interface.o ABSOLUTE
    C:\\Users\\sammok01\\Documents\\mbed\\libraries\\mbed\\capi\\pinmap_common.c 0x00000000   Number         0  pinmap_common.o ABSOLUTE
    C:\\Users\\sammok01\\Documents\\mbed\\libraries\\mbed\\capi\\semihost_api.c 0x00000000   Number         0  semihost_api.o ABSOLUTE
    C:\\Users\\sammok01\\Documents\\mbed\\libraries\\mbed\\capi\\us_ticker_api.c 0x00000000   Number         0  us_ticker_api.o ABSOLUTE
    C:\\Users\\sammok01\\Documents\\mbed\\libraries\\mbed\\cpp\\FileBase.cpp 0x00000000   Number         0  FileBase.o ABSOLUTE
    C:\\Users\\sammok01\\Documents\\mbed\\libraries\\mbed\\cpp\\FilePath.cpp 0x00000000   Number         0  FilePath.o ABSOLUTE
    C:\\Users\\sammok01\\Documents\\mbed\\libraries\\mbed\\cpp\\FileSystemLike.cpp 0x00000000   Number         0  FileSystemLike.o ABSOLUTE
    C:\\Users\\sammok01\\Documents\\mbed\\libraries\\mbed\\cpp\\stdio.cpp 0x00000000   Number         0  stdio.o ABSOLUTE
    C:\\Users\\sammok01\\Documents\\mbed\\libraries\\mbed\\vendor\\Freescale\\capi\\gpio_api.c 0x00000000   Number         0  gpio_api.o ABSOLUTE
    C:\\Users\\sammok01\\Documents\\mbed\\libraries\\mbed\\vendor\\Freescale\\capi\\pinmap.c 0x00000000   Number         0  pinmap.o ABSOLUTE
    C:\\Users\\sammok01\\Documents\\mbed\\libraries\\mbed\\vendor\\Freescale\\capi\\pwmout_api.c 0x00000000   Number         0  pwmout_api.o ABSOLUTE
    C:\\Users\\sammok01\\Documents\\mbed\\libraries\\mbed\\vendor\\Freescale\\capi\\serial_api.c 0x00000000   Number         0  serial_api.o ABSOLUTE
    C:\\Users\\sammok01\\Documents\\mbed\\libraries\\mbed\\vendor\\Freescale\\capi\\us_ticker.c 0x00000000   Number         0  us_ticker.o ABSOLUTE
    C:\\Users\\sammok01\\Documents\\mbed\\libraries\\mbed\\vendor\\Freescale\\cmsis\\KL25Z\\cmsis_nvic.c 0x00000000   Number         0  cmsis_nvic.o ABSOLUTE
    C:\\Users\\sammok01\\Documents\\mbed\\libraries\\mbed\\vendor\\Freescale\\cmsis\\KL25Z\\system_MKL25Z4.c 0x00000000   Number         0  system_MKL25Z4.o ABSOLUTE
    TSI/TSISensor.cpp                        0x00000000   Number         0  tsisensor.o ABSOLUTE
    TSI\TSISensor.cpp                        0x00000000   Number         0  tsisensor.o ABSOLUTE
    dc.s                                     0x00000000   Number         0  dc.o ABSOLUTE
    main.cpp                                 0x00000000   Number         0  main.o ABSOLUTE
    main.cpp                                 0x00000000   Number         0  main.o ABSOLUTE
    !!!main                                  0x000000c0   Section        8  __main.o(!!!main)
    !!!scatter                               0x000000c8   Section       60  __scatter.o(!!!scatter)
    !!handler_copy                           0x00000104   Section       26  __scatter_copy.o(!!handler_copy)
    !!handler_zi                             0x00000120   Section       28  __scatter_zi.o(!!handler_zi)
    .ARM.Collect$$_printf_percent$$00000000  0x0000013c   Section        2  _printf_percent.o(.ARM.Collect$$_printf_percent$$00000000)
    .ARM.Collect$$_printf_percent$$00000009  0x0000013e   Section       10  _printf_d.o(.ARM.Collect$$_printf_percent$$00000009)
    .ARM.Collect$$_printf_percent$$00000017  0x00000148   Section        4  _printf_percent_end.o(.ARM.Collect$$_printf_percent$$00000017)
    .ARM.Collect$$libinit$$00000000          0x0000014c   Section        2  libinit.o(.ARM.Collect$$libinit$$00000000)
    .ARM.Collect$$libinit$$00000002          0x0000014e   Section        0  libinit2.o(.ARM.Collect$$libinit$$00000002)
    .ARM.Collect$$libinit$$00000004          0x0000014e   Section        0  libinit2.o(.ARM.Collect$$libinit$$00000004)
    .ARM.Collect$$libinit$$00000005          0x0000014e   Section        8  libinit2.o(.ARM.Collect$$libinit$$00000005)
    .ARM.Collect$$libinit$$0000000A          0x00000156   Section        0  libinit2.o(.ARM.Collect$$libinit$$0000000A)
    .ARM.Collect$$libinit$$0000000C          0x00000156   Section        0  libinit2.o(.ARM.Collect$$libinit$$0000000C)
    .ARM.Collect$$libinit$$0000000E          0x00000156   Section        0  libinit2.o(.ARM.Collect$$libinit$$0000000E)
    .ARM.Collect$$libinit$$0000000F          0x00000156   Section        6  libinit2.o(.ARM.Collect$$libinit$$0000000F)
    .ARM.Collect$$libinit$$00000011          0x0000015c   Section        0  libinit2.o(.ARM.Collect$$libinit$$00000011)
    .ARM.Collect$$libinit$$00000012          0x0000015c   Section       12  libinit2.o(.ARM.Collect$$libinit$$00000012)
    .ARM.Collect$$libinit$$00000013          0x00000168   Section        0  libinit2.o(.ARM.Collect$$libinit$$00000013)
    .ARM.Collect$$libinit$$00000015          0x00000168   Section        0  libinit2.o(.ARM.Collect$$libinit$$00000015)
    .ARM.Collect$$libinit$$00000017          0x00000168   Section        0  libinit2.o(.ARM.Collect$$libinit$$00000017)
    .ARM.Collect$$libinit$$00000019          0x00000168   Section        0  libinit2.o(.ARM.Collect$$libinit$$00000019)
    .ARM.Collect$$libinit$$0000001B          0x00000168   Section        0  libinit2.o(.ARM.Collect$$libinit$$0000001B)
    .ARM.Collect$$libinit$$0000001D          0x00000168   Section        0  libinit2.o(.ARM.Collect$$libinit$$0000001D)
    .ARM.Collect$$libinit$$0000001F          0x00000168   Section        0  libinit2.o(.ARM.Collect$$libinit$$0000001F)
    .ARM.Collect$$libinit$$00000021          0x00000168   Section        0  libinit2.o(.ARM.Collect$$libinit$$00000021)
    .ARM.Collect$$libinit$$00000023          0x00000168   Section        0  libinit2.o(.ARM.Collect$$libinit$$00000023)
    .ARM.Collect$$libinit$$00000024          0x00000168   Section        4  libinit2.o(.ARM.Collect$$libinit$$00000024)
    .ARM.Collect$$libinit$$00000025          0x0000016c   Section        0  libinit2.o(.ARM.Collect$$libinit$$00000025)
    .ARM.Collect$$libinit$$0000002C          0x0000016c   Section        0  libinit2.o(.ARM.Collect$$libinit$$0000002C)
    .ARM.Collect$$libinit$$0000002E          0x0000016c   Section        0  libinit2.o(.ARM.Collect$$libinit$$0000002E)
    .ARM.Collect$$libinit$$00000030          0x0000016c   Section        0  libinit2.o(.ARM.Collect$$libinit$$00000030)
    .ARM.Collect$$libinit$$00000032          0x0000016c   Section        0  libinit2.o(.ARM.Collect$$libinit$$00000032)
    .ARM.Collect$$libinit$$00000033          0x0000016c   Section        2  libinit2.o(.ARM.Collect$$libinit$$00000033)
    .ARM.Collect$$libshutdown$$00000004      0x0000016e   Section        0  libshutdown2.o(.ARM.Collect$$libshutdown$$00000004)
    .ARM.Collect$$rtentry$$00000000          0x0000016e   Section        0  __rtentry.o(.ARM.Collect$$rtentry$$00000000)
    .ARM.Collect$$rtentry$$00000002          0x0000016e   Section        0  __rtentry2.o(.ARM.Collect$$rtentry$$00000002)
    .ARM.Collect$$rtentry$$00000004          0x0000016e   Section        6  __rtentry4.o(.ARM.Collect$$rtentry$$00000004)
    .ARM.Collect$$rtentry$$00000009          0x00000174   Section        0  __rtentry2.o(.ARM.Collect$$rtentry$$00000009)
    .ARM.Collect$$rtentry$$0000000A          0x00000174   Section        4  __rtentry2.o(.ARM.Collect$$rtentry$$0000000A)
    .ARM.Collect$$rtentry$$0000000C          0x00000178   Section        0  __rtentry2.o(.ARM.Collect$$rtentry$$0000000C)
    .ARM.Collect$$rtentry$$0000000D          0x00000178   Section        8  __rtentry2.o(.ARM.Collect$$rtentry$$0000000D)
    .emb_text                                0x00000180   Section        0  maybetermalloc1.o(.emb_text)
    .text                                    0x00000180   Section        0  main.o(.text)
    .text                                    0x000001dc   Section       28  startup_MKL25Z4.o(.text)
    .text                                    0x000001f8   Section        0  noretval__2fprintf.o(.text)
    .text                                    0x0000020e   Section        0  __printf.o(.text)
    .text                                    0x0000027c   Section        0  _printf_dec.o(.text)
    .text                                    0x000002e8   Section        0  __0sscanf.o(.text)
    .text                                    0x00000328   Section        0  strlen.o(.text)
    .text                                    0x0000036c   Section        0  strcmp.o(.text)
    .text                                    0x000003f4   Section        8  rt_heap_descriptor.o(.text)
    .text                                    0x000003fc   Section        0  hguard.o(.text)
    .ARM.__at_0x400                          0x00000400   Section       16  startup_MKL25Z4.o(.ARM.__at_0x400)
    .text                                    0x00000410   Section        0  tsisensor.o(.text)
    changeElectrode()                        0x00000411   Thumb Code   136  tsisensor.o(.text)
    tsi_irq()                                0x00000499   Thumb Code    26  tsisensor.o(.text)
    .text                                    0x00000750   Section        0  _scanf_int.o(.text)
    .text                                    0x0000089c   Section        0  strncmp.o(.text)
    .text                                    0x0000093c   Section      346  aeabi_sdiv.o(.text)
    .text                                    0x00000a98   Section        0  d2f.o(.text)
    .text                                    0x00000b14   Section        0  daddsub.o(.text)
    _dadd1                                   0x00000b15   Thumb Code   290  daddsub.o(.text)
    _dsub1                                   0x00000c37   Thumb Code   470  daddsub.o(.text)
    .text                                    0x00000e6c   Section        0  ddiv.o(.text)
    .text                                    0x000012b4   Section        0  dfixi.o(.text)
    .text                                    0x00001320   Section        0  dfixui.o(.text)
    .text                                    0x00001368   Section        0  dflti.o(.text)
    .text                                    0x000013c0   Section        0  dmul.o(.text)
    .text                                    0x00001608   Section        0  f2d.o(.text)
    .text                                    0x0000165c   Section        0  fdiv.o(.text)
    .text                                    0x000017bc   Section        0  ffixui.o(.text)
    .text                                    0x000017ec   Section        0  fflti.o(.text)
    .text                                    0x0000184a   Section        0  h1_alloc.o(.text)
    .text                                    0x000018ac   Section        0  h1_free.o(.text)
    .text                                    0x000018f8   Section        0  _printf_intcommon.o(.text)
    .text                                    0x000019a8   Section        0  _printf_char_file.o(.text)
    .text                                    0x000019d0   Section        0  _chval.o(.text)
    .text                                    0x000019f0   Section        0  scanf_char.o(.text)
    _scanf_char_input                        0x000019f1   Thumb Code    12  scanf_char.o(.text)
    .text                                    0x00001a20   Section        0  _sgetc.o(.text)
    .text                                    0x00001a64   Section        0  initio.o(.text)
    .text                                    0x00001ba0   Section        0  rt_memclr.o(.text)
    .text                                    0x00001be0   Section        0  rtudiv10.o(.text)
    .text                                    0x00001c08   Section        0  init_alloc.o(.text)
    .text                                    0x00001c90   Section        0  h1_init.o(.text)
    .text                                    0x00001c9e   Section        0  isspace.o(.text)
    .text                                    0x00001cb0   Section        0  _printf_char_common.o(.text)
    _printf_input_char                       0x00001cb1   Thumb Code    10  _printf_char_common.o(.text)
    .text                                    0x00001ce0   Section        0  _scanf.o(.text)
    .text                                    0x00002060   Section        0  ferror.o(.text)
    .text                                    0x00002068   Section        0  setvbuf.o(.text)
    .text                                    0x000020b4   Section        0  fopen.o(.text)
    _freopen_locked                          0x000020b5   Thumb Code     0  fopen.o(.text)
    .text                                    0x0000219c   Section        0  fclose.o(.text)
    .text                                    0x000021e8   Section        0  defsig_exit.o(.text)
    .text                                    0x000021f4   Section        0  defsig_rtred_outer.o(.text)
    .text                                    0x00002200   Section        0  sys_exit.o(.text)
    .text                                    0x0000220c   Section       16  rt_ctype_table.o(.text)
    .text                                    0x0000221c   Section        0  h1_extend.o(.text)
    .text                                    0x00002250   Section        0  flsbuf.o(.text)
    .text                                    0x00002440   Section        0  fseek.o(.text)
    .text                                    0x00002534   Section        0  stdio.o(.text)
    .text                                    0x00002624   Section        0  defsig_general.o(.text)
    .text                                    0x00002658   Section        0  defsig_rtred_inner.o(.text)
    .text                                    0x0000268c   Section        0  defsig_rtmem_outer.o(.text)
    .text                                    0x00002698   Section        0  heapauxa.o(.text)
    .text                                    0x000026e8   Section        0  sys_wrch.o(.text)
    .text                                    0x000026f4   Section        2  use_no_semi.o(.text)
    .text                                    0x000026f6   Section        0  indicate_semi.o(.text)
    .text                                    0x000026f8   Section        8  rt_locale.o(.text)
    .text                                    0x00002700   Section        0  ftell.o(.text)
    .text                                    0x00002744   Section        0  defsig_rtmem_inner.o(.text)
    .text                                    0x00002794   Section        8  rt_errno_addr.o(.text)
    i.NVIC_SetVector                         0x0000279c   Section        0  cmsis_nvic.o(i.NVIC_SetVector)
    i.SystemInit                             0x000027d4   Section        0  system_MKL25Z4.o(i.SystemInit)
    i._Z11init_serialv                       0x0000286c   Section        0  stdio.o(i._Z11init_serialv)
    init_serial()                            0x0000286d   Thumb Code    22  stdio.o(i._Z11init_serialv)
    i._ZN4mbed8FileBase11getPathTypeEv       0x0000288c   Section        0  FileBase.o(i._ZN4mbed8FileBase11getPathTypeEv)
    i._ZN4mbed8FileBase6lookupEPKcj          0x00002890   Section        0  FileBase.o(i._ZN4mbed8FileBase6lookupEPKcj)
    i._ZN4mbed8FilePath10fileSystemEv        0x000028cc   Section        0  FilePath.o(i._ZN4mbed8FilePath10fileSystemEv)
    i._ZN4mbed8FilePath12isFileSystemEv      0x000028dc   Section        0  FilePath.o(i._ZN4mbed8FilePath12isFileSystemEv)
    i._ZN4mbed8FilePath4fileEv               0x000028ec   Section        0  FilePath.o(i._ZN4mbed8FilePath4fileEv)
    i._ZN4mbed8FilePath6isFileEv             0x00002902   Section        0  FilePath.o(i._ZN4mbed8FilePath6isFileEv)
    i._ZN4mbed8FilePath8fileNameEv           0x00002916   Section        0  FilePath.o(i._ZN4mbed8FilePath8fileNameEv)
    i._ZN4mbed8FilePathC1EPKc                0x0000291a   Section        0  FilePath.o(i._ZN4mbed8FilePathC1EPKc)
    i.__user_setup_stackheap                 0x00002968   Section        0  sys.o(i.__user_setup_stackheap)
    i._sys_close                             0x00002978   Section        0  stdio.o(i._sys_close)
    i._sys_flen                              0x000029a4   Section        0  stdio.o(i._sys_flen)
    i._sys_istty                             0x000029cc   Section        0  stdio.o(i._sys_istty)
    i._sys_open                              0x000029f4   Section        0  stdio.o(i._sys_open)
    i._sys_seek                              0x00002aec   Section        0  stdio.o(i._sys_seek)
    i._sys_write                             0x00002b14   Section        0  stdio.o(i._sys_write)
    i.exit                                   0x00002b6c   Section        0  exit.o(i.exit)
    i.fputc                                  0x00002b84   Section        0  fputc.o(i.fputc)
    i.gpio_dir                               0x00002ba2   Section        0  gpio_api.o(i.gpio_dir)
    i.gpio_init                              0x00002bc0   Section        0  gpio_api.o(i.gpio_init)
    i.gpio_set                               0x00002c10   Section        0  gpio_api.o(i.gpio_set)
    i.gpio_write                             0x00002c24   Section        0  board.o(i.gpio_write)
    gpio_write                               0x00002c25   Thumb Code    16  board.o(i.gpio_write)
    i.lptmr_isr                              0x00002c34   Section        0  us_ticker.o(i.lptmr_isr)
    lptmr_isr                                0x00002c35   Thumb Code    56  us_ticker.o(i.lptmr_isr)
    i.lptmr_set                              0x00002c78   Section        0  us_ticker.o(i.lptmr_set)
    lptmr_set                                0x00002c79   Thumb Code    26  us_ticker.o(i.lptmr_set)
    i.mbed_die                               0x00002c98   Section        0  board.o(i.mbed_die)
    i.mbed_interface_connected               0x00002cc8   Section        0  mbed_interface.o(i.mbed_interface_connected)
    i.pin_function                           0x00002cd0   Section        0  pinmap.o(i.pin_function)
    i.pin_mode                               0x00002d10   Section        0  pinmap.o(i.pin_mode)
    i.pinmap_merge                           0x00002d28   Section        0  pinmap_common.o(i.pinmap_merge)
    i.pinmap_peripheral                      0x00002d60   Section        0  pinmap_common.o(i.pinmap_peripheral)
    i.pinmap_pinout                          0x00002dac   Section        0  pinmap_common.o(i.pinmap_pinout)
    i.pwmout_init                            0x00002dfc   Section        0  pwmout_api.o(i.pwmout_init)
    i.pwmout_period_ms                       0x00002e80   Section        0  pwmout_api.o(i.pwmout_period_ms)
    i.pwmout_period_us                       0x00002e90   Section        0  pwmout_api.o(i.pwmout_period_us)
    i.pwmout_read                            0x00002ec0   Section        0  pwmout_api.o(i.pwmout_read)
    i.pwmout_write                           0x00002ef8   Section        0  pwmout_api.o(i.pwmout_write)
    i.semihost_connected                     0x00002f34   Section        0  semihost_api.o(i.semihost_connected)
    i.semihost_exit                          0x00002f40   Section        0  semihost_api.o(i.semihost_exit)
    i.serial_baud                            0x00002f4c   Section        0  serial_api.o(i.serial_baud)
    i.serial_format                          0x00002fa0   Section        0  serial_api.o(i.serial_format)
    i.serial_init                            0x00003114   Section        0  serial_api.o(i.serial_init)
    i.serial_putc                            0x0000324c   Section        0  serial_api.o(i.serial_putc)
    i.serial_writable                        0x00003262   Section        0  serial_api.o(i.serial_writable)
    i.us_ticker_clear_interrupt              0x0000327c   Section        0  us_ticker.o(i.us_ticker_clear_interrupt)
    i.us_ticker_disable_interrupt            0x00003280   Section        0  us_ticker.o(i.us_ticker_disable_interrupt)
    i.us_ticker_init                         0x00003290   Section        0  us_ticker.o(i.us_ticker_init)
    i.us_ticker_irq_handler                  0x00003308   Section        0  us_ticker_api.o(i.us_ticker_irq_handler)
    i.us_ticker_read                         0x00003348   Section        0  us_ticker.o(i.us_ticker_read)
    i.us_ticker_set_interrupt                0x00003368   Section        0  us_ticker.o(i.us_ticker_set_interrupt)
    i.wait                                   0x000033ac   Section        0  wait_api.o(i.wait)
    i.wait_ms                                0x000033c8   Section        0  wait_api.o(i.wait_ms)
    i.wait_us                                0x000033d6   Section        0  wait_api.o(i.wait_us)
    locale$$code                             0x000033ec   Section       44  lc_ctype_c.o(locale$$code)
    x$fpl$fmul                               0x00003418   Section      176  fmul.o(x$fpl$fmul)
    .constdata                               0x000034c8   Section      216  pwmout_api.o(.constdata)
    x$fpl$usenofp                            0x000034c8   Section        0  usenofp.o(x$fpl$usenofp)
    PinMap_PWM                               0x000034c8   Data         216  pwmout_api.o(.constdata)
    .constdata                               0x000035a0   Section       23  stdio.o(.constdata)
    .constdata                               0x000035b8   Section      120  serial_api.o(.constdata)
    PinMap_UART_TX                           0x000035b8   Data          60  serial_api.o(.constdata)
    PinMap_UART_RX                           0x000035f4   Data          60  serial_api.o(.constdata)
    .constdata                               0x00003630   Section      128  ddiv.o(.constdata)
    ddiv_reciptbl                            0x00003630   Data         128  ddiv.o(.constdata)
    .constdata                               0x000036b0   Section       64  fdiv.o(.constdata)
    fdiv_tab                                 0x000036b0   Data          64  fdiv.o(.constdata)
    locale$$data                             0x00003710   Section      272  lc_ctype_c.o(locale$$data)
    __lcctype_c_name                         0x00003714   Data           2  lc_ctype_c.o(locale$$data)
    __lcctype_c_start                        0x0000371c   Data           0  lc_ctype_c.o(locale$$data)
    __lcctype_c_end                          0x00003820   Data           0  lc_ctype_c.o(locale$$data)
    .data                                    0x1ffff0c0   Section       64  tsisensor.o(.data)
    total_electrode                          0x1ffff0c0   Data           1  tsisensor.o(.data)
    elec_array                               0x1ffff0c1   Data          16  tsisensor.o(.data)
    gu16Threshold                            0x1ffff0d2   Data          32  tsisensor.o(.data)
    ongoing_elec                             0x1ffff0f2   Data           1  tsisensor.o(.data)
    end_flag                                 0x1ffff0f3   Data           1  tsisensor.o(.data)
    SliderPercentegePosition                 0x1ffff0f4   Data           2  tsisensor.o(.data)
    SliderDistancePosition                   0x1ffff0f6   Data           2  tsisensor.o(.data)
    AbsolutePercentegePosition               0x1ffff0f8   Data           4  tsisensor.o(.data)
    AbsoluteDistancePosition                 0x1ffff0fc   Data           4  tsisensor.o(.data)
    .data                                    0x1ffff100   Section        4  cmsis_nvic.o(.data)
    vectors                                  0x1ffff100   Data           4  cmsis_nvic.o(.data)
    .data                                    0x1ffff104   Section       16  serial_api.o(.data)
    irq_handler                              0x1ffff108   Data           4  serial_api.o(.data)
    .data                                    0x1ffff114   Section       12  us_ticker.o(.data)
    us_ticker_int_remainder                  0x1ffff114   Data           2  us_ticker.o(.data)
    us_ticker_inited                         0x1ffff118   Data           4  us_ticker.o(.data)
    us_ticker_int_counter                    0x1ffff11c   Data           4  us_ticker.o(.data)
    .data                                    0x1ffff120   Section        8  us_ticker_api.o(.data)
    head                                     0x1ffff120   Data           4  us_ticker_api.o(.data)
    event_handler                            0x1ffff124   Data           4  us_ticker_api.o(.data)
    .data                                    0x1ffff128   Section        4  FileBase.o(.data)
    .data                                    0x1ffff12c   Section        4  semihost_api.o(.data)
    is_debugger_attached                     0x1ffff12c   Data           4  semihost_api.o(.data)
    .data                                    0x1ffff130   Section        4  stdio_streams.o(.data)
    .data                                    0x1ffff134   Section        4  stdio_streams.o(.data)
    .data                                    0x1ffff138   Section        4  stdio_streams.o(.data)
    .data                                    0x1ffff13c   Section        4  heapauxa.o(.data)
    __rt_heap_escrow_base                    0x1ffff13c   Data           4  heapauxa.o(.data)
    .bss                                     0x1ffff140   Section       96  tsisensor.o(.bss)
    gu16TSICount                             0x1ffff140   Data          32  tsisensor.o(.bss)
    gu16Baseline                             0x1ffff160   Data          32  tsisensor.o(.bss)
    gu16Delta                                0x1ffff180   Data          32  tsisensor.o(.bss)
    .bss                                     0x1ffff1a0   Section       64  stdio.o(.bss)
    filehandles                              0x1ffff1a0   Data          64  stdio.o(.bss)
    .bss                                     0x1ffff1e0   Section       84  stdio_streams.o(.bss)
    .bss                                     0x1ffff234   Section       84  stdio_streams.o(.bss)
    .bss                                     0x1ffff288   Section       84  stdio_streams.o(.bss)
    .bss                                     0x1ffff2dc   Section        4  rt_heap_descriptor.o(.bss)
    __rt_heap_descriptor_data                0x1ffff2dc   Data           4  rt_heap_descriptor.o(.bss)
    .bss                                     0x1ffff2e0   Section       20  rt_locale.o(.bss)
    __rt_locale_data                         0x1ffff2e0   Data          20  rt_locale.o(.bss)
    .bss                                     0x1ffff2f4   Section        4  rt_errno_addr.o(.bss)
    __aeabi_errno_addr_data                  0x1ffff2f4   Data           4  rt_errno_addr.o(.bss)

    Global Symbols

    Symbol Name                              Value     Ov Type        Size  Object(Section)

    BuildAttributes$$THM_ISAv3M$S$PE$A:L22$X:L11$S22$IEEE1$IW$USESV6$~STKCKD$USESV7$~SHL$OTIME$ROPI$EBA8$UX$STANDARDLIB$REQ8$PRES8$EABIv2 0x00000000   Number         0  anon$$obj.o ABSOLUTE
    __ARM_use_no_argv                        0x00000000   Number         0  main.o ABSOLUTE
    __Vectors                                0x00000000   Data           4  startup_MKL25Z4.o(RESET)
    SHT$$ARM_EXIDX$$Base                      - Undefined Reference
    SHT$$ARM_EXIDX$$Limit                     - Undefined Reference
    __ARM::default_unexpected_handler()       - Undefined Weak Reference
    __ARM_exceptions_buffer_required          - Undefined Weak Reference
    __ARM_exceptions_init                     - Undefined Weak Reference
    __aeabi_unwind_cpp_pr1                    - Undefined Weak Reference
    __aeabi_unwind_cpp_pr2                    - Undefined Weak Reference
    __alloca_initialize                       - Undefined Weak Reference
    __arm_preinit_                            - Undefined Weak Reference
    __cpp_initialize__aeabi_                  - Undefined Weak Reference
    __cxa_begin_cleanup                       - Undefined Weak Reference
    __cxa_finalize                            - Undefined Weak Reference
    __cxa_type_match                          - Undefined Weak Reference
    __rt_lib_shutdown                         - Undefined Weak Reference
    __sigvec_lookup                           - Undefined Weak Reference
    __user_heap_extent                        - Undefined Weak Reference
    _atexit_init                              - Undefined Weak Reference
    _clock_init                               - Undefined Weak Reference
    _fp_trap_init                             - Undefined Weak Reference
    _fp_trap_shutdown                         - Undefined Weak Reference
    _get_lc_collate                           - Undefined Weak Reference
    _get_lc_monetary                          - Undefined Weak Reference
    _get_lc_numeric                           - Undefined Weak Reference
    _get_lc_time                              - Undefined Weak Reference
    _getenv_init                              - Undefined Weak Reference
    _handle_redirection                       - Undefined Weak Reference
    _mutex_acquire                            - Undefined Weak Reference
    _mutex_free                               - Undefined Weak Reference
    _mutex_release                            - Undefined Weak Reference
    _printf_post_padding                      - Undefined Weak Reference
    _printf_pre_padding                       - Undefined Weak Reference
    _printf_truncate_signed                   - Undefined Weak Reference
    _printf_truncate_unsigned                 - Undefined Weak Reference
    _rand_init                                - Undefined Weak Reference
    _scanf_longlong                           - Undefined Weak Reference
    _scanf_mbtowc                             - Undefined Weak Reference
    _scanf_real                               - Undefined Weak Reference
    _scanf_string                             - Undefined Weak Reference
    _scanf_wctomb                             - Undefined Weak Reference
    _scanf_wstring                            - Undefined Weak Reference
    _signal_finish                            - Undefined Weak Reference
    _signal_init                              - Undefined Weak Reference
    __Vectors_End                            0x000000c0   Data           0  startup_MKL25Z4.o(RESET)
    __Vectors_Size                           0x000000c0   Number         0  startup_MKL25Z4.o ABSOLUTE
    __main                                   0x000000c1   Thumb Code     8  __main.o(!!!main)
    __scatterload                            0x000000c9   Thumb Code     0  __scatter.o(!!!scatter)
    __scatterload_rt2                        0x000000c9   Thumb Code    52  __scatter.o(!!!scatter)
    __scatterload_rt2_thumb_only             0x000000c9   Thumb Code     0  __scatter.o(!!!scatter)
    __scatterload_null                       0x000000d9   Thumb Code     0  __scatter.o(!!!scatter)
    __scatterload_copy                       0x00000105   Thumb Code    26  __scatter_copy.o(!!handler_copy)
    __scatterload_zeroinit                   0x00000121   Thumb Code    28  __scatter_zi.o(!!handler_zi)
    _printf_percent                          0x0000013d   Thumb Code     0  _printf_percent.o(.ARM.Collect$$_printf_percent$$00000000)
    _printf_d                                0x0000013f   Thumb Code     0  _printf_d.o(.ARM.Collect$$_printf_percent$$00000009)
    _printf_percent_end                      0x00000149   Thumb Code     0  _printf_percent_end.o(.ARM.Collect$$_printf_percent$$00000017)
    __rt_lib_init                            0x0000014d   Thumb Code     0  libinit.o(.ARM.Collect$$libinit$$00000000)
    __rt_lib_init_fp_1                       0x0000014f   Thumb Code     0  libinit2.o(.ARM.Collect$$libinit$$00000002)
    __rt_lib_init_heap_2                     0x0000014f   Thumb Code     0  libinit2.o(.ARM.Collect$$libinit$$00000005)
    __rt_lib_init_preinit_1                  0x0000014f   Thumb Code     0  libinit2.o(.ARM.Collect$$libinit$$00000004)
    __rt_lib_init_heap_1                     0x00000157   Thumb Code     0  libinit2.o(.ARM.Collect$$libinit$$0000000A)
    __rt_lib_init_lc_common                  0x00000157   Thumb Code     0  libinit2.o(.ARM.Collect$$libinit$$0000000F)
    __rt_lib_init_rand_1                     0x00000157   Thumb Code     0  libinit2.o(.ARM.Collect$$libinit$$0000000E)
    __rt_lib_init_user_alloc_1               0x00000157   Thumb Code     0  libinit2.o(.ARM.Collect$$libinit$$0000000C)
    __rt_lib_init_lc_collate_1               0x0000015d   Thumb Code     0  libinit2.o(.ARM.Collect$$libinit$$00000011)
    __rt_lib_init_lc_ctype_2                 0x0000015d   Thumb Code     0  libinit2.o(.ARM.Collect$$libinit$$00000012)
    __rt_lib_init_atexit_1                   0x00000169   Thumb Code     0  libinit2.o(.ARM.Collect$$libinit$$0000001B)
    __rt_lib_init_clock_1                    0x00000169   Thumb Code     0  libinit2.o(.ARM.Collect$$libinit$$00000021)
    __rt_lib_init_fp_trap_1                  0x00000169   Thumb Code     0  libinit2.o(.ARM.Collect$$libinit$$0000001F)
    __rt_lib_init_getenv_1                   0x00000169   Thumb Code     0  libinit2.o(.ARM.Collect$$libinit$$00000023)
    __rt_lib_init_lc_ctype_1                 0x00000169   Thumb Code     0  libinit2.o(.ARM.Collect$$libinit$$00000013)
    __rt_lib_init_lc_monetary_1              0x00000169   Thumb Code     0  libinit2.o(.ARM.Collect$$libinit$$00000015)
    __rt_lib_init_lc_numeric_1               0x00000169   Thumb Code     0  libinit2.o(.ARM.Collect$$libinit$$00000017)
    __rt_lib_init_lc_time_1                  0x00000169   Thumb Code     0  libinit2.o(.ARM.Collect$$libinit$$00000019)
    __rt_lib_init_signal_1                   0x00000169   Thumb Code     0  libinit2.o(.ARM.Collect$$libinit$$0000001D)
    __rt_lib_init_stdio_2                    0x00000169   Thumb Code     0  libinit2.o(.ARM.Collect$$libinit$$00000024)
    __rt_lib_init_alloca_1                   0x0000016d   Thumb Code     0  libinit2.o(.ARM.Collect$$libinit$$0000002E)
    __rt_lib_init_argv_1                     0x0000016d   Thumb Code     0  libinit2.o(.ARM.Collect$$libinit$$0000002C)
    __rt_lib_init_cpp_1                      0x0000016d   Thumb Code     0  libinit2.o(.ARM.Collect$$libinit$$00000032)
    __rt_lib_init_exceptions_1               0x0000016d   Thumb Code     0  libinit2.o(.ARM.Collect$$libinit$$00000030)
    __rt_lib_init_return                     0x0000016d   Thumb Code     0  libinit2.o(.ARM.Collect$$libinit$$00000033)
    __rt_lib_init_stdio_1                    0x0000016d   Thumb Code     0  libinit2.o(.ARM.Collect$$libinit$$00000025)
    __rt_entry                               0x0000016f   Thumb Code     0  __rtentry.o(.ARM.Collect$$rtentry$$00000000)
    __rt_entry_presh_1                       0x0000016f   Thumb Code     0  __rtentry2.o(.ARM.Collect$$rtentry$$00000002)
    __rt_entry_sh                            0x0000016f   Thumb Code     0  __rtentry4.o(.ARM.Collect$$rtentry$$00000004)
    __rt_lib_shutdown_stdio_2                0x0000016f   Thumb Code     0  libshutdown2.o(.ARM.Collect$$libshutdown$$00000004)
    __rt_entry_li                            0x00000175   Thumb Code     0  __rtentry2.o(.ARM.Collect$$rtentry$$0000000A)
    __rt_entry_postsh_1                      0x00000175   Thumb Code     0  __rtentry2.o(.ARM.Collect$$rtentry$$00000009)
    __rt_entry_main                          0x00000179   Thumb Code     0  __rtentry2.o(.ARM.Collect$$rtentry$$0000000D)
    __rt_entry_postli_1                      0x00000179   Thumb Code     0  __rtentry2.o(.ARM.Collect$$rtentry$$0000000C)
    _maybe_terminate_alloc                   0x00000181   Thumb Code     0  maybetermalloc1.o(.emb_text)
    main                                     0x00000181   Thumb Code    80  main.o(.text)
    Reset_Handler                            0x000001dd   Thumb Code     8  startup_MKL25Z4.o(.text)
    NMI_Handler                              0x000001e5   Thumb Code     2  startup_MKL25Z4.o(.text)
    HardFault_Handler                        0x000001e7   Thumb Code     2  startup_MKL25Z4.o(.text)
    SVC_Handler                              0x000001e9   Thumb Code     2  startup_MKL25Z4.o(.text)
    PendSV_Handler                           0x000001eb   Thumb Code     2  startup_MKL25Z4.o(.text)
    SysTick_Handler                          0x000001ed   Thumb Code     2  startup_MKL25Z4.o(.text)
    ADC0_IRQHandler                          0x000001ef   Thumb Code     0  startup_MKL25Z4.o(.text)
    CMP0_IRQHandler                          0x000001ef   Thumb Code     0  startup_MKL25Z4.o(.text)
    DAC0_IRQHandler                          0x000001ef   Thumb Code     0  startup_MKL25Z4.o(.text)
    DMA0_IRQHandler                          0x000001ef   Thumb Code     0  startup_MKL25Z4.o(.text)
    DMA1_IRQHandler                          0x000001ef   Thumb Code     0  startup_MKL25Z4.o(.text)
    DMA2_IRQHandler                          0x000001ef   Thumb Code     0  startup_MKL25Z4.o(.text)
    DMA3_IRQHandler                          0x000001ef   Thumb Code     0  startup_MKL25Z4.o(.text)
    DefaultISR                               0x000001ef   Thumb Code     0  startup_MKL25Z4.o(.text)
    FTFA_IRQHandler                          0x000001ef   Thumb Code     0  startup_MKL25Z4.o(.text)
    I2C0_IRQHandler                          0x000001ef   Thumb Code     0  startup_MKL25Z4.o(.text)
    I2C1_IRQHandler                          0x000001ef   Thumb Code     0  startup_MKL25Z4.o(.text)
    LLW_IRQHandler                           0x000001ef   Thumb Code     0  startup_MKL25Z4.o(.text)
    LPTimer_IRQHandler                       0x000001ef   Thumb Code     0  startup_MKL25Z4.o(.text)
    LVD_LVW_IRQHandler                       0x000001ef   Thumb Code     0  startup_MKL25Z4.o(.text)
    MCG_IRQHandler                           0x000001ef   Thumb Code     0  startup_MKL25Z4.o(.text)
    PIT_IRQHandler                           0x000001ef   Thumb Code     0  startup_MKL25Z4.o(.text)
    PORTA_IRQHandler                         0x000001ef   Thumb Code     0  startup_MKL25Z4.o(.text)
    PORTD_IRQHandler                         0x000001ef   Thumb Code     0  startup_MKL25Z4.o(.text)
    RTC_IRQHandler                           0x000001ef   Thumb Code     0  startup_MKL25Z4.o(.text)
    RTC_Seconds_IRQHandler                   0x000001ef   Thumb Code     0  startup_MKL25Z4.o(.text)
    Reserved20_IRQHandler                    0x000001ef   Thumb Code     0  startup_MKL25Z4.o(.text)
    Reserved39_IRQHandler                    0x000001ef   Thumb Code     0  startup_MKL25Z4.o(.text)
    Reserved45_IRQHandler                    0x000001ef   Thumb Code     0  startup_MKL25Z4.o(.text)
    SPI0_IRQHandler                          0x000001ef   Thumb Code     0  startup_MKL25Z4.o(.text)
    SPI1_IRQHandler                          0x000001ef   Thumb Code     0  startup_MKL25Z4.o(.text)
    TPM0_IRQHandler                          0x000001ef   Thumb Code     0  startup_MKL25Z4.o(.text)
    TPM1_IRQHandler                          0x000001ef   Thumb Code     0  startup_MKL25Z4.o(.text)
    TPM2_IRQHandler                          0x000001ef   Thumb Code     0  startup_MKL25Z4.o(.text)
    TSI0_IRQHandler                          0x000001ef   Thumb Code     0  startup_MKL25Z4.o(.text)
    UART0_IRQHandler                         0x000001ef   Thumb Code     0  startup_MKL25Z4.o(.text)
    UART1_IRQHandler                         0x000001ef   Thumb Code     0  startup_MKL25Z4.o(.text)
    UART2_IRQHandler                         0x000001ef   Thumb Code     0  startup_MKL25Z4.o(.text)
    USB0_IRQHandler                          0x000001ef   Thumb Code     0  startup_MKL25Z4.o(.text)
    __2fprintf                               0x000001f9   Thumb Code    22  noretval__2fprintf.o(.text)
    __printf                                 0x0000020f   Thumb Code   108  __printf.o(.text)
    _printf_int_dec                          0x0000027d   Thumb Code    90  _printf_dec.o(.text)
    __0sscanf                                0x000002e9   Thumb Code    54  __0sscanf.o(.text)
    strlen                                   0x00000329   Thumb Code    62  strlen.o(.text)
    strcmp                                   0x0000036d   Thumb Code   132  strcmp.o(.text)
    __rt_heap_descriptor                     0x000003f5   Thumb Code     8  rt_heap_descriptor.o(.text)
    __use_no_heap                            0x000003fd   Thumb Code     2  hguard.o(.text)
    __heap$guard                             0x000003ff   Thumb Code     2  hguard.o(.text)
    TSISensor::selfCalibration()             0x000004b3   Thumb Code   246  tsisensor.o(.text)
    TSISensor::TSISensor()                   0x000005a9   Thumb Code    84  tsisensor.o(.text)
    TSISensor::TSISensor__sub_object()       0x000005a9   Thumb Code     0  tsisensor.o(.text)
    TSISensor::sliderRead()                  0x000005fd   Thumb Code   210  tsisensor.o(.text)
    TSISensor::readPercentage()              0x000006cf   Thumb Code    42  tsisensor.o(.text)
    TSISensor::readDistance()                0x000006f9   Thumb Code    16  tsisensor.o(.text)
    _scanf_int                               0x00000751   Thumb Code   330  _scanf_int.o(.text)
    strncmp                                  0x0000089d   Thumb Code   154  strncmp.o(.text)
    __aeabi_uidiv                            0x0000093d   Thumb Code     0  aeabi_sdiv.o(.text)
    __aeabi_uidivmod                         0x0000093d   Thumb Code    20  aeabi_sdiv.o(.text)
    __aeabi_idiv                             0x00000951   Thumb Code     0  aeabi_sdiv.o(.text)
    __aeabi_idivmod                          0x00000951   Thumb Code   326  aeabi_sdiv.o(.text)
    __aeabi_d2f                              0x00000a99   Thumb Code     0  d2f.o(.text)
    _d2f                                     0x00000a99   Thumb Code   120  d2f.o(.text)
    __aeabi_dadd                             0x00000e0d   Thumb Code     0  daddsub.o(.text)
    _dadd                                    0x00000e0d   Thumb Code    26  daddsub.o(.text)
    __aeabi_dsub                             0x00000e27   Thumb Code     0  daddsub.o(.text)
    _dsub                                    0x00000e27   Thumb Code    22  daddsub.o(.text)
    __aeabi_drsub                            0x00000e3d   Thumb Code     0  daddsub.o(.text)
    _drsb                                    0x00000e3d   Thumb Code    28  daddsub.o(.text)
    __aeabi_ddiv                             0x00000e6d   Thumb Code     0  ddiv.o(.text)
    _ddiv                                    0x00000e6d   Thumb Code  1072  ddiv.o(.text)
    _drdiv                                   0x0000129d   Thumb Code    20  ddiv.o(.text)
    __aeabi_d2iz                             0x000012b5   Thumb Code     0  dfixi.o(.text)
    _dfix                                    0x000012b5   Thumb Code    98  dfixi.o(.text)
    __aeabi_d2uiz                            0x00001321   Thumb Code     0  dfixui.o(.text)
    _dfixu                                   0x00001321   Thumb Code    68  dfixui.o(.text)
    __aeabi_i2d_normalise                    0x00001369   Thumb Code    66  dflti.o(.text)
    __aeabi_i2d                              0x000013ab   Thumb Code    16  dflti.o(.text)
    _dflt                                    0x000013ab   Thumb Code     0  dflti.o(.text)
    __aeabi_ui2d                             0x000013bb   Thumb Code     6  dflti.o(.text)
    _dfltu                                   0x000013bb   Thumb Code     0  dflti.o(.text)
    __aeabi_dmul                             0x000013c1   Thumb Code     0  dmul.o(.text)
    _dmul                                    0x000013c1   Thumb Code   558  dmul.o(.text)
    __aeabi_f2d                              0x00001609   Thumb Code     0  f2d.o(.text)
    _f2d                                     0x00001609   Thumb Code    80  f2d.o(.text)
    __aeabi_fdiv                             0x0000165d   Thumb Code     0  fdiv.o(.text)
    _fdiv                                    0x0000165d   Thumb Code   334  fdiv.o(.text)
    _frdiv                                   0x000017ab   Thumb Code     8  fdiv.o(.text)
    __aeabi_f2uiz                            0x000017bd   Thumb Code     0  ffixui.o(.text)
    _ffixu                                   0x000017bd   Thumb Code    48  ffixui.o(.text)
    __aeabi_i2f_normalise                    0x000017ed   Thumb Code    72  fflti.o(.text)
    __aeabi_i2f                              0x00001835   Thumb Code    16  fflti.o(.text)
    _fflt                                    0x00001835   Thumb Code     0  fflti.o(.text)
    __aeabi_ui2f                             0x00001845   Thumb Code     6  fflti.o(.text)
    _ffltu                                   0x00001845   Thumb Code     0  fflti.o(.text)
    malloc                                   0x0000184b   Thumb Code    98  h1_alloc.o(.text)
    free                                     0x000018ad   Thumb Code    76  h1_free.o(.text)
    _printf_int_common                       0x000018f9   Thumb Code   176  _printf_intcommon.o(.text)
    _printf_char_file                        0x000019a9   Thumb Code    34  _printf_char_file.o(.text)
    _chval                                   0x000019d1   Thumb Code    30  _chval.o(.text)
    __vfscanf_char                           0x000019fd   Thumb Code    28  scanf_char.o(.text)
    _sgetc                                   0x00001a21   Thumb Code    32  _sgetc.o(.text)
    _sbackspace                              0x00001a41   Thumb Code    36  _sgetc.o(.text)
    _initio                                  0x00001a65   Thumb Code   216  initio.o(.text)
    _terminateio                             0x00001b3d   Thumb Code    56  initio.o(.text)
    _memset_w                                0x00001ba1   Thumb Code    26  rt_memclr.o(.text)
    _memset                                  0x00001bbb   Thumb Code    30  rt_memclr.o(.text)
    __aeabi_memclr                           0x00001bd9   Thumb Code     4  rt_memclr.o(.text)
    __rt_memclr                              0x00001bd9   Thumb Code     0  rt_memclr.o(.text)
    __aeabi_memclr4                          0x00001bdd   Thumb Code     0  rt_memclr.o(.text)
    __aeabi_memclr8                          0x00001bdd   Thumb Code     0  rt_memclr.o(.text)
    __rt_memclr_w                            0x00001bdd   Thumb Code     4  rt_memclr.o(.text)
    __rt_udiv10                              0x00001be1   Thumb Code    40  rtudiv10.o(.text)
    _terminate_user_alloc                    0x00001c09   Thumb Code     2  init_alloc.o(.text)
    _init_user_alloc                         0x00001c0b   Thumb Code     2  init_alloc.o(.text)
    __Heap_Full                              0x00001c0d   Thumb Code    32  init_alloc.o(.text)
    __Heap_Broken                            0x00001c2d   Thumb Code    10  init_alloc.o(.text)
    _init_alloc                              0x00001c37   Thumb Code    90  init_alloc.o(.text)
    __Heap_Initialize                        0x00001c91   Thumb Code    10  h1_init.o(.text)
    __Heap_DescSize                          0x00001c9b   Thumb Code     4  h1_init.o(.text)
    isspace                                  0x00001c9f   Thumb Code    18  isspace.o(.text)
    _printf_char_common                      0x00001cbb   Thumb Code    32  _printf_char_common.o(.text)
    __vfscanf                                0x00001ce1   Thumb Code   880  _scanf.o(.text)
    ferror                                   0x00002061   Thumb Code     8  ferror.o(.text)
    setvbuf                                  0x00002069   Thumb Code    72  setvbuf.o(.text)
    freopen                                  0x000020b5   Thumb Code   148  fopen.o(.text)
    fopen                                    0x00002149   Thumb Code    76  fopen.o(.text)
    _fclose_internal                         0x0000219d   Thumb Code    72  fclose.o(.text)
    fclose                                   0x0000219d   Thumb Code     0  fclose.o(.text)
    __sig_exit                               0x000021e9   Thumb Code    12  defsig_exit.o(.text)
    __rt_SIGRTRED                            0x000021f5   Thumb Code    12  defsig_rtred_outer.o(.text)
    _sys_exit                                0x00002201   Thumb Code     8  sys_exit.o(.text)
    __rt_ctype_table                         0x0000220d   Thumb Code    16  rt_ctype_table.o(.text)
    __Heap_ProvideMemory                     0x0000221d   Thumb Code    52  h1_extend.o(.text)
    __flsbuf                                 0x00002251   Thumb Code   486  flsbuf.o(.text)
    __flsbuf_byte                            0x00002251   Thumb Code     0  flsbuf.o(.text)
    __flsbuf_wide                            0x00002251   Thumb Code     0  flsbuf.o(.text)
    _fseek                                   0x00002441   Thumb Code   240  fseek.o(.text)
    fseek                                    0x00002441   Thumb Code     0  fseek.o(.text)
    _seterr                                  0x00002535   Thumb Code    20  stdio.o(.text)
    _writebuf                                0x00002549   Thumb Code    76  stdio.o(.text)
    _fflush                                  0x00002595   Thumb Code    76  stdio.o(.text)
    _deferredlazyseek                        0x000025e1   Thumb Code    60  stdio.o(.text)
    __default_signal_display                 0x00002625   Thumb Code    52  defsig_general.o(.text)
    __rt_SIGRTRED_inner                      0x00002659   Thumb Code    14  defsig_rtred_inner.o(.text)
    __rt_SIGRTMEM                            0x0000268d   Thumb Code    12  defsig_rtmem_outer.o(.text)
    __rt_heap_escrow                         0x00002699   Thumb Code    24  heapauxa.o(.text)
    __rt_heap_expand                         0x000026b1   Thumb Code    52  heapauxa.o(.text)
    _ttywrch                                 0x000026e9   Thumb Code    12  sys_wrch.o(.text)
    __I$use$semihosting                      0x000026f5   Thumb Code     0  use_no_semi.o(.text)
    __use_no_semihosting_swi                 0x000026f5   Thumb Code     2  use_no_semi.o(.text)
    __semihosting_library_function           0x000026f7   Thumb Code     0  indicate_semi.o(.text)
    __rt_locale                              0x000026f9   Thumb Code     8  rt_locale.o(.text)
    _ftell_internal                          0x00002701   Thumb Code    66  ftell.o(.text)
    ftell                                    0x00002701   Thumb Code     0  ftell.o(.text)
    __rt_SIGRTMEM_inner                      0x00002745   Thumb Code    22  defsig_rtmem_inner.o(.text)
    __aeabi_errno_addr                       0x00002795   Thumb Code     8  rt_errno_addr.o(.text)
    __errno                                  0x00002795   Thumb Code     0  rt_errno_addr.o(.text)
    __rt_errno_addr                          0x00002795   Thumb Code     0  rt_errno_addr.o(.text)
    NVIC_SetVector                           0x0000279d   Thumb Code    42  cmsis_nvic.o(i.NVIC_SetVector)
    SystemInit                               0x000027d5   Thumb Code   122  system_MKL25Z4.o(i.SystemInit)
    mbed::FileBase::getPathType()            0x0000288d   Thumb Code     4  FileBase.o(i._ZN4mbed8FileBase11getPathTypeEv)
    mbed::FileBase::lookup(const char*, unsigned) 0x00002891   Thumb Code    54  FileBase.o(i._ZN4mbed8FileBase6lookupEPKcj)
    mbed::FilePath::fileSystem()             0x000028cd   Thumb Code    16  FilePath.o(i._ZN4mbed8FilePath10fileSystemEv)
    mbed::FilePath::isFileSystem()           0x000028dd   Thumb Code    16  FilePath.o(i._ZN4mbed8FilePath12isFileSystemEv)
    mbed::FilePath::file()                   0x000028ed   Thumb Code    22  FilePath.o(i._ZN4mbed8FilePath4fileEv)
    mbed::FilePath::isFile()                 0x00002903   Thumb Code    20  FilePath.o(i._ZN4mbed8FilePath6isFileEv)
    mbed::FilePath::fileName()               0x00002917   Thumb Code     4  FilePath.o(i._ZN4mbed8FilePath8fileNameEv)
    mbed::FilePath::FilePath(const char*)    0x0000291b   Thumb Code    76  FilePath.o(i._ZN4mbed8FilePathC1EPKc)
    mbed::FilePath::FilePath__sub_object(const char*) 0x0000291b   Thumb Code     0  FilePath.o(i._ZN4mbed8FilePathC1EPKc)
    __user_setup_stackheap                   0x00002969   Thumb Code    10  sys.o(i.__user_setup_stackheap)
    _sys_close                               0x00002979   Thumb Code    38  stdio.o(i._sys_close)
    _sys_flen                                0x000029a5   Thumb Code    34  stdio.o(i._sys_flen)
    _sys_istty                               0x000029cd   Thumb Code    34  stdio.o(i._sys_istty)
    _sys_open                                0x000029f5   Thumb Code   234  stdio.o(i._sys_open)
    _sys_seek                                0x00002aed   Thumb Code    36  stdio.o(i._sys_seek)
    _sys_write                               0x00002b15   Thumb Code    76  stdio.o(i._sys_write)
    exit                                     0x00002b6d   Thumb Code    24  exit.o(i.exit)
    fputc                                    0x00002b85   Thumb Code    30  fputc.o(i.fputc)
    gpio_dir                                 0x00002ba3   Thumb Code    30  gpio_api.o(i.gpio_dir)
    gpio_init                                0x00002bc1   Thumb Code    76  gpio_api.o(i.gpio_init)
    gpio_set                                 0x00002c11   Thumb Code    20  gpio_api.o(i.gpio_set)
    mbed_die                                 0x00002c99   Thumb Code    42  board.o(i.mbed_die)
    mbed_interface_connected                 0x00002cc9   Thumb Code     8  mbed_interface.o(i.mbed_interface_connected)
    pin_function                             0x00002cd1   Thumb Code    54  pinmap.o(i.pin_function)
    pin_mode                                 0x00002d11   Thumb Code    20  pinmap.o(i.pin_mode)
    pinmap_merge                             0x00002d29   Thumb Code    30  pinmap_common.o(i.pinmap_merge)
    pinmap_peripheral                        0x00002d61   Thumb Code    40  pinmap_common.o(i.pinmap_peripheral)
    pinmap_pinout                            0x00002dad   Thumb Code    56  pinmap_common.o(i.pinmap_pinout)
    pwmout_init                              0x00002dfd   Thumb Code   118  pwmout_api.o(i.pwmout_init)
    pwmout_period_ms                         0x00002e81   Thumb Code    14  pwmout_api.o(i.pwmout_period_ms)
    pwmout_period_us                         0x00002e91   Thumb Code    44  pwmout_api.o(i.pwmout_period_us)
    pwmout_read                              0x00002ec1   Thumb Code    52  pwmout_api.o(i.pwmout_read)
    pwmout_write                             0x00002ef9   Thumb Code    56  pwmout_api.o(i.pwmout_write)
    semihost_connected                       0x00002f35   Thumb Code     6  semihost_api.o(i.semihost_connected)
    semihost_exit                            0x00002f41   Thumb Code    12  semihost_api.o(i.semihost_exit)
    serial_baud                              0x00002f4d   Thumb Code    70  serial_api.o(i.serial_baud)
    serial_format                            0x00002fa1   Thumb Code   186  serial_api.o(i.serial_format)
    serial_init                              0x00003115   Thumb Code   250  serial_api.o(i.serial_init)
    serial_putc                              0x0000324d   Thumb Code    22  serial_api.o(i.serial_putc)
    serial_writable                          0x00003263   Thumb Code    26  serial_api.o(i.serial_writable)
    us_ticker_clear_interrupt                0x0000327d   Thumb Code     2  us_ticker.o(i.us_ticker_clear_interrupt)
    us_ticker_disable_interrupt              0x00003281   Thumb Code    12  us_ticker.o(i.us_ticker_disable_interrupt)
    us_ticker_init                           0x00003291   Thumb Code    90  us_ticker.o(i.us_ticker_init)
    us_ticker_irq_handler                    0x00003309   Thumb Code    58  us_ticker_api.o(i.us_ticker_irq_handler)
    us_ticker_read                           0x00003349   Thumb Code    22  us_ticker.o(i.us_ticker_read)
    us_ticker_set_interrupt                  0x00003369   Thumb Code    58  us_ticker.o(i.us_ticker_set_interrupt)
    wait                                     0x000033ad   Thumb Code    24  wait_api.o(i.wait)
    wait_ms                                  0x000033c9   Thumb Code    14  wait_api.o(i.wait_ms)
    wait_us                                  0x000033d7   Thumb Code    22  wait_api.o(i.wait_us)
    _get_lc_ctype                            0x000033ed   Thumb Code    44  lc_ctype_c.o(locale$$code)
    __aeabi_fmul                             0x00003419   Thumb Code     0  fmul.o(x$fpl$fmul)
    _fmul                                    0x00003419   Thumb Code   172  fmul.o(x$fpl$fmul)
    __I$use$fp                               0x000034c8   Number         0  usenofp.o(x$fpl$usenofp)
    __stdin_name                             0x000035a0   Data           7  stdio.o(.constdata)
    __stdout_name                            0x000035a7   Data           8  stdio.o(.constdata)
    __stderr_name                            0x000035af   Data           8  stdio.o(.constdata)
    Region$$Table$$Base                      0x000036f0   Number         0  anon$$obj.o(Region$$Table)
    Region$$Table$$Limit                     0x00003710   Number         0  anon$$obj.o(Region$$Table)
    __ctype                                  0x0000371d   Data           0  lc_ctype_c.o(locale$$data)
    stdio_uart_inited                        0x1ffff104   Data           4  serial_api.o(.data)
    stdio_uart                               0x1ffff10c   Data           8  serial_api.o(.data)
    mbed::FileBase::_head                    0x1ffff128   Data           4  FileBase.o(.data)
    __aeabi_stdin                            0x1ffff130   Data           4  stdio_streams.o(.data)
    __aeabi_stdout                           0x1ffff134   Data           4  stdio_streams.o(.data)
    __aeabi_stderr                           0x1ffff138   Data           4  stdio_streams.o(.data)
    __stdin                                  0x1ffff1e0   Data          84  stdio_streams.o(.bss)
    __stdout                                 0x1ffff234   Data          84  stdio_streams.o(.bss)
    __stderr                                 0x1ffff288   Data          84  stdio_streams.o(.bss)
    Image$$RW_IRAM1$$ZI$$Limit               0x1ffff2f8   Number         0  anon$$obj.o ABSOLUTE



==============================================================================

Memory Map of the image

  Image Entry point : 0x000000c1

  Load Region LR_IROM1 (Base: 0x00000000, Size: 0x000038a0, Max: 0x00020000, ABSOLUTE)

    Execution Region ER_IROM1 (Base: 0x00000000, Size: 0x00003820, Max: 0x00020000, ABSOLUTE)

    Base Addr    Size         Type   Attr      Idx    E Section Name        Object

    0x00000000   0x000000c0   Data   RO          405    RESET               startup_MKL25Z4.o
    0x000000c0   0x00000008   Code   RO         1757  * !!!main             c_p.l(__main.o)
    0x000000c8   0x0000003c   Code   RO         2352    !!!scatter          c_p.l(__scatter.o)
    0x00000104   0x0000001a   Code   RO         2354    !!handler_copy      c_p.l(__scatter_copy.o)
    0x0000011e   0x00000002   PAD
    0x00000120   0x0000001c   Code   RO         2356    !!handler_zi        c_p.l(__scatter_zi.o)
    0x0000013c   0x00000002   Code   RO         1734    .ARM.Collect$$_printf_percent$$00000000  c_p.l(_printf_percent.o)
    0x0000013e   0x0000000a   Code   RO         1733    .ARM.Collect$$_printf_percent$$00000009  c_p.l(_printf_d.o)
    0x00000148   0x00000004   Code   RO         1979    .ARM.Collect$$_printf_percent$$00000017  c_p.l(_printf_percent_end.o)
    0x0000014c   0x00000002   Code   RO         2264    .ARM.Collect$$libinit$$00000000  c_p.l(libinit.o)
    0x0000014e   0x00000000   Code   RO         2122    .ARM.Collect$$libinit$$00000002  c_p.l(libinit2.o)
    0x0000014e   0x00000000   Code   RO         2124    .ARM.Collect$$libinit$$00000004  c_p.l(libinit2.o)
    0x0000014e   0x00000008   Code   RO         2125    .ARM.Collect$$libinit$$00000005  c_p.l(libinit2.o)
    0x00000156   0x00000000   Code   RO         2127    .ARM.Collect$$libinit$$0000000A  c_p.l(libinit2.o)
    0x00000156   0x00000000   Code   RO         2129    .ARM.Collect$$libinit$$0000000C  c_p.l(libinit2.o)
    0x00000156   0x00000000   Code   RO         2131    .ARM.Collect$$libinit$$0000000E  c_p.l(libinit2.o)
    0x00000156   0x00000006   Code   RO         2132    .ARM.Collect$$libinit$$0000000F  c_p.l(libinit2.o)
    0x0000015c   0x00000000   Code   RO         2134    .ARM.Collect$$libinit$$00000011  c_p.l(libinit2.o)
    0x0000015c   0x0000000c   Code   RO         2135    .ARM.Collect$$libinit$$00000012  c_p.l(libinit2.o)
    0x00000168   0x00000000   Code   RO         2136    .ARM.Collect$$libinit$$00000013  c_p.l(libinit2.o)
    0x00000168   0x00000000   Code   RO         2138    .ARM.Collect$$libinit$$00000015  c_p.l(libinit2.o)
    0x00000168   0x00000000   Code   RO         2140    .ARM.Collect$$libinit$$00000017  c_p.l(libinit2.o)
    0x00000168   0x00000000   Code   RO         2142    .ARM.Collect$$libinit$$00000019  c_p.l(libinit2.o)
    0x00000168   0x00000000   Code   RO         2144    .ARM.Collect$$libinit$$0000001B  c_p.l(libinit2.o)
    0x00000168   0x00000000   Code   RO         2146    .ARM.Collect$$libinit$$0000001D  c_p.l(libinit2.o)
    0x00000168   0x00000000   Code   RO         2148    .ARM.Collect$$libinit$$0000001F  c_p.l(libinit2.o)
    0x00000168   0x00000000   Code   RO         2150    .ARM.Collect$$libinit$$00000021  c_p.l(libinit2.o)
    0x00000168   0x00000000   Code   RO         2152    .ARM.Collect$$libinit$$00000023  c_p.l(libinit2.o)
    0x00000168   0x00000004   Code   RO         2153    .ARM.Collect$$libinit$$00000024  c_p.l(libinit2.o)
    0x0000016c   0x00000000   Code   RO         2154    .ARM.Collect$$libinit$$00000025  c_p.l(libinit2.o)
    0x0000016c   0x00000000   Code   RO         2158    .ARM.Collect$$libinit$$0000002C  c_p.l(libinit2.o)
    0x0000016c   0x00000000   Code   RO         2160    .ARM.Collect$$libinit$$0000002E  c_p.l(libinit2.o)
    0x0000016c   0x00000000   Code   RO         2162    .ARM.Collect$$libinit$$00000030  c_p.l(libinit2.o)
    0x0000016c   0x00000000   Code   RO         2164    .ARM.Collect$$libinit$$00000032  c_p.l(libinit2.o)
    0x0000016c   0x00000002   Code   RO         2165    .ARM.Collect$$libinit$$00000033  c_p.l(libinit2.o)
    0x0000016e   0x00000000   Code   RO         2169    .ARM.Collect$$libshutdown$$00000004  c_p.l(libshutdown2.o)
    0x0000016e   0x00000000   Code   RO         1903    .ARM.Collect$$rtentry$$00000000  c_p.l(__rtentry.o)
    0x0000016e   0x00000000   Code   RO         2037    .ARM.Collect$$rtentry$$00000002  c_p.l(__rtentry2.o)
    0x0000016e   0x00000006   Code   RO         2049    .ARM.Collect$$rtentry$$00000004  c_p.l(__rtentry4.o)
    0x00000174   0x00000000   Code   RO         2039    .ARM.Collect$$rtentry$$00000009  c_p.l(__rtentry2.o)
    0x00000174   0x00000004   Code   RO         2040    .ARM.Collect$$rtentry$$0000000A  c_p.l(__rtentry2.o)
    0x00000178   0x00000000   Code   RO         2042    .ARM.Collect$$rtentry$$0000000C  c_p.l(__rtentry2.o)
    0x00000178   0x00000008   Code   RO         2043    .ARM.Collect$$rtentry$$0000000D  c_p.l(__rtentry2.o)
    0x00000180   0x00000000   Code   RO         2222    .emb_text           c_p.l(maybetermalloc1.o)
    0x00000180   0x0000005c   Code   RO            3    .text               main.o
    0x000001dc   0x0000001c   Code   RO          407    .text               startup_MKL25Z4.o
    0x000001f8   0x00000016   Code   RO         1707    .text               c_p.l(noretval__2fprintf.o)
    0x0000020e   0x0000006c   Code   RO         1709    .text               c_p.l(__printf.o)
    0x0000027a   0x00000002   PAD
    0x0000027c   0x0000006c   Code   RO         1711    .text               c_p.l(_printf_dec.o)
    0x000002e8   0x00000040   Code   RO         1735    .text               c_p.l(__0sscanf.o)
    0x00000328   0x00000044   Code   RO         1745    .text               c_p.l(strlen.o)
    0x0000036c   0x00000088   Code   RO         1751    .text               c_p.l(strcmp.o)
    0x000003f4   0x00000008   Code   RO         2055    .text               c_p.l(rt_heap_descriptor.o)
    0x000003fc   0x00000004   Code   RO         2060    .text               c_p.l(hguard.o)
    0x00000400   0x00000010   Code   RO          406    .ARM.__at_0x400     startup_MKL25Z4.o
    0x00000410   0x00000340   Code   RO          252    .text               tsisensor.o
    0x00000750   0x0000014a   Code   RO         1737    .text               c_p.l(_scanf_int.o)
    0x0000089a   0x00000002   PAD
    0x0000089c   0x000000a0   Code   RO         1747    .text               c_p.l(strncmp.o)
    0x0000093c   0x0000015a   Code   RO         1753    .text               c_p.l(aeabi_sdiv.o)
    0x00000a96   0x00000002   PAD
    0x00000a98   0x0000007c   Code   RO         1875    .text               fz_ps.l(d2f.o)
    0x00000b14   0x00000358   Code   RO         1877    .text               fz_ps.l(daddsub.o)
    0x00000e6c   0x00000448   Code   RO         1879    .text               fz_ps.l(ddiv.o)
    0x000012b4   0x0000006c   Code   RO         1882    .text               fz_ps.l(dfixi.o)
    0x00001320   0x00000048   Code   RO         1884    .text               fz_ps.l(dfixui.o)
    0x00001368   0x00000058   Code   RO         1886    .text               fz_ps.l(dflti.o)
    0x000013c0   0x00000248   Code   RO         1888    .text               fz_ps.l(dmul.o)
    0x00001608   0x00000054   Code   RO         1890    .text               fz_ps.l(f2d.o)
    0x0000165c   0x00000160   Code   RO         1892    .text               fz_ps.l(fdiv.o)
    0x000017bc   0x00000030   Code   RO         1897    .text               fz_ps.l(ffixui.o)
    0x000017ec   0x0000005e   Code   RO         1899    .text               fz_ps.l(fflti.o)
    0x0000184a   0x00000062   Code   RO         1917    .text               c_p.l(h1_alloc.o)
    0x000018ac   0x0000004c   Code   RO         1919    .text               c_p.l(h1_free.o)
    0x000018f8   0x000000b0   Code   RO         1975    .text               c_p.l(_printf_intcommon.o)
    0x000019a8   0x00000028   Code   RO         1977    .text               c_p.l(_printf_char_file.o)
    0x000019d0   0x0000001e   Code   RO         1980    .text               c_p.l(_chval.o)
    0x000019ee   0x00000002   PAD
    0x000019f0   0x00000030   Code   RO         1982    .text               c_p.l(scanf_char.o)
    0x00001a20   0x00000044   Code   RO         1984    .text               c_p.l(_sgetc.o)
    0x00001a64   0x0000013c   Code   RO         1986    .text               c_p.l(initio.o)
    0x00001ba0   0x00000040   Code   RO         1994    .text               c_p.l(rt_memclr.o)
    0x00001be0   0x00000028   Code   RO         1996    .text               c_p.l(rtudiv10.o)
    0x00001c08   0x00000088   Code   RO         2062    .text               c_p.l(init_alloc.o)
    0x00001c90   0x0000000e   Code   RO         2066    .text               c_p.l(h1_init.o)
    0x00001c9e   0x00000012   Code   RO         2080    .text               c_p.l(isspace.o)
    0x00001cb0   0x00000030   Code   RO         2082    .text               c_p.l(_printf_char_common.o)
    0x00001ce0   0x00000380   Code   RO         2084    .text               c_p.l(_scanf.o)
    0x00002060   0x00000008   Code   RO         2086    .text               c_p.l(ferror.o)
    0x00002068   0x0000004c   Code   RO         2092    .text               c_p.l(setvbuf.o)
    0x000020b4   0x000000e8   Code   RO         2095    .text               c_p.l(fopen.o)
    0x0000219c   0x0000004c   Code   RO         2097    .text               c_p.l(fclose.o)
    0x000021e8   0x0000000c   Code   RO         2107    .text               c_p.l(defsig_exit.o)
    0x000021f4   0x0000000c   Code   RO         2109    .text               c_p.l(defsig_rtred_outer.o)
    0x00002200   0x0000000c   Code   RO         2211    .text               c_p.l(sys_exit.o)
    0x0000220c   0x00000010   Code   RO         2213    .text               c_p.l(rt_ctype_table.o)
    0x0000221c   0x00000034   Code   RO         2224    .text               c_p.l(h1_extend.o)
    0x00002250   0x000001f0   Code   RO         2230    .text               c_p.l(flsbuf.o)
    0x00002440   0x000000f4   Code   RO         2232    .text               c_p.l(fseek.o)
    0x00002534   0x000000f0   Code   RO         2234    .text               c_p.l(stdio.o)
    0x00002624   0x00000034   Code   RO         2240    .text               c_p.l(defsig_general.o)
    0x00002658   0x00000034   Code   RO         2246    .text               c_p.l(defsig_rtred_inner.o)
    0x0000268c   0x0000000c   Code   RO         2248    .text               c_p.l(defsig_rtmem_outer.o)
    0x00002698   0x00000050   Code   RO         2252    .text               c_p.l(heapauxa.o)
    0x000026e8   0x0000000c   Code   RO         2282    .text               c_p.l(sys_wrch.o)
    0x000026f4   0x00000002   Code   RO         2284    .text               c_p.l(use_no_semi.o)
    0x000026f6   0x00000000   Code   RO         2286    .text               c_p.l(indicate_semi.o)
    0x000026f6   0x00000002   PAD
    0x000026f8   0x00000008   Code   RO         2287    .text               c_p.l(rt_locale.o)
    0x00002700   0x00000042   Code   RO         2296    .text               c_p.l(ftell.o)
    0x00002742   0x00000002   PAD
    0x00002744   0x00000050   Code   RO         2313    .text               c_p.l(defsig_rtmem_inner.o)
    0x00002794   0x00000008   Code   RO         2323    .text               c_p.l(rt_errno_addr.o)
    0x0000279c   0x00000038   Code   RO          371    i.NVIC_SetVector    cmsis_nvic.o
    0x000027d4   0x00000098   Code   RO          324    i.SystemInit        system_MKL25Z4.o
    0x0000286c   0x00000020   Code   RO          573    i._Z11init_serialv  mbed.ar(stdio.o)
    0x0000288c   0x00000004   Code   RO         1436    i._ZN4mbed8FileBase11getPathTypeEv  mbed.ar(FileBase.o)
    0x00002890   0x0000003c   Code   RO         1438    i._ZN4mbed8FileBase6lookupEPKcj  mbed.ar(FileBase.o)
    0x000028cc   0x00000010   Code   RO         1124    i._ZN4mbed8FilePath10fileSystemEv  mbed.ar(FilePath.o)
    0x000028dc   0x00000010   Code   RO         1125    i._ZN4mbed8FilePath12isFileSystemEv  mbed.ar(FilePath.o)
    0x000028ec   0x00000016   Code   RO         1126    i._ZN4mbed8FilePath4fileEv  mbed.ar(FilePath.o)
    0x00002902   0x00000014   Code   RO         1127    i._ZN4mbed8FilePath6isFileEv  mbed.ar(FilePath.o)
    0x00002916   0x00000004   Code   RO         1128    i._ZN4mbed8FilePath8fileNameEv  mbed.ar(FilePath.o)
    0x0000291a   0x0000004c   Code   RO         1129    i._ZN4mbed8FilePathC1EPKc  mbed.ar(FilePath.o)
    0x00002966   0x00000002   PAD
    0x00002968   0x00000010   Code   RO          291    i.__user_setup_stackheap  sys.o
    0x00002978   0x0000002c   Code   RO          576    i._sys_close        mbed.ar(stdio.o)
    0x000029a4   0x00000028   Code   RO          579    i._sys_flen         mbed.ar(stdio.o)
    0x000029cc   0x00000028   Code   RO          580    i._sys_istty        mbed.ar(stdio.o)
    0x000029f4   0x000000f8   Code   RO          581    i._sys_open         mbed.ar(stdio.o)
    0x00002aec   0x00000028   Code   RO          583    i._sys_seek         mbed.ar(stdio.o)
    0x00002b14   0x00000058   Code   RO          584    i._sys_write        mbed.ar(stdio.o)
    0x00002b6c   0x00000018   Code   RO         1363    i.exit              mbed.ar(exit.o)
    0x00002b84   0x0000001e   Code   RO         2089    i.fputc             c_p.l(fputc.o)
    0x00002ba2   0x0000001e   Code   RO         1665    i.gpio_dir          mbed.ar(gpio_api.o)
    0x00002bc0   0x00000050   Code   RO         1666    i.gpio_init         mbed.ar(gpio_api.o)
    0x00002c10   0x00000014   Code   RO         1668    i.gpio_set          mbed.ar(gpio_api.o)
    0x00002c24   0x00000010   Code   RO         1508    i.gpio_write        mbed.ar(board.o)
    0x00002c34   0x00000044   Code   RO          999    i.lptmr_isr         mbed.ar(us_ticker.o)
    0x00002c78   0x00000020   Code   RO         1000    i.lptmr_set         mbed.ar(us_ticker.o)
    0x00002c98   0x00000030   Code   RO         1509    i.mbed_die          mbed.ar(board.o)
    0x00002cc8   0x00000008   Code   RO         1539    i.mbed_interface_connected  mbed.ar(mbed_interface.o)
    0x00002cd0   0x00000040   Code   RO         1333    i.pin_function      mbed.ar(pinmap.o)
    0x00002d10   0x00000018   Code   RO         1334    i.pin_mode          mbed.ar(pinmap.o)
    0x00002d28   0x00000038   Code   RO         1064    i.pinmap_merge      mbed.ar(pinmap_common.o)
    0x00002d60   0x0000004c   Code   RO         1065    i.pinmap_peripheral  mbed.ar(pinmap_common.o)
    0x00002dac   0x00000050   Code   RO         1066    i.pinmap_pinout     mbed.ar(pinmap_common.o)
    0x00002dfc   0x00000084   Code   RO          412    i.pwmout_init       mbed.ar(pwmout_api.o)
    0x00002e80   0x0000000e   Code   RO          414    i.pwmout_period_ms  mbed.ar(pwmout_api.o)
    0x00002e8e   0x00000002   PAD
    0x00002e90   0x00000030   Code   RO          415    i.pwmout_period_us  mbed.ar(pwmout_api.o)
    0x00002ec0   0x00000038   Code   RO          419    i.pwmout_read       mbed.ar(pwmout_api.o)
    0x00002ef8   0x0000003c   Code   RO          420    i.pwmout_write      mbed.ar(pwmout_api.o)
    0x00002f34   0x0000000c   Code   RO         1607    i.semihost_connected  mbed.ar(semihost_api.o)
    0x00002f40   0x0000000c   Code   RO         1609    i.semihost_exit     mbed.ar(semihost_api.o)
    0x00002f4c   0x00000054   Code   RO          866    i.serial_baud       mbed.ar(serial_api.o)
    0x00002fa0   0x00000174   Code   RO          868    i.serial_format     mbed.ar(serial_api.o)
    0x00003114   0x00000138   Code   RO          871    i.serial_init       mbed.ar(serial_api.o)
    0x0000324c   0x00000016   Code   RO          875    i.serial_putc       mbed.ar(serial_api.o)
    0x00003262   0x0000001a   Code   RO          877    i.serial_writable   mbed.ar(serial_api.o)
    0x0000327c   0x00000002   Code   RO         1001    i.us_ticker_clear_interrupt  mbed.ar(us_ticker.o)
    0x0000327e   0x00000002   PAD
    0x00003280   0x00000010   Code   RO         1002    i.us_ticker_disable_interrupt  mbed.ar(us_ticker.o)
    0x00003290   0x00000078   Code   RO         1003    i.us_ticker_init    mbed.ar(us_ticker.o)
    0x00003308   0x00000040   Code   RO         1397    i.us_ticker_irq_handler  mbed.ar(us_ticker_api.o)
    0x00003348   0x00000020   Code   RO         1004    i.us_ticker_read    mbed.ar(us_ticker.o)
    0x00003368   0x00000044   Code   RO         1005    i.us_ticker_set_interrupt  mbed.ar(us_ticker.o)
    0x000033ac   0x0000001c   Code   RO          541    i.wait              mbed.ar(wait_api.o)
    0x000033c8   0x0000000e   Code   RO          542    i.wait_ms           mbed.ar(wait_api.o)
    0x000033d6   0x00000016   Code   RO          543    i.wait_us           mbed.ar(wait_api.o)
    0x000033ec   0x0000002c   Code   RO         2303    locale$$code        c_p.l(lc_ctype_c.o)
    0x00003418   0x000000b0   Code   RO         1901    x$fpl$fmul          fz_ps.l(fmul.o)
    0x000034c8   0x00000000   Code   RO         2030    x$fpl$usenofp       fz_ps.l(usenofp.o)
    0x000034c8   0x000000d8   Data   RO          421    .constdata          mbed.ar(pwmout_api.o)
    0x000035a0   0x00000017   Data   RO          620    .constdata          mbed.ar(stdio.o)
    0x000035b7   0x00000001   PAD
    0x000035b8   0x00000078   Data   RO          883    .constdata          mbed.ar(serial_api.o)
    0x00003630   0x00000080   Data   RO         1880    .constdata          fz_ps.l(ddiv.o)
    0x000036b0   0x00000040   Data   RO         1893    .constdata          fz_ps.l(fdiv.o)
    0x000036f0   0x00000020   Data   RO         2350    Region$$Table       anon$$obj.o
    0x00003710   0x00000110   Data   RO         2302    locale$$data        c_p.l(lc_ctype_c.o)


    Execution Region RW_IRAM1 (Base: 0x1ffff0c0, Size: 0x00000238, Max: 0x00003f40, ABSOLUTE)

    Base Addr    Size         Type   Attr      Idx    E Section Name        Object

    0x1ffff0c0   0x00000040   Data   RW          255    .data               tsisensor.o
    0x1ffff100   0x00000004   Data   RW          372    .data               cmsis_nvic.o
    0x1ffff104   0x00000010   Data   RW          884    .data               mbed.ar(serial_api.o)
    0x1ffff114   0x0000000c   Data   RW         1006    .data               mbed.ar(us_ticker.o)
    0x1ffff120   0x00000008   Data   RW         1400    .data               mbed.ar(us_ticker_api.o)
    0x1ffff128   0x00000004   Data   RW         1450    .data               mbed.ar(FileBase.o)
    0x1ffff12c   0x00000004   Data   RW         1614    .data               mbed.ar(semihost_api.o)
    0x1ffff130   0x00000004   Data   RW         1742    .data               c_p.l(stdio_streams.o)
    0x1ffff134   0x00000004   Data   RW         1743    .data               c_p.l(stdio_streams.o)
    0x1ffff138   0x00000004   Data   RW         1744    .data               c_p.l(stdio_streams.o)
    0x1ffff13c   0x00000004   Data   RW         2253    .data               c_p.l(heapauxa.o)
    0x1ffff140   0x00000060   Zero   RW          254    .bss                tsisensor.o
    0x1ffff1a0   0x00000040   Zero   RW          619    .bss                mbed.ar(stdio.o)
    0x1ffff1e0   0x00000054   Zero   RW         1739    .bss                c_p.l(stdio_streams.o)
    0x1ffff234   0x00000054   Zero   RW         1740    .bss                c_p.l(stdio_streams.o)
    0x1ffff288   0x00000054   Zero   RW         1741    .bss                c_p.l(stdio_streams.o)
    0x1ffff2dc   0x00000004   Zero   RW         2056    .bss                c_p.l(rt_heap_descriptor.o)
    0x1ffff2e0   0x00000014   Zero   RW         2288    .bss                c_p.l(rt_locale.o)
    0x1ffff2f4   0x00000004   Zero   RW         2324    .bss                c_p.l(rt_errno_addr.o)


==============================================================================

Image component sizes


      Code (inc. data)   RO Data    RW Data    ZI Data      Debug   Object Name

        56         14          0          4          0       1189   cmsis_nvic.o
         0          0          0          0          0       4204   core_cm0.o
        92         12          0          0          0      97487   main.o
        44         24        192          0          0        164   startup_MKL25Z4.o
        16          6          0          0          0       2141   sys.o
       152         30          0          0          0      86661   system_MKL25Z4.o
       832         72          0         64         96      10404   tsisensor.o

    ----------------------------------------------------------------------
      1192        158        224         68         96     202250   Object Totals
         0          0         32          0          0          0   (incl. Generated)
         0          0          0          0          0          0   (incl. Padding)

    ----------------------------------------------------------------------

      Code (inc. data)   RO Data    RW Data    ZI Data      Debug   Library Member Name

        64         10          0          0          0         84   __0sscanf.o
         8          0          0          0          0         68   __main.o
       108          0          0          0          0         76   __printf.o
         0          0          0          0          0          0   __rtentry.o
        12          0          0          0          0          0   __rtentry2.o
         6          0          0          0          0          0   __rtentry4.o
        60          8          0          0          0          0   __scatter.o
        26          0          0          0          0          0   __scatter_copy.o
        28          0          0          0          0          0   __scatter_zi.o
        30          0          0          0          0         60   _chval.o
        48          6          0          0          0         88   _printf_char_common.o
        40          6          0          0          0         72   _printf_char_file.o
        10          0          0          0          0          0   _printf_d.o
       108         18          0          0          0         76   _printf_dec.o
       176          0          0          0          0         84   _printf_intcommon.o
         2          0          0          0          0          0   _printf_percent.o
         4          0          0          0          0          0   _printf_percent_end.o
       896         16          0          0          0         84   _scanf.o
       330          0          0          0          0         84   _scanf_int.o
        68          0          0          0          0         76   _sgetc.o
       346          0          0          0          0         92   aeabi_sdiv.o
        12          0          0          0          0         68   defsig_exit.o
        52          0          0          0          0         72   defsig_general.o
        80         58          0          0          0         68   defsig_rtmem_inner.o
        12          0          0          0          0         68   defsig_rtmem_outer.o
        52         38          0          0          0         68   defsig_rtred_inner.o
        12          0          0          0          0         68   defsig_rtred_outer.o
        76          4          0          0          0         76   fclose.o
         8          0          0          0          0         60   ferror.o
       496         10          0          0          0         76   flsbuf.o
       232          8          0          0          0        108   fopen.o
        30          0          0          0          0         68   fputc.o
       244          4          0          0          0         76   fseek.o
        66          0          0          0          0         68   ftell.o
        98          0          0          0          0         72   h1_alloc.o
        52          0          0          0          0         68   h1_extend.o
        76          0          0          0          0         72   h1_free.o
        14          0          0          0          0         76   h1_init.o
        80          4          0          4          0         88   heapauxa.o
         4          0          0          0          0        120   hguard.o
         0          0          0          0          0          0   indicate_semi.o
       136          0          0          0          0        160   init_alloc.o
       316         44          0          0          0         96   initio.o
        18          0          0          0          0         68   isspace.o
        44         10        272          0          0         76   lc_ctype_c.o
         2          0          0          0          0          0   libinit.o
        32          0          0          0          0          0   libinit2.o
         0          0          0          0          0          0   libshutdown2.o
         0          0          0          0          0          0   maybetermalloc1.o
        22          0          0          0          0         84   noretval__2fprintf.o
        16          4          0          0          0         76   rt_ctype_table.o
         8          4          0          0          4         68   rt_errno_addr.o
         8          4          0          0          4         68   rt_heap_descriptor.o
         8          4          0          0         20         68   rt_locale.o
        64          0          0          0          0        108   rt_memclr.o
        40          0          0          0          0         60   rtudiv10.o
        48          8          0          0          0         84   scanf_char.o
        76          4          0          0          0         72   setvbuf.o
       240          8          0          0          0        144   stdio.o
         0          0          0         12        252          0   stdio_streams.o
       136          4          0          0          0         72   strcmp.o
        68          6          0          0          0         72   strlen.o
       160          6          0          0          0         76   strncmp.o
        12          4          0          0          0         60   sys_exit.o
        12          0          0          0          0         68   sys_wrch.o
         2          0          0          0          0         68   use_no_semi.o
       124          4          0          0          0         72   d2f.o
       856         20          0          0          0        208   daddsub.o
      1096         26        128          0          0        112   ddiv.o
       108         10          0          0          0         72   dfixi.o
        72          4          0          0          0         68   dfixui.o
        88          0          0          0          0         92   dflti.o
       584         26          0          0          0         84   dmul.o
        84          4          0          0          0         60   f2d.o
       352         10         64          0          0         92   fdiv.o
        48          0          0          0          0         60   ffixui.o
        94          0          0          0          0         92   fflti.o
       176          4          0          0          0         80   fmul.o
         0          0          0          0          0          0   usenofp.o
        64          6          0          4          0       1184   FileBase.o
       154          0          0          0          0       8656   FilePath.o
        64          6          0          0          0       1327   board.o
        24          0          0          0          0        459   exit.o
       130          4          0          0          0       2236   gpio_api.o
         8          0          0          0          0       1204   mbed_interface.o
        88         14          0          0          0       1690   pinmap.o
       212         86          0          0          0       4651   pinmap_common.o
       310         26        216          0          0      95409   pwmout_api.o
        24          6          0          4          0       1109   semihost_api.o
       816        262        120         16          0       5187   serial_api.o
       532         58         23          0         64     100030   stdio.o
       338         72          0         12          0      10358   us_ticker.o
        64          6          0          8          0       1268   us_ticker_api.o
        64          4          0          0          0       2339   wait_api.o

    ----------------------------------------------------------------------
     12128        958        824         60        344     242231   Library Totals
        20          0          1          0          0          0   (incl. Padding)

    ----------------------------------------------------------------------

      Code (inc. data)   RO Data    RW Data    ZI Data      Debug   Library Name

      5534        300        272         16        280       4032   c_p.l
      3682        108        192          0          0       1092   fz_ps.l
      2892        550        359         44         64     237107   mbed.ar

    ----------------------------------------------------------------------
     12128        958        824         60        344     242231   Library Totals

    ----------------------------------------------------------------------

==============================================================================


      Code (inc. data)   RO Data    RW Data    ZI Data      Debug   

     13320       1116       1048        128        440     439597   Grand Totals
     13320       1116       1048        128        440     439597   ELF Image Totals
     13320       1116       1048        128          0          0   ROM Totals

==============================================================================

    Total RO  Size (Code + RO Data)                14368 (  14.03kB)
    Total RW  Size (RW Data + ZI Data)               568 (   0.55kB)
    Total ROM Size (Code + RO Data + RW Data)      14496 (  14.16kB)

==============================================================================

