Component: ARM Compiler 5.06 (build 20) Tool: armlink [4d35a3]

==============================================================================

Section Cross References

    main.o(.text) refers to leds.o(.text) for init_RGB
    main.o(.text) refers to switches.o(.text) for init_switches
    stm32f4xx_hal_pwr.o(i.HAL_PWR_PVD_IRQHandler) refers to stm32f4xx_hal_pwr.o(i.HAL_PWR_PVDCallback) for HAL_PWR_PVDCallback
    hal_tick.o(i.HAL_InitTick) refers to stm32f4xx_hal_tim.o(i.HAL_TIM_OC_Init) for HAL_TIM_OC_Init
    hal_tick.o(i.HAL_InitTick) refers to cmsis_nvic.o(i.NVIC_SetVector) for NVIC_SetVector
    hal_tick.o(i.HAL_InitTick) refers to stm32f4xx_hal_tim.o(i.HAL_TIM_OC_Start) for HAL_TIM_OC_Start
    hal_tick.o(i.HAL_InitTick) refers to hal_tick.o(.bss) for .bss
    hal_tick.o(i.HAL_InitTick) refers to system_stm32f4xx.o(.data) for SystemCoreClock
    hal_tick.o(i.HAL_InitTick) refers to hal_tick.o(i.timer_irq_handler) for timer_irq_handler
    hal_tick.o(i.HAL_InitTick) refers to hal_tick.o(.data) for .data
    hal_tick.o(i.timer_irq_handler) refers to us_ticker_api.o(i.us_ticker_irq_handler) for us_ticker_irq_handler
    hal_tick.o(i.timer_irq_handler) refers to stm32f4xx_hal.o(i.HAL_IncTick) for HAL_IncTick
    hal_tick.o(i.timer_irq_handler) refers to hal_tick.o(.bss) for .bss
    hal_tick.o(i.timer_irq_handler) refers to hal_tick.o(.data) for .data
    stm32f4xx_hal_wwdg.o(i.HAL_WWDG_DeInit) refers to stm32f4xx_hal_wwdg.o(i.HAL_WWDG_MspDeInit) for HAL_WWDG_MspDeInit
    stm32f4xx_hal_wwdg.o(i.HAL_WWDG_IRQHandler) refers to stm32f4xx_hal_wwdg.o(i.HAL_WWDG_WakeupCallback) for HAL_WWDG_WakeupCallback
    stm32f4xx_hal_wwdg.o(i.HAL_WWDG_Init) refers to stm32f4xx_hal_wwdg.o(i.HAL_WWDG_MspInit) for HAL_WWDG_MspInit
    stm32f4xx_hal_tim_ex.o(i.HAL_TIMEx_ConfigCommutationEvent_DMA) refers to stm32f4xx_hal_tim_ex.o(i.HAL_TIMEx_DMACommutationCplt) for HAL_TIMEx_DMACommutationCplt
    stm32f4xx_hal_tim_ex.o(i.HAL_TIMEx_ConfigCommutationEvent_DMA) refers to stm32f4xx_hal_tim.o(i.HAL_TIM_DMAError) for HAL_TIM_DMAError
    stm32f4xx_hal_tim_ex.o(i.HAL_TIMEx_DMACommutationCplt) refers to stm32f4xx_hal_tim_ex.o(i.HAL_TIMEx_CommutationCallback) for HAL_TIMEx_CommutationCallback
    stm32f4xx_hal_tim_ex.o(i.HAL_TIMEx_HallSensor_DeInit) refers to stm32f4xx_hal_tim_ex.o(i.HAL_TIMEx_HallSensor_MspDeInit) for HAL_TIMEx_HallSensor_MspDeInit
    stm32f4xx_hal_tim_ex.o(i.HAL_TIMEx_HallSensor_Init) refers to stm32f4xx_hal_tim_ex.o(i.HAL_TIMEx_HallSensor_MspInit) for HAL_TIMEx_HallSensor_MspInit
    stm32f4xx_hal_tim_ex.o(i.HAL_TIMEx_HallSensor_Init) refers to stm32f4xx_hal_tim.o(i.TIM_Base_SetConfig) for TIM_Base_SetConfig
    stm32f4xx_hal_tim_ex.o(i.HAL_TIMEx_HallSensor_Init) refers to stm32f4xx_hal_tim.o(i.TIM_TI1_SetConfig) for TIM_TI1_SetConfig
    stm32f4xx_hal_tim_ex.o(i.HAL_TIMEx_HallSensor_Init) refers to stm32f4xx_hal_tim.o(i.TIM_OC2_SetConfig) for TIM_OC2_SetConfig
    stm32f4xx_hal_tim_ex.o(i.HAL_TIMEx_HallSensor_Start) refers to stm32f4xx_hal_tim.o(i.TIM_CCxChannelCmd) for TIM_CCxChannelCmd
    stm32f4xx_hal_tim_ex.o(i.HAL_TIMEx_HallSensor_Start_DMA) refers to stm32f4xx_hal_tim.o(i.TIM_CCxChannelCmd) for TIM_CCxChannelCmd
    stm32f4xx_hal_tim_ex.o(i.HAL_TIMEx_HallSensor_Start_DMA) refers to stm32f4xx_hal_dma.o(i.HAL_DMA_Start_IT) for HAL_DMA_Start_IT
    stm32f4xx_hal_tim_ex.o(i.HAL_TIMEx_HallSensor_Start_DMA) refers to stm32f4xx_hal_tim.o(i.HAL_TIM_DMACaptureCplt) for HAL_TIM_DMACaptureCplt
    stm32f4xx_hal_tim_ex.o(i.HAL_TIMEx_HallSensor_Start_DMA) refers to stm32f4xx_hal_tim.o(i.HAL_TIM_DMAError) for HAL_TIM_DMAError
    stm32f4xx_hal_tim_ex.o(i.HAL_TIMEx_HallSensor_Start_IT) refers to stm32f4xx_hal_tim.o(i.TIM_CCxChannelCmd) for TIM_CCxChannelCmd
    stm32f4xx_hal_tim_ex.o(i.HAL_TIMEx_HallSensor_Stop) refers to stm32f4xx_hal_tim.o(i.TIM_CCxChannelCmd) for TIM_CCxChannelCmd
    stm32f4xx_hal_tim_ex.o(i.HAL_TIMEx_HallSensor_Stop_DMA) refers to stm32f4xx_hal_tim.o(i.TIM_CCxChannelCmd) for TIM_CCxChannelCmd
    stm32f4xx_hal_tim_ex.o(i.HAL_TIMEx_HallSensor_Stop_IT) refers to stm32f4xx_hal_tim.o(i.TIM_CCxChannelCmd) for TIM_CCxChannelCmd
    stm32f4xx_hal_tim_ex.o(i.HAL_TIMEx_OCN_Start_DMA) refers to stm32f4xx_hal_dma.o(i.HAL_DMA_Start_IT) for HAL_DMA_Start_IT
    stm32f4xx_hal_tim_ex.o(i.HAL_TIMEx_OCN_Start_DMA) refers to stm32f4xx_hal_tim.o(i.HAL_TIM_DMADelayPulseCplt) for HAL_TIM_DMADelayPulseCplt
    stm32f4xx_hal_tim_ex.o(i.HAL_TIMEx_OCN_Start_DMA) refers to stm32f4xx_hal_tim.o(i.HAL_TIM_DMAError) for HAL_TIM_DMAError
    stm32f4xx_hal_tim_ex.o(i.HAL_TIMEx_PWMN_Start_DMA) refers to stm32f4xx_hal_dma.o(i.HAL_DMA_Start_IT) for HAL_DMA_Start_IT
    stm32f4xx_hal_tim_ex.o(i.HAL_TIMEx_PWMN_Start_DMA) refers to stm32f4xx_hal_tim.o(i.HAL_TIM_DMADelayPulseCplt) for HAL_TIM_DMADelayPulseCplt
    stm32f4xx_hal_tim_ex.o(i.HAL_TIMEx_PWMN_Start_DMA) refers to stm32f4xx_hal_tim.o(i.HAL_TIM_DMAError) for HAL_TIM_DMAError
[...]
    Removing stm32f4xx_hal_pwr_ex.o(i.HAL_PWREx_EnableBkUpReg), (60 bytes).
    Removing stm32f4xx_hal_pwr_ex.o(i.HAL_PWREx_EnableFlashPowerDown), (12 bytes).
    Removing stm32f4xx_hal_can.o(.rev16_text), (4 bytes).
    Removing stm32f4xx_hal_can.o(.revsh_text), (4 bytes).
    Removing stm32f4xx_hal_dac.o(.rev16_text), (4 bytes).
    Removing stm32f4xx_hal_dac.o(.revsh_text), (4 bytes).
    Removing system_stm32f4xx.o(.rev16_text), (4 bytes).
    Removing system_stm32f4xx.o(.revsh_text), (4 bytes).
    Removing system_stm32f4xx.o(i.SetSysClock), (144 bytes).
    Removing system_stm32f4xx.o(i.SetSysClock_PLL_HSI), (120 bytes).
    Removing stm32f4xx_hal_spi.o(.rev16_text), (4 bytes).
    Removing stm32f4xx_hal_spi.o(.revsh_text), (4 bytes).
    Removing stm32f4xx_hal_spi.o(i.HAL_SPI_DeInit), (44 bytes).
    Removing stm32f4xx_hal_spi.o(i.HAL_SPI_ErrorCallback), (2 bytes).
    Removing stm32f4xx_hal_spi.o(i.HAL_SPI_GetError), (6 bytes).
    Removing stm32f4xx_hal_spi.o(i.HAL_SPI_GetState), (6 bytes).
    Removing stm32f4xx_hal_spi.o(i.HAL_SPI_IRQHandler), (220 bytes).
    Removing stm32f4xx_hal_spi.o(i.HAL_SPI_Init), (132 bytes).
    Removing stm32f4xx_hal_spi.o(i.HAL_SPI_MspDeInit), (2 bytes).
    Removing stm32f4xx_hal_spi.o(i.HAL_SPI_MspInit), (2 bytes).
    Removing stm32f4xx_hal_spi.o(i.HAL_SPI_Receive), (500 bytes).
    Removing stm32f4xx_hal_spi.o(i.HAL_SPI_Receive_DMA), (220 bytes).
    Removing stm32f4xx_hal_spi.o(i.HAL_SPI_Receive_IT), (320 bytes).
    Removing stm32f4xx_hal_spi.o(i.HAL_SPI_RxCpltCallback), (2 bytes).
    Removing stm32f4xx_hal_spi.o(i.HAL_SPI_Transmit), (382 bytes).
    Removing stm32f4xx_hal_spi.o(i.HAL_SPI_TransmitReceive), (696 bytes).
    Removing stm32f4xx_hal_spi.o(i.HAL_SPI_TransmitReceive_DMA), (232 bytes).
    Removing stm32f4xx_hal_spi.o(i.HAL_SPI_TransmitReceive_IT), (180 bytes).
    Removing stm32f4xx_hal_spi.o(i.HAL_SPI_Transmit_DMA), (184 bytes).
    Removing stm32f4xx_hal_spi.o(i.HAL_SPI_Transmit_IT), (164 bytes).
    Removing stm32f4xx_hal_spi.o(i.HAL_SPI_TxCpltCallback), (2 bytes).
    Removing stm32f4xx_hal_spi.o(i.HAL_SPI_TxRxCpltCallback), (2 bytes).
    Removing stm32f4xx_hal_spi.o(i.SPI_2LinesRxISR), (44 bytes).
    Removing stm32f4xx_hal_spi.o(i.SPI_DMAError), (34 bytes).
    Removing stm32f4xx_hal_spi.o(i.SPI_DMAReceiveCplt), (176 bytes).
    Removing stm32f4xx_hal_spi.o(i.SPI_DMATransmitCplt), (108 bytes).
    Removing stm32f4xx_hal_spi.o(i.SPI_DMATransmitReceiveCplt), (196 bytes).
    Removing stm32f4xx_hal_spi.o(i.SPI_RxCloseIRQHandler), (220 bytes).
    Removing stm32f4xx_hal_spi.o(i.SPI_RxISR), (72 bytes).
    Removing stm32f4xx_hal_spi.o(i.SPI_TxISR), (202 bytes).
    Removing stm32f4xx_hal_spi.o(i.SPI_WaitOnFlagUntilTimeout), (192 bytes).
    Removing stm32f4xx_hal_uart.o(.rev16_text), (4 bytes).
    Removing stm32f4xx_hal_uart.o(.revsh_text), (4 bytes).
    Removing stm32f4xx_hal_uart.o(i.HAL_HalfDuplex_EnableReceiver), (52 bytes).
    Removing stm32f4xx_hal_uart.o(i.HAL_HalfDuplex_EnableTransmitter), (52 bytes).
    Removing stm32f4xx_hal_uart.o(i.HAL_HalfDuplex_Init), (104 bytes).
    Removing stm32f4xx_hal_uart.o(i.HAL_LIN_Init), (124 bytes).
    Removing stm32f4xx_hal_uart.o(i.HAL_LIN_SendBreak), (48 bytes).
    Removing stm32f4xx_hal_uart.o(i.HAL_MultiProcessor_EnterMuteMode), (48 bytes).
    Removing stm32f4xx_hal_uart.o(i.HAL_MultiProcessor_ExitMuteMode), (48 bytes).
    Removing stm32f4xx_hal_uart.o(i.HAL_MultiProcessor_Init), (134 bytes).
    Removing stm32f4xx_hal_uart.o(i.HAL_UART_DMAPause), (86 bytes).
    Removing stm32f4xx_hal_uart.o(i.HAL_UART_DMAResume), (106 bytes).
    Removing stm32f4xx_hal_uart.o(i.HAL_UART_DMAStop), (84 bytes).
    Removing stm32f4xx_hal_uart.o(i.HAL_UART_DeInit), (40 bytes).
    Removing stm32f4xx_hal_uart.o(i.HAL_UART_ErrorCallback), (2 bytes).
    Removing stm32f4xx_hal_uart.o(i.HAL_UART_GetError), (6 bytes).
    Removing stm32f4xx_hal_uart.o(i.HAL_UART_GetState), (6 bytes).
    Removing stm32f4xx_hal_uart.o(i.HAL_UART_IRQHandler), (556 bytes).
    Removing stm32f4xx_hal_uart.o(i.HAL_UART_Init), (94 bytes).
    Removing stm32f4xx_hal_uart.o(i.HAL_UART_MspDeInit), (2 bytes).
    Removing stm32f4xx_hal_uart.o(i.HAL_UART_MspInit), (2 bytes).
    Removing stm32f4xx_hal_uart.o(i.HAL_UART_Receive), (206 bytes).
    Removing stm32f4xx_hal_uart.o(i.HAL_UART_Receive_DMA), (132 bytes).
    Removing stm32f4xx_hal_uart.o(i.HAL_UART_Receive_IT), (106 bytes).
    Removing stm32f4xx_hal_uart.o(i.HAL_UART_RxCpltCallback), (2 bytes).
    Removing stm32f4xx_hal_uart.o(i.HAL_UART_RxHalfCpltCallback), (2 bytes).
    Removing stm32f4xx_hal_uart.o(i.HAL_UART_Transmit), (204 bytes).
    Removing stm32f4xx_hal_uart.o(i.HAL_UART_Transmit_DMA), (136 bytes).
    Removing stm32f4xx_hal_uart.o(i.HAL_UART_Transmit_IT), (106 bytes).
    Removing stm32f4xx_hal_uart.o(i.HAL_UART_TxCpltCallback), (2 bytes).
    Removing stm32f4xx_hal_uart.o(i.HAL_UART_TxHalfCpltCallback), (2 bytes).
    Removing stm32f4xx_hal_uart.o(i.UART_DMAError), (34 bytes).
    Removing stm32f4xx_hal_uart.o(i.UART_DMAReceiveCplt), (40 bytes).
    Removing stm32f4xx_hal_uart.o(i.UART_DMARxHalfCplt), (10 bytes).
    Removing stm32f4xx_hal_uart.o(i.UART_DMATransmitCplt), (72 bytes).
    Removing stm32f4xx_hal_uart.o(i.UART_DMATxHalfCplt), (10 bytes).
    Removing stm32f4xx_hal_uart.o(i.UART_SetConfig), (536 bytes).
    Removing stm32f4xx_hal_uart.o(i.UART_WaitOnFlagUntilTimeout), (152 bytes).
    Removing stm32f4xx_hal_usart.o(.rev16_text), (4 bytes).
    Removing stm32f4xx_hal_usart.o(.revsh_text), (4 bytes).
    Removing stm32f4xx_hal_usart.o(i.HAL_USART_DMAPause), (86 bytes).
    Removing stm32f4xx_hal_usart.o(i.HAL_USART_DMAResume), (114 bytes).
    Removing stm32f4xx_hal_usart.o(i.HAL_USART_DMAStop), (84 bytes).
    Removing stm32f4xx_hal_usart.o(i.HAL_USART_DeInit), (40 bytes).
    Removing stm32f4xx_hal_usart.o(i.HAL_USART_ErrorCallback), (2 bytes).
    Removing stm32f4xx_hal_usart.o(i.HAL_USART_GetError), (6 bytes).
    Removing stm32f4xx_hal_usart.o(i.HAL_USART_GetState), (6 bytes).
    Removing stm32f4xx_hal_usart.o(i.HAL_USART_IRQHandler), (526 bytes).
    Removing stm32f4xx_hal_usart.o(i.HAL_USART_Init), (396 bytes).
    Removing stm32f4xx_hal_usart.o(i.HAL_USART_MspDeInit), (2 bytes).
    Removing stm32f4xx_hal_usart.o(i.HAL_USART_MspInit), (2 bytes).
    Removing stm32f4xx_hal_usart.o(i.HAL_USART_Receive), (234 bytes).
    Removing stm32f4xx_hal_usart.o(i.HAL_USART_Receive_DMA), (160 bytes).
    Removing stm32f4xx_hal_usart.o(i.HAL_USART_Receive_IT), (100 bytes).
    Removing stm32f4xx_hal_usart.o(i.HAL_USART_RxCpltCallback), (2 bytes).
    Removing stm32f4xx_hal_usart.o(i.HAL_USART_RxHalfCpltCallback), (2 bytes).
    Removing stm32f4xx_hal_usart.o(i.HAL_USART_Transmit), (182 bytes).
    Removing stm32f4xx_hal_usart.o(i.HAL_USART_TransmitReceive), (264 bytes).
    Removing stm32f4xx_hal_usart.o(i.HAL_USART_TransmitReceive_DMA), (184 bytes).
    Removing stm32f4xx_hal_usart.o(i.HAL_USART_TransmitReceive_IT), (116 bytes).
    Removing stm32f4xx_hal_usart.o(i.HAL_USART_Transmit_DMA), (124 bytes).
    Removing stm32f4xx_hal_usart.o(i.HAL_USART_Transmit_IT), (66 bytes).
    Removing stm32f4xx_hal_usart.o(i.HAL_USART_TxCpltCallback), (2 bytes).
    Removing stm32f4xx_hal_usart.o(i.HAL_USART_TxHalfCpltCallback), (2 bytes).
    Removing stm32f4xx_hal_usart.o(i.HAL_USART_TxRxCpltCallback), (2 bytes).
    Removing stm32f4xx_hal_usart.o(i.USART_DMAError), (34 bytes).
    Removing stm32f4xx_hal_usart.o(i.USART_DMAReceiveCplt), (40 bytes).
    Removing stm32f4xx_hal_usart.o(i.USART_DMARxHalfCplt), (10 bytes).
    Removing stm32f4xx_hal_usart.o(i.USART_DMATransmitCplt), (78 bytes).
    Removing stm32f4xx_hal_usart.o(i.USART_DMATxHalfCplt), (10 bytes).
    Removing stm32f4xx_hal_usart.o(i.USART_TransmitReceive_IT), (288 bytes).
    Removing stm32f4xx_hal_usart.o(i.USART_WaitOnFlagUntilTimeout), (152 bytes).
    Removing stm32f4xx_hal_dma2d.o(.rev16_text), (4 bytes).
    Removing stm32f4xx_hal_dma2d.o(.revsh_text), (4 bytes).
    Removing startup_stm32f401xe.o(STACK), (1024 bytes).
    Removing startup_stm32f401xe.o(HEAP), (1024 bytes).
    Removing board.o(.rev16_text), (4 bytes).
    Removing board.o(.revsh_text), (4 bytes).
    Removing board.o(i.mbed_die), (16 bytes).
    Removing stm32f4xx_hal_nor.o(.rev16_text), (4 bytes).
    Removing stm32f4xx_hal_nor.o(.revsh_text), (4 bytes).
    Removing stm32f4xx_hal_rng.o(.rev16_text), (4 bytes).
    Removing stm32f4xx_hal_rng.o(.revsh_text), (4 bytes).
    Removing retarget.o(.rev16_text), (4 bytes).
    Removing retarget.o(.revsh_text), (4 bytes).
    Removing retarget.o(i._ZN4mbed10FileHandleD0Ev), (48 bytes).
    Removing retarget.o(i._ZN4mbed10FileHandleD2Ev), (48 bytes).
    Removing retarget.o(i._sys_close), (44 bytes).
    Removing retarget.o(i._sys_command_string), (4 bytes).
    Removing retarget.o(i._sys_ensure), (40 bytes).
    Removing retarget.o(i._sys_flen), (40 bytes).
    Removing retarget.o(i._sys_istty), (40 bytes).
    Removing retarget.o(i._sys_open), (228 bytes).
    Removing retarget.o(i._sys_read), (64 bytes).
    Removing retarget.o(i._sys_seek), (40 bytes).
    Removing retarget.o(i._sys_write), (96 bytes).
    Removing retarget.o(i.closedir), (6 bytes).
    Removing retarget.o(i.mbed_sdk_init), (2 bytes).
    Removing retarget.o(i.mkdir), (56 bytes).
    Removing retarget.o(i.opendir), (68 bytes).
    Removing retarget.o(i.readdir), (6 bytes).
    Removing retarget.o(i.remove), (52 bytes).
    Removing retarget.o(i.rename), (6 bytes).
    Removing retarget.o(i.rewinddir), (6 bytes).
    Removing retarget.o(i.seekdir), (6 bytes).
    Removing retarget.o(i.telldir), (6 bytes).
    Removing retarget.o(i.tmpfile), (4 bytes).
    Removing retarget.o(i.tmpnam), (4 bytes).
    Removing retarget.o(.ARM.exidx), (8 bytes).
    Removing retarget.o(.ARM.exidx), (8 bytes).
    Removing retarget.o(.ARM.exidx), (8 bytes).
    Removing retarget.o(.ARM.exidx), (8 bytes).
    Removing retarget.o(.ARM.exidx), (8 bytes).
    Removing retarget.o(.ARM.exidx), (8 bytes).
    Removing retarget.o(.ARM.exidx), (8 bytes).
    Removing retarget.o(.ARM.exidx), (8 bytes).
    Removing retarget.o(.ARM.exidx), (8 bytes).
    Removing retarget.o(.ARM.exidx), (8 bytes).
    Removing retarget.o(.ARM.exidx), (8 bytes).
    Removing retarget.o(.ARM.exidx), (8 bytes).
    Removing retarget.o(.ARM.exidx), (8 bytes).
    Removing retarget.o(.ARM.exidx), (8 bytes).
    Removing retarget.o(.ARM.exidx), (8 bytes).
    Removing retarget.o(.ARM.exidx), (8 bytes).
    Removing retarget.o(.ARM.exidx), (8 bytes).
    Removing retarget.o(.ARM.exidx), (8 bytes).
    Removing retarget.o(.ARM.exidx), (8 bytes).
    Removing retarget.o(.ARM.exidx), (8 bytes).
    Removing retarget.o(.ARM.exidx), (8 bytes).
    Removing retarget.o(.ARM.exidx), (8 bytes).
    Removing retarget.o(.ARM.exidx), (8 bytes).
    Removing retarget.o(.ARM.exidx), (8 bytes).
    Removing retarget.o(.ARM.exidx), (8 bytes).
    Removing retarget.o(.bss), (64 bytes).
    Removing retarget.o(.constdata), (4 bytes).
    Removing retarget.o(.constdata), (4 bytes).
    Removing retarget.o(.constdata), (4 bytes).
    Removing retarget.o(.data), (4 bytes).
    Removing stm32f4xx_hal_iwdg.o(.rev16_text), (4 bytes).
    Removing stm32f4xx_hal_iwdg.o(.revsh_text), (4 bytes).
    Removing stm32f4xx_hal_iwdg.o(i.HAL_IWDG_GetState), (4 bytes).
    Removing stm32f4xx_hal_iwdg.o(i.HAL_IWDG_Init), (76 bytes).
    Removing stm32f4xx_hal_iwdg.o(i.HAL_IWDG_MspInit), (2 bytes).
    Removing stm32f4xx_hal_iwdg.o(i.HAL_IWDG_Refresh), (52 bytes).
    Removing stm32f4xx_hal_iwdg.o(i.HAL_IWDG_Start), (56 bytes).
    Removing stm32f4xx_hal_nand.o(.rev16_text), (4 bytes).
    Removing stm32f4xx_hal_nand.o(.revsh_text), (4 bytes).
    Removing stm32f4xx_hal_i2s.o(.rev16_text), (4 bytes).
    Removing stm32f4xx_hal_i2s.o(.revsh_text), (4 bytes).
    Removing stm32f4xx_hal_i2s.o(i.HAL_I2S_DMAPause), (172 bytes).
    Removing stm32f4xx_hal_i2s.o(i.HAL_I2S_DMAResume), (192 bytes).
    Removing stm32f4xx_hal_i2s.o(i.HAL_I2S_DMAStop), (200 bytes).
    Removing stm32f4xx_hal_i2s.o(i.HAL_I2S_DeInit), (40 bytes).
    Removing stm32f4xx_hal_i2s.o(i.HAL_I2S_ErrorCallback), (2 bytes).
    Removing stm32f4xx_hal_i2s.o(i.HAL_I2S_GetError), (6 bytes).
    Removing stm32f4xx_hal_i2s.o(i.HAL_I2S_GetState), (6 bytes).
    Removing stm32f4xx_hal_i2s.o(i.HAL_I2S_IRQHandler), (836 bytes).
    Removing stm32f4xx_hal_i2s.o(i.HAL_I2S_Init), (556 bytes).
    Removing stm32f4xx_hal_i2s.o(i.HAL_I2S_MspDeInit), (2 bytes).
    Removing stm32f4xx_hal_i2s.o(i.HAL_I2S_MspInit), (2 bytes).
    Removing stm32f4xx_hal_i2s.o(i.HAL_I2S_Receive), (232 bytes).
    Removing stm32f4xx_hal_i2s.o(i.HAL_I2S_Receive_DMA), (204 bytes).
    Removing stm32f4xx_hal_i2s.o(i.HAL_I2S_Receive_IT), (132 bytes).
    Removing stm32f4xx_hal_i2s.o(i.HAL_I2S_RxCpltCallback), (2 bytes).
    Removing stm32f4xx_hal_i2s.o(i.HAL_I2S_RxHalfCpltCallback), (2 bytes).
    Removing stm32f4xx_hal_i2s.o(i.HAL_I2S_Transmit), (238 bytes).
    Removing stm32f4xx_hal_i2s.o(i.HAL_I2S_Transmit_DMA), (188 bytes).
    Removing stm32f4xx_hal_i2s.o(i.HAL_I2S_Transmit_IT), (132 bytes).
    Removing stm32f4xx_hal_i2s.o(i.HAL_I2S_TxCpltCallback), (2 bytes).
    Removing stm32f4xx_hal_i2s.o(i.HAL_I2S_TxHalfCpltCallback), (2 bytes).
    Removing stm32f4xx_hal_i2s.o(i.I2S_DMAError), (34 bytes).
    Removing stm32f4xx_hal_i2s.o(i.I2S_DMARxCplt), (104 bytes).
    Removing stm32f4xx_hal_i2s.o(i.I2S_DMARxHalfCplt), (10 bytes).
    Removing stm32f4xx_hal_i2s.o(i.I2S_DMATxCplt), (100 bytes).
    Removing stm32f4xx_hal_i2s.o(i.I2S_DMATxHalfCplt), (10 bytes).
    Removing stm32f4xx_hal_i2s.o(i.I2S_WaitFlagStateUntilTimeout), (112 bytes).
    Removing stm32f4xx_hal_hcd.o(.rev16_text), (4 bytes).
    Removing stm32f4xx_hal_hcd.o(.revsh_text), (4 bytes).
    Removing stm32f4xx_hal_hcd.o(i.HAL_HCD_Connect_Callback), (2 bytes).
    Removing stm32f4xx_hal_hcd.o(i.HAL_HCD_DeInit), (38 bytes).
    Removing stm32f4xx_hal_hcd.o(i.HAL_HCD_Disconnect_Callback), (2 bytes).
    Removing stm32f4xx_hal_hcd.o(i.HAL_HCD_GetCurrentFrame), (6 bytes).
    Removing stm32f4xx_hal_hcd.o(i.HAL_HCD_GetCurrentSpeed), (6 bytes).
    Removing stm32f4xx_hal_hcd.o(i.HAL_HCD_GetState), (6 bytes).
    Removing stm32f4xx_hal_hcd.o(i.HAL_HCD_HC_GetState), (14 bytes).
    Removing stm32f4xx_hal_hcd.o(i.HAL_HCD_HC_GetURBState), (14 bytes).
    Removing stm32f4xx_hal_hcd.o(i.HAL_HCD_HC_GetXferCount), (12 bytes).
    Removing stm32f4xx_hal_hcd.o(i.HAL_HCD_HC_Halt), (36 bytes).
    Removing stm32f4xx_hal_hcd.o(i.HAL_HCD_HC_Init), (100 bytes).
    Removing stm32f4xx_hal_hcd.o(i.HAL_HCD_HC_NotifyURBChange_Callback), (2 bytes).
    Removing stm32f4xx_hal_hcd.o(i.HAL_HCD_HC_SubmitRequest), (228 bytes).
    Removing stm32f4xx_hal_hcd.o(i.HAL_HCD_IRQHandler), (1832 bytes).
    Removing stm32f4xx_hal_hcd.o(i.HAL_HCD_Init), (108 bytes).
    Removing stm32f4xx_hal_hcd.o(i.HAL_HCD_MspDeInit), (2 bytes).
    Removing stm32f4xx_hal_hcd.o(i.HAL_HCD_MspInit), (2 bytes).
    Removing stm32f4xx_hal_hcd.o(i.HAL_HCD_ResetPort), (6 bytes).
    Removing stm32f4xx_hal_hcd.o(i.HAL_HCD_SOF_Callback), (2 bytes).
    Removing stm32f4xx_hal_hcd.o(i.HAL_HCD_Start), (44 bytes).
    Removing stm32f4xx_hal_hcd.o(i.HAL_HCD_Stop), (36 bytes).
    Removing serial_api.o(.rev16_text), (4 bytes).
    Removing serial_api.o(.revsh_text), (4 bytes).
    Removing serial_api.o(i.serial_baud), (68 bytes).
    Removing serial_api.o(i.serial_break_clear), (2 bytes).
    Removing serial_api.o(i.serial_break_set), (16 bytes).
    Removing serial_api.o(i.serial_clear), (32 bytes).
    Removing serial_api.o(i.serial_format), (132 bytes).
    Removing serial_api.o(i.serial_free), (172 bytes).
    Removing serial_api.o(i.serial_getc), (32 bytes).
    Removing serial_api.o(i.serial_init), (352 bytes).
    Removing serial_api.o(i.serial_irq_handler), (24 bytes).
    Removing serial_api.o(i.serial_irq_set), (196 bytes).
    Removing serial_api.o(i.serial_pinout_tx), (12 bytes).
    Removing serial_api.o(i.serial_putc), (36 bytes).
    Removing serial_api.o(i.serial_readable), (20 bytes).
    Removing serial_api.o(i.serial_writable), (20 bytes).
    Removing serial_api.o(i.uart1_irq), (92 bytes).
    Removing serial_api.o(i.uart2_irq), (92 bytes).
    Removing serial_api.o(i.uart6_irq), (92 bytes).
    Removing serial_api.o(.bss), (100 bytes).
    Removing serial_api.o(.constdata), (236 bytes).
    Removing serial_api.o(.data), (8 bytes).
    Removing us_ticker_api.o(.rev16_text), (4 bytes).
    Removing us_ticker_api.o(.revsh_text), (4 bytes).
    Removing us_ticker_api.o(i.us_ticker_insert_event), (64 bytes).
    Removing us_ticker_api.o(i.us_ticker_remove_event), (56 bytes).
    Removing us_ticker_api.o(i.us_ticker_set_handler), (20 bytes).
    Removing wait_api.o(i.wait), (40 bytes).
    Removing wait_api.o(i.wait_ms), (28 bytes).
    Removing wait_api.o(i.wait_us), (24 bytes).
    Removing FilePath.o(.rev16_text), (4 bytes).
    Removing FilePath.o(.revsh_text), (4 bytes).
    Removing FilePath.o(i._ZN4mbed8FilePath10fileSystemEv), (24 bytes).
    Removing FilePath.o(i._ZN4mbed8FilePath12isFileSystemEv), (22 bytes).
    Removing FilePath.o(i._ZN4mbed8FilePath4fileEv), (28 bytes).
    Removing FilePath.o(i._ZN4mbed8FilePath6existsEv), (10 bytes).
    Removing FilePath.o(i._ZN4mbed8FilePath6isFileEv), (24 bytes).
    Removing FilePath.o(i._ZN4mbed8FilePath8fileNameEv), (4 bytes).
    Removing FilePath.o(i._ZN4mbed8FilePathC1EPKc), (64 bytes).
    Removing FilePath.o(.ARM.exidx), (8 bytes).
    Removing FilePath.o(.ARM.exidx), (8 bytes).
    Removing FilePath.o(.ARM.exidx), (8 bytes).
    Removing FilePath.o(.ARM.exidx), (8 bytes).
    Removing FilePath.o(.ARM.exidx), (8 bytes).
    Removing FilePath.o(.ARM.exidx), (8 bytes).
    Removing FilePath.o(.ARM.exidx), (8 bytes).
    Removing FileSystemLike.o(.rev16_text), (4 bytes).
    Removing FileSystemLike.o(.revsh_text), (4 bytes).
    Removing FileSystemLike.o(i._ZN4mbed14FileSystemLike7opendirEv), (40 bytes).
    Removing FileSystemLike.o(i._ZN4mbed14FileSystemLikeC2EPKc), (20 bytes).
    Removing FileSystemLike.o(i._ZN4mbed14FileSystemLikeD0Ev), (14 bytes).
    Removing FileSystemLike.o(i._ZN4mbed14FileSystemLikeD2Ev), (4 bytes).
    Removing FileSystemLike.o(.ARM.exidx), (8 bytes).
    Removing FileSystemLike.o(.ARM.exidx), (8 bytes).
    Removing FileSystemLike.o(.ARM.exidx), (8 bytes).
    Removing FileSystemLike.o(.ARM.exidx), (8 bytes).
    Removing pinmap.o(.rev16_text), (4 bytes).
    Removing pinmap.o(.revsh_text), (4 bytes).
    Removing pinmap.o(i.Set_GPIO_Clock), (116 bytes).
    Removing pinmap.o(i.pin_function), (108 bytes).
    Removing pinmap.o(i.pin_mode), (88 bytes).
    Removing pinmap.o(.constdata), (172 bytes).
    Removing us_ticker.o(.rev16_text), (4 bytes).
    Removing us_ticker.o(.revsh_text), (4 bytes).
    Removing us_ticker.o(i.us_ticker_init), (40 bytes).
    Removing assert.o(.rev16_text), (4 bytes).
    Removing assert.o(.revsh_text), (4 bytes).
    Removing assert.o(i.mbed_assert_internal), (80 bytes).
    Removing pinmap_common.o(.rev16_text), (4 bytes).
    Removing pinmap_common.o(.revsh_text), (4 bytes).
    Removing pinmap_common.o(i.pinmap_find_peripheral), (34 bytes).
    Removing pinmap_common.o(i.pinmap_merge), (56 bytes).
    Removing pinmap_common.o(i.pinmap_peripheral), (92 bytes).
    Removing pinmap_common.o(i.pinmap_pinout), (88 bytes).
    Removing FileBase.o(.rev16_text), (4 bytes).
    Removing FileBase.o(.revsh_text), (4 bytes).
    Removing FileBase.o(i._ZN4mbed8FileBase11getPathTypeEv), (4 bytes).
    Removing FileBase.o(i._ZN4mbed8FileBase3getEi), (32 bytes).
    Removing FileBase.o(i._ZN4mbed8FileBase6lookupEPKcj), (56 bytes).
    Removing FileBase.o(i._ZN4mbed8FileBase7getNameEv), (4 bytes).
    Removing FileBase.o(i._ZN4mbed8FileBaseC1EPKcNS_8PathTypeE), (36 bytes).
    Removing FileBase.o(i._ZN4mbed8FileBaseD0Ev), (52 bytes).
    Removing FileBase.o(i._ZN4mbed8FileBaseD1Ev), (56 bytes).
    Removing FileBase.o(.ARM.exidx), (8 bytes).
    Removing FileBase.o(.ARM.exidx), (8 bytes).
    Removing FileBase.o(.ARM.exidx), (8 bytes).
    Removing FileBase.o(.ARM.exidx), (8 bytes).
    Removing FileBase.o(.ARM.exidx), (8 bytes).
    Removing FileBase.o(.ARM.exidx), (8 bytes).
    Removing FileBase.o(.ARM.exidx), (8 bytes).
    Removing FileBase.o(.data), (4 bytes).
    Removing error.o(.rev16_text), (4 bytes).
    Removing error.o(.revsh_text), (4 bytes).
    Removing error.o(i.error), (24 bytes).
    Removing exit.o(.rev16_text), (4 bytes).
    Removing exit.o(.revsh_text), (4 bytes).
    Removing exit.o(i.exit), (32 bytes).
    Removing dadd.o(.text), (334 bytes).
    Removing dmul.o(.text), (228 bytes).
    Removing ddiv.o(.text), (222 bytes).
    Removing dfixul.o(.text), (48 bytes).
    Removing cdrcmple.o(.text), (48 bytes).
    Removing depilogue.o(.text), (186 bytes).
    Removing retarget.o(.constdata__ZTVN4mbed10FileHandleE), (44 bytes).
    Removing retarget.o(i._ZN4mbed10FileHandle4flenEv), (58 bytes).
    Removing retarget.o(.ARM.exidx), (8 bytes).
    Removing retarget.o(.constdata__ZTIN4mbed10FileHandleE), (8 bytes).
    Removing retarget.o(.constdata__ZTSN4mbed10FileHandleE), (20 bytes).
    Removing FileSystemLike.o(.constdata__ZTVN4mbed14FileSystemLikeE), (36 bytes).
    Removing FileSystemLike.o(i._ZN4mbed14FileSystemLike6removeEPKc), (6 bytes).
    Removing FileSystemLike.o(.ARM.exidx), (8 bytes).
    Removing FileSystemLike.o(i._ZN4mbed14FileSystemLike6renameEPKcS2_), (6 bytes).
    Removing FileSystemLike.o(.ARM.exidx), (8 bytes).
    Removing FileSystemLike.o(i._ZN4mbed14FileSystemLike7opendirEPKc), (4 bytes).
    Removing FileSystemLike.o(.ARM.exidx), (8 bytes).
    Removing FileSystemLike.o(i._ZN4mbed14FileSystemLike5mkdirEPKci), (6 bytes).
    Removing FileSystemLike.o(.ARM.exidx), (8 bytes).
    Removing FileSystemLike.o(.constdata__ZTVN4mbed13BaseDirHandleE), (36 bytes).
    Removing FileSystemLike.o(.constdata__ZTIN4mbed14FileSystemLikeE), (12 bytes).
    Removing FileSystemLike.o(.constdata__ZTIN4mbed13BaseDirHandleE), (12 bytes).
    Removing FileSystemLike.o(.constdata__ZTSN4mbed14FileSystemLikeE), (24 bytes).
    Removing FileSystemLike.o(.constdata__ZTIN4mbed9DirHandleE), (8 bytes).
    Removing FileSystemLike.o(.constdata__ZTSN4mbed13BaseDirHandleE), (23 bytes).
    Removing FileSystemLike.o(.constdata__ZTSN4mbed9DirHandleE), (18 bytes).
    Removing FileSystemLike.o(i._ZN4mbed13BaseDirHandle8closedirEv), (12 bytes).
    Removing FileSystemLike.o(.ARM.exidx), (8 bytes).
    Removing FileSystemLike.o(i._ZN4mbed13BaseDirHandle7readdirEv), (44 bytes).
    Removing FileSystemLike.o(.ARM.exidx), (8 bytes).
    Removing FileSystemLike.o(i._ZN4mbed13BaseDirHandle7telldirEv), (4 bytes).
    Removing FileSystemLike.o(.ARM.exidx), (8 bytes).
    Removing FileSystemLike.o(i._ZN4mbed13BaseDirHandle7seekdirEl), (4 bytes).
    Removing FileSystemLike.o(.ARM.exidx), (8 bytes).
    Removing FileSystemLike.o(i._ZN4mbed13BaseDirHandle9rewinddirEv), (6 bytes).
    Removing FileSystemLike.o(.ARM.exidx), (8 bytes).
    Removing FileSystemLike.o(i._ZN4mbed13BaseDirHandleD1Ev), (2 bytes).
    Removing FileSystemLike.o(.ARM.exidx), (8 bytes).
    Removing FileSystemLike.o(i._ZN4mbed13BaseDirHandleD0Ev), (4 bytes).
    Removing FileSystemLike.o(.ARM.exidx), (8 bytes).
    Removing FileBase.o(.constdata__ZTVN4mbed8FileBaseE), (16 bytes).
    Removing FileBase.o(.constdata__ZTIN4mbed8FileBaseE), (8 bytes).
    Removing FileBase.o(.constdata__ZTSN4mbed8FileBaseE), (17 bytes).

1038 unused section(s) (total 95198 bytes) removed from the image.

==============================================================================

Image Symbol Table

    Local Symbols

    Symbol Name                              Value     Ov Type        Size  Object(Section)

    ../../../clib/unwind_pr.c                0x00000000   Number         0  unwind_pr0.o ABSOLUTE
    ../../../clib/unwind_pr.c                0x00000000   Number         0  unwind_prcommon.o ABSOLUTE
    ../../../clib/unwinder.c                 0x00000000   Number         0  unwind_activity.o ABSOLUTE
    ../../../clib/unwinder.c                 0x00000000   Number         0  unwinder.o ABSOLUTE
    ../../../clib/unwinder.c                 0x00000000   Number         0  unwinder.o ABSOLUTE
    ../../../clib/unwinder.c                 0x00000000   Number         0  unwind_activity.o ABSOLUTE
    ../../../edgfe/lib_src/arm_exceptions.c  0x00000000   Number         0  arm_exceptions_support.o ABSOLUTE
    ../../../edgfe/lib_src/arm_exceptions.c  0x00000000   Number         0  arm_exceptions_callterm.o ABSOLUTE
    ../../../edgfe/lib_src/arm_exceptions.c  0x00000000   Number         0  arm_exceptions_terminate.o ABSOLUTE
    ../../../edgfe/lib_src/arm_exceptions.c  0x00000000   Number         0  arm_exceptions_globs.o ABSOLUTE
    ../../../edgfe/lib_src/arm_exceptions.c  0x00000000   Number         0  arm_exceptions_mem.o ABSOLUTE
    ../../../edgfe/lib_src/arm_noexceptions.c 0x00000000   Number         0  arm_callunex_noexceptions.o ABSOLUTE
    ../../../edgfe/lib_src/arm_noexceptions.c 0x00000000   Number         0  arm_newhandler_noexceptions.o ABSOLUTE
    ../../../edgfe/lib_src/arm_noexceptions.c 0x00000000   Number         0  arm_begincatch_noexceptions.o ABSOLUTE
    ../../../edgfe/lib_src/bad_alloc.c       0x00000000   Number         0  bad_alloc_what.o ABSOLUTE
    ../../../edgfe/lib_src/bad_alloc.c       0x00000000   Number         0  bad_alloc_dtor.o ABSOLUTE
    ../../../edgfe/lib_src/delete.c          0x00000000   Number         0  delete.o ABSOLUTE
    ../../../edgfe/lib_src/exception.c       0x00000000   Number         0  exception_what.o ABSOLUTE
    ../../../edgfe/lib_src/exception.c       0x00000000   Number         0  exception_dtor.o ABSOLUTE
    ../../../edgfe/lib_src/new.c             0x00000000   Number         0  new.o ABSOLUTE
    ../../../edgfe/lib_src/pure_virt.c       0x00000000   Number         0  pure_virt.o ABSOLUTE
    ../../../edgfe/lib_src/typeinfo.c        0x00000000   Number         0  lib_rtti_impl.o ABSOLUTE
    ../../../edgfe/lib_src/typeinfo.c        0x00000000   Number         0  type_info_dtor.o ABSOLUTE
    ../clib/microlib/cpp/cpp_memory.c        0x00000000   Number         0  cpp_memory.o ABSOLUTE
    ../clib/microlib/cpp/cpp_signal.c        0x00000000   Number         0  cpp_signal.o ABSOLUTE
    ../clib/microlib/ctype/ctype.c           0x00000000   Number         0  ctype_c.o ABSOLUTE
    ../clib/microlib/ctype/ctype.c           0x00000000   Number         0  isspace_c.o ABSOLUTE
    ../clib/microlib/division.c              0x00000000   Number         0  uldiv.o ABSOLUTE
    ../clib/microlib/division.c              0x00000000   Number         0  uidiv.o ABSOLUTE
    ../clib/microlib/init/entry.s            0x00000000   Number         0  entry8a.o ABSOLUTE
    ../clib/microlib/init/entry.s            0x00000000   Number         0  entry7b.o ABSOLUTE
    ../clib/microlib/init/entry.s            0x00000000   Number         0  entry7a.o ABSOLUTE
    ../clib/microlib/init/entry.s            0x00000000   Number         0  entry5.o ABSOLUTE
    ../clib/microlib/init/entry.s            0x00000000   Number         0  entry2.o ABSOLUTE
    ../clib/microlib/init/entry.s            0x00000000   Number         0  entry11a.o ABSOLUTE
    ../clib/microlib/init/entry.s            0x00000000   Number         0  entry10b.o ABSOLUTE
    ../clib/microlib/init/entry.s            0x00000000   Number         0  entry6b.o ABSOLUTE
    ../clib/microlib/init/entry.s            0x00000000   Number         0  entry10a.o ABSOLUTE
    ../clib/microlib/init/entry.s            0x00000000   Number         0  entry11b.o ABSOLUTE
    ../clib/microlib/init/entry.s            0x00000000   Number         0  entry.o ABSOLUTE
    ../clib/microlib/init/entry.s            0x00000000   Number         0  entry6a.o ABSOLUTE
    ../clib/microlib/init/entry.s            0x00000000   Number         0  entry9b.o ABSOLUTE
    ../clib/microlib/init/entry.s            0x00000000   Number         0  entry9a.o ABSOLUTE
    ../clib/microlib/init/entry.s            0x00000000   Number         0  entry8b.o ABSOLUTE
    ../clib/microlib/longlong.c              0x00000000   Number         0  llsshr.o ABSOLUTE
    ../clib/microlib/longlong.c              0x00000000   Number         0  llushr.o ABSOLUTE
    ../clib/microlib/longlong.c              0x00000000   Number         0  llshl.o ABSOLUTE
    ../clib/microlib/malloc/malloc.c         0x00000000   Number         0  malloca.o ABSOLUTE
    ../clib/microlib/malloc/malloc.c         0x00000000   Number         0  mallocr.o ABSOLUTE
    ../clib/microlib/malloc/malloc.c         0x00000000   Number         0  malloc.o ABSOLUTE
    ../clib/microlib/malloc/malloc.c         0x00000000   Number         0  mallocra.o ABSOLUTE
    ../clib/microlib/malloc/mvars.c          0x00000000   Number         0  mvars.o ABSOLUTE
    ../clib/microlib/printf/printf.c         0x00000000   Number         0  printf0.o ABSOLUTE
    ../clib/microlib/printf/printf.c         0x00000000   Number         0  printfa.o ABSOLUTE
    ../clib/microlib/printf/printf.c         0x00000000   Number         0  printf6.o ABSOLUTE
    ../clib/microlib/printf/printf.c         0x00000000   Number         0  printf5.o ABSOLUTE
    ../clib/microlib/printf/printf.c         0x00000000   Number         0  printfb.o ABSOLUTE
    ../clib/microlib/printf/printf.c         0x00000000   Number         0  printf4.o ABSOLUTE
    ../clib/microlib/printf/printf.c         0x00000000   Number         0  printf3.o ABSOLUTE
    ../clib/microlib/printf/printf.c         0x00000000   Number         0  printf2.o ABSOLUTE
    ../clib/microlib/printf/printf.c         0x00000000   Number         0  printf1.o ABSOLUTE
    ../clib/microlib/printf/printf.c         0x00000000   Number         0  printf7.o ABSOLUTE
    ../clib/microlib/printf/printf.c         0x00000000   Number         0  printf8.o ABSOLUTE
    ../clib/microlib/printf/stubs.s          0x00000000   Number         0  stubs.o ABSOLUTE
    ../clib/microlib/stdio/fflush.c          0x00000000   Number         0  fflush.o ABSOLUTE
    ../clib/microlib/stdio/fflush_f.c        0x00000000   Number         0  fflush_f.o ABSOLUTE
    ../clib/microlib/stdio/fputc.c           0x00000000   Number         0  fputc.o ABSOLUTE
    ../clib/microlib/stdio/fputc.c           0x00000000   Number         0  fputc_f.o ABSOLUTE
    ../clib/microlib/stdio/fputc.c           0x00000000   Number         0  fputc_fp.o ABSOLUTE
    ../clib/microlib/stdio/initio.c          0x00000000   Number         0  initio_oe.o ABSOLUTE
    ../clib/microlib/stdio/semi.s            0x00000000   Number         0  semi.o ABSOLUTE
    ../clib/microlib/stdio/streams.c         0x00000000   Number         0  stderr_f.o ABSOLUTE
    ../clib/microlib/stdio/streams.c         0x00000000   Number         0  stdout.o ABSOLUTE
    ../clib/microlib/stdio/streams.c         0x00000000   Number         0  stderr.o ABSOLUTE
    ../clib/microlib/stdio/streams.c         0x00000000   Number         0  stdout_f.o ABSOLUTE
    ../clib/microlib/stdlib/abort.c          0x00000000   Number         0  abort.o ABSOLUTE
    ../clib/microlib/stdlib/bsearch.c        0x00000000   Number         0  bsearch.o ABSOLUTE
    ../clib/microlib/string/memcpy.c         0x00000000   Number         0  memcpyb.o ABSOLUTE
    ../clib/microlib/string/memcpy.c         0x00000000   Number         0  memmoveb.o ABSOLUTE
    ../clib/microlib/string/memcpy.c         0x00000000   Number         0  memmovea.o ABSOLUTE
    ../clib/microlib/string/memcpy.c         0x00000000   Number         0  memcpya.o ABSOLUTE
    ../clib/microlib/string/memset.c         0x00000000   Number         0  memseta.o ABSOLUTE
    ../clib/microlib/string/strcmp.c         0x00000000   Number         0  strcmp.o ABSOLUTE
    ../clib/microlib/string/strlen.c         0x00000000   Number         0  strlen.o ABSOLUTE
    ../clib/microlib/string/strncmp.c        0x00000000   Number         0  strncmp.o ABSOLUTE
    ../clib/microlib/string/strncpy.c        0x00000000   Number         0  strncpy.o ABSOLUTE
    ../clib/microlib/stubs.s                 0x00000000   Number         0  iusesemip.o ABSOLUTE
    ../clib/microlib/stubs.s                 0x00000000   Number         0  iusefp.o ABSOLUTE
    ../clib/scanf.c                          0x00000000   Number         0  _scanf_int.o ABSOLUTE
    ../clib/scanf.c                          0x00000000   Number         0  _scanf.o ABSOLUTE
    ../clib/scanf.c                          0x00000000   Number         0  __0sscanf.o ABSOLUTE
    ../clib/scanf.c                          0x00000000   Number         0  _sgetc.o ABSOLUTE
    ../clib/scanf.c                          0x00000000   Number         0  scanf_char.o ABSOLUTE
    ../clib/scanf.c                          0x00000000   Number         0  _chval.o ABSOLUTE
    ../fplib/microlib/fpadd.c                0x00000000   Number         0  dadd.o ABSOLUTE
    ../fplib/microlib/fpdiv.c                0x00000000   Number         0  ddiv.o ABSOLUTE
    ../fplib/microlib/fpepilogue.c           0x00000000   Number         0  depilogue.o ABSOLUTE
    ../fplib/microlib/fpfix.c                0x00000000   Number         0  dfixul.o ABSOLUTE
    ../fplib/microlib/fpmul.c                0x00000000   Number         0  dmul.o ABSOLUTE
    C:\\work\\mbed\\github\\libraries\\mbed\\common\\FileBase.cpp 0x00000000   Number         0  FileBase.o ABSOLUTE
    C:\\work\\mbed\\github\\libraries\\mbed\\common\\FilePath.cpp 0x00000000   Number         0  FilePath.o ABSOLUTE
    C:\\work\\mbed\\github\\libraries\\mbed\\common\\FileSystemLike.cpp 0x00000000   Number         0  FileSystemLike.o ABSOLUTE
    C:\\work\\mbed\\github\\libraries\\mbed\\common\\assert.c 0x00000000   Number         0  assert.o ABSOLUTE
    C:\\work\\mbed\\github\\libraries\\mbed\\common\\board.c 0x00000000   Number         0  board.o ABSOLUTE
    C:\\work\\mbed\\github\\libraries\\mbed\\common\\error.c 0x00000000   Number         0  error.o ABSOLUTE
    C:\\work\\mbed\\github\\libraries\\mbed\\common\\exit.c 0x00000000   Number         0  exit.o ABSOLUTE
    C:\\work\\mbed\\github\\libraries\\mbed\\common\\pinmap_common.c 0x00000000   Number         0  pinmap_common.o ABSOLUTE
    C:\\work\\mbed\\github\\libraries\\mbed\\common\\retarget.cpp 0x00000000   Number         0  retarget.o ABSOLUTE
    C:\\work\\mbed\\github\\libraries\\mbed\\common\\us_ticker_api.c 0x00000000   Number         0  us_ticker_api.o ABSOLUTE
    C:\\work\\mbed\\github\\libraries\\mbed\\targets\\cmsis\\TARGET_STM\\TARGET_NUCLEO_F401RE\\TOOLCHAIN_ARM_MICRO\\startup_stm32f401xe.s 0x00000000   Number         0  startup_stm32f401xe.o ABSOLUTE
    C:\\work\\mbed\\github\\libraries\\mbed\\targets\\cmsis\\TARGET_STM\\TARGET_NUCLEO_F401RE\\cmsis_nvic.c 0x00000000   Number         0  cmsis_nvic.o ABSOLUTE
    C:\\work\\mbed\\github\\libraries\\mbed\\targets\\cmsis\\TARGET_STM\\TARGET_NUCLEO_F401RE\\hal_tick.c 0x00000000   Number         0  hal_tick.o ABSOLUTE
    C:\\work\\mbed\\github\\libraries\\mbed\\targets\\cmsis\\TARGET_STM\\TARGET_NUCLEO_F401RE\\stm32f4xx_hal.c 0x00000000   Number         0  stm32f4xx_hal.o ABSOLUTE
    C:\\work\\mbed\\github\\libraries\\mbed\\targets\\cmsis\\TARGET_STM\\TARGET_NUCLEO_F401RE\\stm32f4xx_hal_adc.c 0x00000000   Number         0  stm32f4xx_hal_adc.o ABSOLUTE
    C:\\work\\mbed\\github\\libraries\\mbed\\targets\\cmsis\\TARGET_STM\\TARGET_NUCLEO_F401RE\\stm32f4xx_hal_adc_ex.c 0x00000000   Number         0  stm32f4xx_hal_adc_ex.o ABSOLUTE
    C:\\work\\mbed\\github\\libraries\\mbed\\targets\\cmsis\\TARGET_STM\\TARGET_NUCLEO_F401RE\\stm32f4xx_hal_can.c 0x00000000   Number         0  stm32f4xx_hal_can.o ABSOLUTE
    C:\\work\\mbed\\github\\libraries\\mbed\\targets\\cmsis\\TARGET_STM\\TARGET_NUCLEO_F401RE\\stm32f4xx_hal_cortex.c 0x00000000   Number         0  stm32f4xx_hal_cortex.o ABSOLUTE
    C:\\work\\mbed\\github\\libraries\\mbed\\targets\\cmsis\\TARGET_STM\\TARGET_NUCLEO_F401RE\\stm32f4xx_hal_crc.c 0x00000000   Number         0  stm32f4xx_hal_crc.o ABSOLUTE
    C:\\work\\mbed\\github\\libraries\\mbed\\targets\\cmsis\\TARGET_STM\\TARGET_NUCLEO_F401RE\\stm32f4xx_hal_cryp.c 0x00000000   Number         0  stm32f4xx_hal_cryp.o ABSOLUTE
    C:\\work\\mbed\\github\\libraries\\mbed\\targets\\cmsis\\TARGET_STM\\TARGET_NUCLEO_F401RE\\stm32f4xx_hal_cryp_ex.c 0x00000000   Number         0  stm32f4xx_hal_cryp_ex.o ABSOLUTE
    C:\\work\\mbed\\github\\libraries\\mbed\\targets\\cmsis\\TARGET_STM\\TARGET_NUCLEO_F401RE\\stm32f4xx_hal_dac.c 0x00000000   Number         0  stm32f4xx_hal_dac.o ABSOLUTE
    C:\\work\\mbed\\github\\libraries\\mbed\\targets\\cmsis\\TARGET_STM\\TARGET_NUCLEO_F401RE\\stm32f4xx_hal_dac_ex.c 0x00000000   Number         0  stm32f4xx_hal_dac_ex.o ABSOLUTE
    C:\\work\\mbed\\github\\libraries\\mbed\\targets\\cmsis\\TARGET_STM\\TARGET_NUCLEO_F401RE\\stm32f4xx_hal_dcmi.c 0x00000000   Number         0  stm32f4xx_hal_dcmi.o ABSOLUTE
    C:\\work\\mbed\\github\\libraries\\mbed\\targets\\cmsis\\TARGET_STM\\TARGET_NUCLEO_F401RE\\stm32f4xx_hal_dma.c 0x00000000   Number         0  stm32f4xx_hal_dma.o ABSOLUTE
    C:\\work\\mbed\\github\\libraries\\mbed\\targets\\cmsis\\TARGET_STM\\TARGET_NUCLEO_F401RE\\stm32f4xx_hal_dma2d.c 0x00000000   Number         0  stm32f4xx_hal_dma2d.o ABSOLUTE
    C:\\work\\mbed\\github\\libraries\\mbed\\targets\\cmsis\\TARGET_STM\\TARGET_NUCLEO_F401RE\\stm32f4xx_hal_dma_ex.c 0x00000000   Number         0  stm32f4xx_hal_dma_ex.o ABSOLUTE
    C:\\work\\mbed\\github\\libraries\\mbed\\targets\\cmsis\\TARGET_STM\\TARGET_NUCLEO_F401RE\\stm32f4xx_hal_eth.c 0x00000000   Number         0  stm32f4xx_hal_eth.o ABSOLUTE
    C:\\work\\mbed\\github\\libraries\\mbed\\targets\\cmsis\\TARGET_STM\\TARGET_NUCLEO_F401RE\\stm32f4xx_hal_flash.c 0x00000000   Number         0  stm32f4xx_hal_flash.o ABSOLUTE
    C:\\work\\mbed\\github\\libraries\\mbed\\targets\\cmsis\\TARGET_STM\\TARGET_NUCLEO_F401RE\\stm32f4xx_hal_flash_ex.c 0x00000000   Number         0  stm32f4xx_hal_flash_ex.o ABSOLUTE
    C:\\work\\mbed\\github\\libraries\\mbed\\targets\\cmsis\\TARGET_STM\\TARGET_NUCLEO_F401RE\\stm32f4xx_hal_gpio.c 0x00000000   Number         0  stm32f4xx_hal_gpio.o ABSOLUTE
    C:\\work\\mbed\\github\\libraries\\mbed\\targets\\cmsis\\TARGET_STM\\TARGET_NUCLEO_F401RE\\stm32f4xx_hal_hash.c 0x00000000   Number         0  stm32f4xx_hal_hash.o ABSOLUTE
    C:\\work\\mbed\\github\\libraries\\mbed\\targets\\cmsis\\TARGET_STM\\TARGET_NUCLEO_F401RE\\stm32f4xx_hal_hash_ex.c 0x00000000   Number         0  stm32f4xx_hal_hash_ex.o ABSOLUTE
    C:\\work\\mbed\\github\\libraries\\mbed\\targets\\cmsis\\TARGET_STM\\TARGET_NUCLEO_F401RE\\stm32f4xx_hal_hcd.c 0x00000000   Number         0  stm32f4xx_hal_hcd.o ABSOLUTE
    C:\\work\\mbed\\github\\libraries\\mbed\\targets\\cmsis\\TARGET_STM\\TARGET_NUCLEO_F401RE\\stm32f4xx_hal_i2c.c 0x00000000   Number         0  stm32f4xx_hal_i2c.o ABSOLUTE
    C:\\work\\mbed\\github\\libraries\\mbed\\targets\\cmsis\\TARGET_STM\\TARGET_NUCLEO_F401RE\\stm32f4xx_hal_i2c_ex.c 0x00000000   Number         0  stm32f4xx_hal_i2c_ex.o ABSOLUTE
    C:\\work\\mbed\\github\\libraries\\mbed\\targets\\cmsis\\TARGET_STM\\TARGET_NUCLEO_F401RE\\stm32f4xx_hal_i2s.c 0x00000000   Number         0  stm32f4xx_hal_i2s.o ABSOLUTE
    C:\\work\\mbed\\github\\libraries\\mbed\\targets\\cmsis\\TARGET_STM\\TARGET_NUCLEO_F401RE\\stm32f4xx_hal_i2s_ex.c 0x00000000   Number         0  stm32f4xx_hal_i2s_ex.o ABSOLUTE
    C:\\work\\mbed\\github\\libraries\\mbed\\targets\\cmsis\\TARGET_STM\\TARGET_NUCLEO_F401RE\\stm32f4xx_hal_irda.c 0x00000000   Number         0  stm32f4xx_hal_irda.o ABSOLUTE
    C:\\work\\mbed\\github\\libraries\\mbed\\targets\\cmsis\\TARGET_STM\\TARGET_NUCLEO_F401RE\\stm32f4xx_hal_iwdg.c 0x00000000   Number         0  stm32f4xx_hal_iwdg.o ABSOLUTE
    C:\\work\\mbed\\github\\libraries\\mbed\\targets\\cmsis\\TARGET_STM\\TARGET_NUCLEO_F401RE\\stm32f4xx_hal_ltdc.c 0x00000000   Number         0  stm32f4xx_hal_ltdc.o ABSOLUTE
    C:\\work\\mbed\\github\\libraries\\mbed\\targets\\cmsis\\TARGET_STM\\TARGET_NUCLEO_F401RE\\stm32f4xx_hal_nand.c 0x00000000   Number         0  stm32f4xx_hal_nand.o ABSOLUTE
    C:\\work\\mbed\\github\\libraries\\mbed\\targets\\cmsis\\TARGET_STM\\TARGET_NUCLEO_F401RE\\stm32f4xx_hal_nor.c 0x00000000   Number         0  stm32f4xx_hal_nor.o ABSOLUTE
    C:\\work\\mbed\\github\\libraries\\mbed\\targets\\cmsis\\TARGET_STM\\TARGET_NUCLEO_F401RE\\stm32f4xx_hal_pccard.c 0x00000000   Number         0  stm32f4xx_hal_pccard.o ABSOLUTE
    C:\\work\\mbed\\github\\libraries\\mbed\\targets\\cmsis\\TARGET_STM\\TARGET_NUCLEO_F401RE\\stm32f4xx_hal_pcd.c 0x00000000   Number         0  stm32f4xx_hal_pcd.o ABSOLUTE
    C:\\work\\mbed\\github\\libraries\\mbed\\targets\\cmsis\\TARGET_STM\\TARGET_NUCLEO_F401RE\\stm32f4xx_hal_pwr.c 0x00000000   Number         0  stm32f4xx_hal_pwr.o ABSOLUTE
    C:\\work\\mbed\\github\\libraries\\mbed\\targets\\cmsis\\TARGET_STM\\TARGET_NUCLEO_F401RE\\stm32f4xx_hal_pwr_ex.c 0x00000000   Number         0  stm32f4xx_hal_pwr_ex.o ABSOLUTE
    C:\\work\\mbed\\github\\libraries\\mbed\\targets\\cmsis\\TARGET_STM\\TARGET_NUCLEO_F401RE\\stm32f4xx_hal_rcc.c 0x00000000   Number         0  stm32f4xx_hal_rcc.o ABSOLUTE
    C:\\work\\mbed\\github\\libraries\\mbed\\targets\\cmsis\\TARGET_STM\\TARGET_NUCLEO_F401RE\\stm32f4xx_hal_rcc_ex.c 0x00000000   Number         0  stm32f4xx_hal_rcc_ex.o ABSOLUTE
    C:\\work\\mbed\\github\\libraries\\mbed\\targets\\cmsis\\TARGET_STM\\TARGET_NUCLEO_F401RE\\stm32f4xx_hal_rng.c 0x00000000   Number         0  stm32f4xx_hal_rng.o ABSOLUTE
    C:\\work\\mbed\\github\\libraries\\mbed\\targets\\cmsis\\TARGET_STM\\TARGET_NUCLEO_F401RE\\stm32f4xx_hal_rtc.c 0x00000000   Number         0  stm32f4xx_hal_rtc.o ABSOLUTE
    C:\\work\\mbed\\github\\libraries\\mbed\\targets\\cmsis\\TARGET_STM\\TARGET_NUCLEO_F401RE\\stm32f4xx_hal_rtc_ex.c 0x00000000   Number         0  stm32f4xx_hal_rtc_ex.o ABSOLUTE
    C:\\work\\mbed\\github\\libraries\\mbed\\targets\\cmsis\\TARGET_STM\\TARGET_NUCLEO_F401RE\\stm32f4xx_hal_sai.c 0x00000000   Number         0  stm32f4xx_hal_sai.o ABSOLUTE
    C:\\work\\mbed\\github\\libraries\\mbed\\targets\\cmsis\\TARGET_STM\\TARGET_NUCLEO_F401RE\\stm32f4xx_hal_sd.c 0x00000000   Number         0  stm32f4xx_hal_sd.o ABSOLUTE
    C:\\work\\mbed\\github\\libraries\\mbed\\targets\\cmsis\\TARGET_STM\\TARGET_NUCLEO_F401RE\\stm32f4xx_hal_sdram.c 0x00000000   Number         0  stm32f4xx_hal_sdram.o ABSOLUTE
    C:\\work\\mbed\\github\\libraries\\mbed\\targets\\cmsis\\TARGET_STM\\TARGET_NUCLEO_F401RE\\stm32f4xx_hal_smartcard.c 0x00000000   Number         0  stm32f4xx_hal_smartcard.o ABSOLUTE
    C:\\work\\mbed\\github\\libraries\\mbed\\targets\\cmsis\\TARGET_STM\\TARGET_NUCLEO_F401RE\\stm32f4xx_hal_spi.c 0x00000000   Number         0  stm32f4xx_hal_spi.o ABSOLUTE
    C:\\work\\mbed\\github\\libraries\\mbed\\targets\\cmsis\\TARGET_STM\\TARGET_NUCLEO_F401RE\\stm32f4xx_hal_sram.c 0x00000000   Number         0  stm32f4xx_hal_sram.o ABSOLUTE
    C:\\work\\mbed\\github\\libraries\\mbed\\targets\\cmsis\\TARGET_STM\\TARGET_NUCLEO_F401RE\\stm32f4xx_hal_tim.c 0x00000000   Number         0  stm32f4xx_hal_tim.o ABSOLUTE
    C:\\work\\mbed\\github\\libraries\\mbed\\targets\\cmsis\\TARGET_STM\\TARGET_NUCLEO_F401RE\\stm32f4xx_hal_tim_ex.c 0x00000000   Number         0  stm32f4xx_hal_tim_ex.o ABSOLUTE
    C:\\work\\mbed\\github\\libraries\\mbed\\targets\\cmsis\\TARGET_STM\\TARGET_NUCLEO_F401RE\\stm32f4xx_hal_uart.c 0x00000000   Number         0  stm32f4xx_hal_uart.o ABSOLUTE
    C:\\work\\mbed\\github\\libraries\\mbed\\targets\\cmsis\\TARGET_STM\\TARGET_NUCLEO_F401RE\\stm32f4xx_hal_usart.c 0x00000000   Number         0  stm32f4xx_hal_usart.o ABSOLUTE
    C:\\work\\mbed\\github\\libraries\\mbed\\targets\\cmsis\\TARGET_STM\\TARGET_NUCLEO_F401RE\\stm32f4xx_hal_wwdg.c 0x00000000   Number         0  stm32f4xx_hal_wwdg.o ABSOLUTE
    C:\\work\\mbed\\github\\libraries\\mbed\\targets\\cmsis\\TARGET_STM\\TARGET_NUCLEO_F401RE\\stm32f4xx_ll_fmc.c 0x00000000   Number         0  stm32f4xx_ll_fmc.o ABSOLUTE
    C:\\work\\mbed\\github\\libraries\\mbed\\targets\\cmsis\\TARGET_STM\\TARGET_NUCLEO_F401RE\\stm32f4xx_ll_fsmc.c 0x00000000   Number         0  stm32f4xx_ll_fsmc.o ABSOLUTE
    C:\\work\\mbed\\github\\libraries\\mbed\\targets\\cmsis\\TARGET_STM\\TARGET_NUCLEO_F401RE\\stm32f4xx_ll_sdmmc.c 0x00000000   Number         0  stm32f4xx_ll_sdmmc.o ABSOLUTE
    C:\\work\\mbed\\github\\libraries\\mbed\\targets\\cmsis\\TARGET_STM\\TARGET_NUCLEO_F401RE\\stm32f4xx_ll_usb.c 0x00000000   Number         0  stm32f4xx_ll_usb.o ABSOLUTE
    C:\\work\\mbed\\github\\libraries\\mbed\\targets\\cmsis\\TARGET_STM\\TARGET_NUCLEO_F401RE\\system_stm32f4xx.c 0x00000000   Number         0  system_stm32f4xx.o ABSOLUTE
    C:\\work\\mbed\\github\\libraries\\mbed\\targets\\hal\\TARGET_STM\\TARGET_NUCLEO_F401RE\\mbed_overrides.c 0x00000000   Number         0  mbed_overrides.o ABSOLUTE
    C:\\work\\mbed\\github\\libraries\\mbed\\targets\\hal\\TARGET_STM\\TARGET_NUCLEO_F401RE\\pinmap.c 0x00000000   Number         0  pinmap.o ABSOLUTE
    C:\\work\\mbed\\github\\libraries\\mbed\\targets\\hal\\TARGET_STM\\TARGET_NUCLEO_F401RE\\serial_api.c 0x00000000   Number         0  serial_api.o ABSOLUTE
    C:\\work\\mbed\\github\\libraries\\mbed\\targets\\hal\\TARGET_STM\\TARGET_NUCLEO_F401RE\\us_ticker.c 0x00000000   Number         0  us_ticker.o ABSOLUTE
    C:\work\mbed\github\libraries\mbed\common\FileBase.cpp 0x00000000   Number         0  FileBase.o ABSOLUTE
    C:\work\mbed\github\libraries\mbed\common\FilePath.cpp 0x00000000   Number         0  FilePath.o ABSOLUTE
    C:\work\mbed\github\libraries\mbed\common\FileSystemLike.cpp 0x00000000   Number         0  FileSystemLike.o ABSOLUTE
    C:\work\mbed\github\libraries\mbed\common\assert.c 0x00000000   Number         0  assert.o ABSOLUTE
    C:\work\mbed\github\libraries\mbed\common\board.c 0x00000000   Number         0  board.o ABSOLUTE
    C:\work\mbed\github\libraries\mbed\common\error.c 0x00000000   Number         0  error.o ABSOLUTE
    C:\work\mbed\github\libraries\mbed\common\exit.c 0x00000000   Number         0  exit.o ABSOLUTE
    C:\work\mbed\github\libraries\mbed\common\pinmap_common.c 0x00000000   Number         0  pinmap_common.o ABSOLUTE
    C:\work\mbed\github\libraries\mbed\common\retarget.cpp 0x00000000   Number         0  retarget.o ABSOLUTE
    C:\work\mbed\github\libraries\mbed\common\us_ticker_api.c 0x00000000   Number         0  us_ticker_api.o ABSOLUTE
    C:\work\mbed\github\libraries\mbed\common\wait_api.c 0x00000000   Number         0  wait_api.o ABSOLUTE
    C:\work\mbed\github\libraries\mbed\targets\cmsis\TARGET_STM\TARGET_NUCLEO_F401RE\TOOLCHAIN_ARM_MICRO\sys.cpp 0x00000000   Number         0  sys.o ABSOLUTE
    C:\work\mbed\github\libraries\mbed\targets\cmsis\TARGET_STM\TARGET_NUCLEO_F401RE\cmsis_nvic.c 0x00000000   Number         0  cmsis_nvic.o ABSOLUTE
    C:\work\mbed\github\libraries\mbed\targets\cmsis\TARGET_STM\TARGET_NUCLEO_F401RE\hal_tick.c 0x00000000   Number         0  hal_tick.o ABSOLUTE
    C:\work\mbed\github\libraries\mbed\targets\cmsis\TARGET_STM\TARGET_NUCLEO_F401RE\stm32f4xx_hal.c 0x00000000   Number         0  stm32f4xx_hal.o ABSOLUTE
    C:\work\mbed\github\libraries\mbed\targets\cmsis\TARGET_STM\TARGET_NUCLEO_F401RE\stm32f4xx_hal_adc.c 0x00000000   Number         0  stm32f4xx_hal_adc.o ABSOLUTE
    C:\work\mbed\github\libraries\mbed\targets\cmsis\TARGET_STM\TARGET_NUCLEO_F401RE\stm32f4xx_hal_adc_ex.c 0x00000000   Number         0  stm32f4xx_hal_adc_ex.o ABSOLUTE
    C:\work\mbed\github\libraries\mbed\targets\cmsis\TARGET_STM\TARGET_NUCLEO_F401RE\stm32f4xx_hal_can.c 0x00000000   Number         0  stm32f4xx_hal_can.o ABSOLUTE
    C:\work\mbed\github\libraries\mbed\targets\cmsis\TARGET_STM\TARGET_NUCLEO_F401RE\stm32f4xx_hal_cortex.c 0x00000000   Number         0  stm32f4xx_hal_cortex.o ABSOLUTE
    C:\work\mbed\github\libraries\mbed\targets\cmsis\TARGET_STM\TARGET_NUCLEO_F401RE\stm32f4xx_hal_crc.c 0x00000000   Number         0  stm32f4xx_hal_crc.o ABSOLUTE
    C:\work\mbed\github\libraries\mbed\targets\cmsis\TARGET_STM\TARGET_NUCLEO_F401RE\stm32f4xx_hal_cryp.c 0x00000000   Number         0  stm32f4xx_hal_cryp.o ABSOLUTE
    C:\work\mbed\github\libraries\mbed\targets\cmsis\TARGET_STM\TARGET_NUCLEO_F401RE\stm32f4xx_hal_cryp_ex.c 0x00000000   Number         0  stm32f4xx_hal_cryp_ex.o ABSOLUTE
    C:\work\mbed\github\libraries\mbed\targets\cmsis\TARGET_STM\TARGET_NUCLEO_F401RE\stm32f4xx_hal_dac.c 0x00000000   Number         0  stm32f4xx_hal_dac.o ABSOLUTE
    C:\work\mbed\github\libraries\mbed\targets\cmsis\TARGET_STM\TARGET_NUCLEO_F401RE\stm32f4xx_hal_dac_ex.c 0x00000000   Number         0  stm32f4xx_hal_dac_ex.o ABSOLUTE
    C:\work\mbed\github\libraries\mbed\targets\cmsis\TARGET_STM\TARGET_NUCLEO_F401RE\stm32f4xx_hal_dcmi.c 0x00000000   Number         0  stm32f4xx_hal_dcmi.o ABSOLUTE
    C:\work\mbed\github\libraries\mbed\targets\cmsis\TARGET_STM\TARGET_NUCLEO_F401RE\stm32f4xx_hal_dma.c 0x00000000   Number         0  stm32f4xx_hal_dma.o ABSOLUTE
    C:\work\mbed\github\libraries\mbed\targets\cmsis\TARGET_STM\TARGET_NUCLEO_F401RE\stm32f4xx_hal_dma2d.c 0x00000000   Number         0  stm32f4xx_hal_dma2d.o ABSOLUTE
    C:\work\mbed\github\libraries\mbed\targets\cmsis\TARGET_STM\TARGET_NUCLEO_F401RE\stm32f4xx_hal_dma_ex.c 0x00000000   Number         0  stm32f4xx_hal_dma_ex.o ABSOLUTE
    C:\work\mbed\github\libraries\mbed\targets\cmsis\TARGET_STM\TARGET_NUCLEO_F401RE\stm32f4xx_hal_eth.c 0x00000000   Number         0  stm32f4xx_hal_eth.o ABSOLUTE
    C:\work\mbed\github\libraries\mbed\targets\cmsis\TARGET_STM\TARGET_NUCLEO_F401RE\stm32f4xx_hal_flash.c 0x00000000   Number         0  stm32f4xx_hal_flash.o ABSOLUTE
    C:\work\mbed\github\libraries\mbed\targets\cmsis\TARGET_STM\TARGET_NUCLEO_F401RE\stm32f4xx_hal_flash_ex.c 0x00000000   Number         0  stm32f4xx_hal_flash_ex.o ABSOLUTE
    C:\work\mbed\github\libraries\mbed\targets\cmsis\TARGET_STM\TARGET_NUCLEO_F401RE\stm32f4xx_hal_gpio.c 0x00000000   Number         0  stm32f4xx_hal_gpio.o ABSOLUTE
    C:\work\mbed\github\libraries\mbed\targets\cmsis\TARGET_STM\TARGET_NUCLEO_F401RE\stm32f4xx_hal_hash.c 0x00000000   Number         0  stm32f4xx_hal_hash.o ABSOLUTE
    C:\work\mbed\github\libraries\mbed\targets\cmsis\TARGET_STM\TARGET_NUCLEO_F401RE\stm32f4xx_hal_hash_ex.c 0x00000000   Number         0  stm32f4xx_hal_hash_ex.o ABSOLUTE
    C:\work\mbed\github\libraries\mbed\targets\cmsis\TARGET_STM\TARGET_NUCLEO_F401RE\stm32f4xx_hal_hcd.c 0x00000000   Number         0  stm32f4xx_hal_hcd.o ABSOLUTE
    C:\work\mbed\github\libraries\mbed\targets\cmsis\TARGET_STM\TARGET_NUCLEO_F401RE\stm32f4xx_hal_i2c.c 0x00000000   Number         0  stm32f4xx_hal_i2c.o ABSOLUTE
    C:\work\mbed\github\libraries\mbed\targets\cmsis\TARGET_STM\TARGET_NUCLEO_F401RE\stm32f4xx_hal_i2c_ex.c 0x00000000   Number         0  stm32f4xx_hal_i2c_ex.o ABSOLUTE
    C:\work\mbed\github\libraries\mbed\targets\cmsis\TARGET_STM\TARGET_NUCLEO_F401RE\stm32f4xx_hal_i2s.c 0x00000000   Number         0  stm32f4xx_hal_i2s.o ABSOLUTE
    C:\work\mbed\github\libraries\mbed\targets\cmsis\TARGET_STM\TARGET_NUCLEO_F401RE\stm32f4xx_hal_i2s_ex.c 0x00000000   Number         0  stm32f4xx_hal_i2s_ex.o ABSOLUTE
    C:\work\mbed\github\libraries\mbed\targets\cmsis\TARGET_STM\TARGET_NUCLEO_F401RE\stm32f4xx_hal_irda.c 0x00000000   Number         0  stm32f4xx_hal_irda.o ABSOLUTE
    C:\work\mbed\github\libraries\mbed\targets\cmsis\TARGET_STM\TARGET_NUCLEO_F401RE\stm32f4xx_hal_iwdg.c 0x00000000   Number         0  stm32f4xx_hal_iwdg.o ABSOLUTE
    C:\work\mbed\github\libraries\mbed\targets\cmsis\TARGET_STM\TARGET_NUCLEO_F401RE\stm32f4xx_hal_ltdc.c 0x00000000   Number         0  stm32f4xx_hal_ltdc.o ABSOLUTE
    C:\work\mbed\github\libraries\mbed\targets\cmsis\TARGET_STM\TARGET_NUCLEO_F401RE\stm32f4xx_hal_nand.c 0x00000000   Number         0  stm32f4xx_hal_nand.o ABSOLUTE
    C:\work\mbed\github\libraries\mbed\targets\cmsis\TARGET_STM\TARGET_NUCLEO_F401RE\stm32f4xx_hal_nor.c 0x00000000   Number         0  stm32f4xx_hal_nor.o ABSOLUTE
    C:\work\mbed\github\libraries\mbed\targets\cmsis\TARGET_STM\TARGET_NUCLEO_F401RE\stm32f4xx_hal_pccard.c 0x00000000   Number         0  stm32f4xx_hal_pccard.o ABSOLUTE
    C:\work\mbed\github\libraries\mbed\targets\cmsis\TARGET_STM\TARGET_NUCLEO_F401RE\stm32f4xx_hal_pcd.c 0x00000000   Number         0  stm32f4xx_hal_pcd.o ABSOLUTE
    C:\work\mbed\github\libraries\mbed\targets\cmsis\TARGET_STM\TARGET_NUCLEO_F401RE\stm32f4xx_hal_pwr.c 0x00000000   Number         0  stm32f4xx_hal_pwr.o ABSOLUTE
    C:\work\mbed\github\libraries\mbed\targets\cmsis\TARGET_STM\TARGET_NUCLEO_F401RE\stm32f4xx_hal_pwr_ex.c 0x00000000   Number         0  stm32f4xx_hal_pwr_ex.o ABSOLUTE
    C:\work\mbed\github\libraries\mbed\targets\cmsis\TARGET_STM\TARGET_NUCLEO_F401RE\stm32f4xx_hal_rcc.c 0x00000000   Number         0  stm32f4xx_hal_rcc.o ABSOLUTE
    C:\work\mbed\github\libraries\mbed\targets\cmsis\TARGET_STM\TARGET_NUCLEO_F401RE\stm32f4xx_hal_rcc_ex.c 0x00000000   Number         0  stm32f4xx_hal_rcc_ex.o ABSOLUTE
    C:\work\mbed\github\libraries\mbed\targets\cmsis\TARGET_STM\TARGET_NUCLEO_F401RE\stm32f4xx_hal_rng.c 0x00000000   Number         0  stm32f4xx_hal_rng.o ABSOLUTE
    C:\work\mbed\github\libraries\mbed\targets\cmsis\TARGET_STM\TARGET_NUCLEO_F401RE\stm32f4xx_hal_rtc.c 0x00000000   Number         0  stm32f4xx_hal_rtc.o ABSOLUTE
    C:\work\mbed\github\libraries\mbed\targets\cmsis\TARGET_STM\TARGET_NUCLEO_F401RE\stm32f4xx_hal_rtc_ex.c 0x00000000   Number         0  stm32f4xx_hal_rtc_ex.o ABSOLUTE
    C:\work\mbed\github\libraries\mbed\targets\cmsis\TARGET_STM\TARGET_NUCLEO_F401RE\stm32f4xx_hal_sai.c 0x00000000   Number         0  stm32f4xx_hal_sai.o ABSOLUTE
    C:\work\mbed\github\libraries\mbed\targets\cmsis\TARGET_STM\TARGET_NUCLEO_F401RE\stm32f4xx_hal_sd.c 0x00000000   Number         0  stm32f4xx_hal_sd.o ABSOLUTE
    C:\work\mbed\github\libraries\mbed\targets\cmsis\TARGET_STM\TARGET_NUCLEO_F401RE\stm32f4xx_hal_sdram.c 0x00000000   Number         0  stm32f4xx_hal_sdram.o ABSOLUTE
    C:\work\mbed\github\libraries\mbed\targets\cmsis\TARGET_STM\TARGET_NUCLEO_F401RE\stm32f4xx_hal_smartcard.c 0x00000000   Number         0  stm32f4xx_hal_smartcard.o ABSOLUTE
    C:\work\mbed\github\libraries\mbed\targets\cmsis\TARGET_STM\TARGET_NUCLEO_F401RE\stm32f4xx_hal_spi.c 0x00000000   Number         0  stm32f4xx_hal_spi.o ABSOLUTE
    C:\work\mbed\github\libraries\mbed\targets\cmsis\TARGET_STM\TARGET_NUCLEO_F401RE\stm32f4xx_hal_sram.c 0x00000000   Number         0  stm32f4xx_hal_sram.o ABSOLUTE
    C:\work\mbed\github\libraries\mbed\targets\cmsis\TARGET_STM\TARGET_NUCLEO_F401RE\stm32f4xx_hal_tim.c 0x00000000   Number         0  stm32f4xx_hal_tim.o ABSOLUTE
    C:\work\mbed\github\libraries\mbed\targets\cmsis\TARGET_STM\TARGET_NUCLEO_F401RE\stm32f4xx_hal_tim_ex.c 0x00000000   Number         0  stm32f4xx_hal_tim_ex.o ABSOLUTE
    C:\work\mbed\github\libraries\mbed\targets\cmsis\TARGET_STM\TARGET_NUCLEO_F401RE\stm32f4xx_hal_uart.c 0x00000000   Number         0  stm32f4xx_hal_uart.o ABSOLUTE
    C:\work\mbed\github\libraries\mbed\targets\cmsis\TARGET_STM\TARGET_NUCLEO_F401RE\stm32f4xx_hal_usart.c 0x00000000   Number         0  stm32f4xx_hal_usart.o ABSOLUTE
    C:\work\mbed\github\libraries\mbed\targets\cmsis\TARGET_STM\TARGET_NUCLEO_F401RE\stm32f4xx_hal_wwdg.c 0x00000000   Number         0  stm32f4xx_hal_wwdg.o ABSOLUTE
    C:\work\mbed\github\libraries\mbed\targets\cmsis\TARGET_STM\TARGET_NUCLEO_F401RE\stm32f4xx_ll_fmc.c 0x00000000   Number         0  stm32f4xx_ll_fmc.o ABSOLUTE
    C:\work\mbed\github\libraries\mbed\targets\cmsis\TARGET_STM\TARGET_NUCLEO_F401RE\stm32f4xx_ll_fsmc.c 0x00000000   Number         0  stm32f4xx_ll_fsmc.o ABSOLUTE
    C:\work\mbed\github\libraries\mbed\targets\cmsis\TARGET_STM\TARGET_NUCLEO_F401RE\stm32f4xx_ll_sdmmc.c 0x00000000   Number         0  stm32f4xx_ll_sdmmc.o ABSOLUTE
    C:\work\mbed\github\libraries\mbed\targets\cmsis\TARGET_STM\TARGET_NUCLEO_F401RE\stm32f4xx_ll_usb.c 0x00000000   Number         0  stm32f4xx_ll_usb.o ABSOLUTE
    C:\work\mbed\github\libraries\mbed\targets\cmsis\TARGET_STM\TARGET_NUCLEO_F401RE\system_stm32f4xx.c 0x00000000   Number         0  system_stm32f4xx.o ABSOLUTE
    C:\work\mbed\github\libraries\mbed\targets\hal\TARGET_STM\TARGET_NUCLEO_F401RE\mbed_overrides.c 0x00000000   Number         0  mbed_overrides.o ABSOLUTE
    C:\work\mbed\github\libraries\mbed\targets\hal\TARGET_STM\TARGET_NUCLEO_F401RE\pinmap.c 0x00000000   Number         0  pinmap.o ABSOLUTE
    C:\work\mbed\github\libraries\mbed\targets\hal\TARGET_STM\TARGET_NUCLEO_F401RE\serial_api.c 0x00000000   Number         0  serial_api.o ABSOLUTE
    C:\work\mbed\github\libraries\mbed\targets\hal\TARGET_STM\TARGET_NUCLEO_F401RE\us_ticker.c 0x00000000   Number         0  us_ticker.o ABSOLUTE
    cdrcmple.s                               0x00000000   Number         0  cdrcmple.o ABSOLUTE
    dc.s                                     0x00000000   Number         0  dc.o ABSOLUTE
    handlers.s                               0x00000000   Number         0  handlers.o ABSOLUTE
    init.s                                   0x00000000   Number         0  init.o ABSOLUTE
    src\\leds.c                              0x00000000   Number         0  leds.o ABSOLUTE
    src\\main.c                              0x00000000   Number         0  main.o ABSOLUTE
    src\\switches.c                          0x00000000   Number         0  switches.o ABSOLUTE
    src\leds.c                               0x00000000   Number         0  leds.o ABSOLUTE
    src\main.c                               0x00000000   Number         0  main.o ABSOLUTE
    src\switches.c                           0x00000000   Number         0  switches.o ABSOLUTE
    RESET                                    0x08000000   Section      404  startup_stm32f401xe.o(RESET)
    .ARM.Collect$$$$00000000                 0x08000194   Section        0  entry.o(.ARM.Collect$$$$00000000)
    .ARM.Collect$$$$00000001                 0x08000194   Section        4  entry2.o(.ARM.Collect$$$$00000001)
    .ARM.Collect$$$$00000004                 0x08000198   Section        4  entry5.o(.ARM.Collect$$$$00000004)
    .ARM.Collect$$$$00000006                 0x0800019c   Section        4  entry6b.o(.ARM.Collect$$$$00000006)
    .ARM.Collect$$$$00000008                 0x080001a0   Section        0  entry7b.o(.ARM.Collect$$$$00000008)
    .ARM.Collect$$$$0000000A                 0x080001a0   Section        0  entry8b.o(.ARM.Collect$$$$0000000A)
    .ARM.Collect$$$$0000000B                 0x080001a0   Section        8  entry9a.o(.ARM.Collect$$$$0000000B)
    .ARM.Collect$$$$0000000D                 0x080001a8   Section        0  entry10a.o(.ARM.Collect$$$$0000000D)
    .ARM.Collect$$$$0000000F                 0x080001a8   Section        0  entry11a.o(.ARM.Collect$$$$0000000F)
    .ARM.Collect$$$$00002712                 0x080001a8   Section        4  entry2.o(.ARM.Collect$$$$00002712)
    __lit__00000000                          0x080001a8   Data           4  entry2.o(.ARM.Collect$$$$00002712)
    .text                                    0x080001ac   Section        0  main.o(.text)
    .text                                    0x08000200   Section        0  leds.o(.text)
    .text                                    0x080002bc   Section        0  switches.o(.text)
    .text                                    0x080002f0   Section       36  startup_stm32f401xe.o(.text)
    $v0                                      0x080002f0   Number         0  startup_stm32f401xe.o(.text)
    .text                                    0x08000314   Section        0  memmovea.o(.text)
    .text                                    0x08000354   Section       36  init.o(.text)
    i.$Sub$$main                             0x08000378   Section        0  retarget.o(i.$Sub$$main)
    i.HAL_GetTick                            0x0800038c   Section        0  stm32f4xx_hal.o(i.HAL_GetTick)
    i.HAL_IncTick                            0x08000398   Section        0  stm32f4xx_hal.o(i.HAL_IncTick)
    i.HAL_Init                               0x080003a8   Section        0  stm32f4xx_hal.o(i.HAL_Init)
    i.HAL_InitTick                           0x080003dc   Section        0  hal_tick.o(i.HAL_InitTick)
    i.HAL_MspInit                            0x08000484   Section        0  stm32f4xx_hal.o(i.HAL_MspInit)
    i.HAL_NVIC_SetPriorityGrouping           0x08000488   Section        0  stm32f4xx_hal_cortex.o(i.HAL_NVIC_SetPriorityGrouping)
    i.HAL_RCC_ClockConfig                    0x080004ac   Section        0  stm32f4xx_hal_rcc.o(i.HAL_RCC_ClockConfig)
    i.HAL_RCC_OscConfig                      0x080006ac   Section        0  stm32f4xx_hal_rcc.o(i.HAL_RCC_OscConfig)
    i.HAL_TIM_OC_Init                        0x08000a60   Section        0  stm32f4xx_hal_tim.o(i.HAL_TIM_OC_Init)
    i.HAL_TIM_OC_MspInit                     0x08000a92   Section        0  stm32f4xx_hal_tim.o(i.HAL_TIM_OC_MspInit)
    i.HAL_TIM_OC_Start                       0x08000a94   Section        0  stm32f4xx_hal_tim.o(i.HAL_TIM_OC_Start)
    i.NVIC_SetVector                         0x08000acc   Section        0  cmsis_nvic.o(i.NVIC_SetVector)
    i.SetSysClock_PLL_HSE                    0x08000b38   Section        0  system_stm32f4xx.o(i.SetSysClock_PLL_HSE)
    i.SystemCoreClockUpdate                  0x08000bb4   Section        0  system_stm32f4xx.o(i.SystemCoreClockUpdate)
    i.SystemInit                             0x08000c38   Section        0  system_stm32f4xx.o(i.SystemInit)
    i.TIM_Base_SetConfig                     0x08000d38   Section        0  stm32f4xx_hal_tim.o(i.TIM_Base_SetConfig)
    i.__scatterload_copy                     0x08000dcc   Section       14  handlers.o(i.__scatterload_copy)
    i.__scatterload_null                     0x08000dda   Section        2  handlers.o(i.__scatterload_null)
    i.__scatterload_zeroinit                 0x08000ddc   Section       14  handlers.o(i.__scatterload_zeroinit)
    i.mbed_main                              0x08000dea   Section        0  retarget.o(i.mbed_main)
    i.mbed_sdk_init                          0x08000dec   Section        0  mbed_overrides.o(i.mbed_sdk_init)
    i.timer_irq_handler                      0x08000dfc   Section        0  hal_tick.o(i.timer_irq_handler)
    i.us_ticker_clear_interrupt              0x08000e54   Section        0  us_ticker.o(i.us_ticker_clear_interrupt)
    i.us_ticker_disable_interrupt            0x08000e68   Section        0  us_ticker.o(i.us_ticker_disable_interrupt)
    i.us_ticker_irq_handler                  0x08000e7c   Section        0  us_ticker_api.o(i.us_ticker_irq_handler)
    i.us_ticker_read                         0x08000ebc   Section        0  us_ticker.o(i.us_ticker_read)
    i.us_ticker_set_interrupt                0x08000eec   Section        0  us_ticker.o(i.us_ticker_set_interrupt)
    .constdata                               0x08000f00   Section       16  system_stm32f4xx.o(.constdata)
    .data                                    0x20000194   Section        4  hal_tick.o(.data)
    .data                                    0x20000198   Section        4  stm32f4xx_hal.o(.data)
    uwTick                                   0x20000198   Data           4  stm32f4xx_hal.o(.data)
    .data                                    0x2000019c   Section        4  system_stm32f4xx.o(.data)
    .data                                    0x200001a0   Section        8  us_ticker_api.o(.data)
    head                                     0x200001a0   Data           4  us_ticker_api.o(.data)
    event_handler                            0x200001a4   Data           4  us_ticker_api.o(.data)
    .data                                    0x200001a8   Section        4  us_ticker.o(.data)
    us_ticker_inited                         0x200001a8   Data           4  us_ticker.o(.data)
    .bss                                     0x200001ac   Section       60  hal_tick.o(.bss)
    .bss                                     0x200001e8   Section       60  us_ticker.o(.bss)
    TimMasterHandle                          0x200001e8   Data          60  us_ticker.o(.bss)

    Global Symbols

    Symbol Name                              Value     Ov Type        Size  Object(Section)

    BuildAttributes$$THM_ISAv4$E$P$D$K$B$S$7EM$VFPi3$EXTD16$VFPS$VFMA$PE$A:L22UL41UL21$X:L11$S22US41US21$IEEE1$IW$USESV6$~STKCKD$USESV7$~SHL$OTIME$ROPI$EBA8$UX$MICROLIB$REQ8$PRES8$EABIv2 0x00000000   Number         0  anon$$obj.o ABSOLUTE
    __ARM_use_no_argv                        0x00000000   Number         0  main.o ABSOLUTE
    _printf_a                                0x00000000   Number         0  stubs.o ABSOLUTE
    _printf_c                                0x00000000   Number         0  stubs.o ABSOLUTE
    _printf_charcount                        0x00000000   Number         0  stubs.o ABSOLUTE
    _printf_d                                0x00000000   Number         0  stubs.o ABSOLUTE
    _printf_e                                0x00000000   Number         0  stubs.o ABSOLUTE
    _printf_f                                0x00000000   Number         0  stubs.o ABSOLUTE
    _printf_flags                            0x00000000   Number         0  stubs.o ABSOLUTE
    _printf_fp_dec                           0x00000000   Number         0  stubs.o ABSOLUTE
    _printf_fp_hex                           0x00000000   Number         0  stubs.o ABSOLUTE
    _printf_g                                0x00000000   Number         0  stubs.o ABSOLUTE
    _printf_i                                0x00000000   Number         0  stubs.o ABSOLUTE
    _printf_int_dec                          0x00000000   Number         0  stubs.o ABSOLUTE
    _printf_l                                0x00000000   Number         0  stubs.o ABSOLUTE
    _printf_lc                               0x00000000   Number         0  stubs.o ABSOLUTE
    _printf_ll                               0x00000000   Number         0  stubs.o ABSOLUTE
    _printf_lld                              0x00000000   Number         0  stubs.o ABSOLUTE
    _printf_lli                              0x00000000   Number         0  stubs.o ABSOLUTE
    _printf_llo                              0x00000000   Number         0  stubs.o ABSOLUTE
    _printf_llu                              0x00000000   Number         0  stubs.o ABSOLUTE
    _printf_llx                              0x00000000   Number         0  stubs.o ABSOLUTE
    _printf_longlong_dec                     0x00000000   Number         0  stubs.o ABSOLUTE
    _printf_longlong_hex                     0x00000000   Number         0  stubs.o ABSOLUTE
    _printf_longlong_oct                     0x00000000   Number         0  stubs.o ABSOLUTE
    _printf_ls                               0x00000000   Number         0  stubs.o ABSOLUTE
    _printf_mbtowc                           0x00000000   Number         0  stubs.o ABSOLUTE
    _printf_n                                0x00000000   Number         0  stubs.o ABSOLUTE
    _printf_o                                0x00000000   Number         0  stubs.o ABSOLUTE
    _printf_p                                0x00000000   Number         0  stubs.o ABSOLUTE
    _printf_percent                          0x00000000   Number         0  stubs.o ABSOLUTE
    _printf_pre_padding                      0x00000000   Number         0  stubs.o ABSOLUTE
    _printf_return_value                     0x00000000   Number         0  stubs.o ABSOLUTE
    _printf_s                                0x00000000   Number         0  stubs.o ABSOLUTE
    _printf_sizespec                         0x00000000   Number         0  stubs.o ABSOLUTE
    _printf_str                              0x00000000   Number         0  stubs.o ABSOLUTE
    _printf_truncate_signed                  0x00000000   Number         0  stubs.o ABSOLUTE
    _printf_truncate_unsigned                0x00000000   Number         0  stubs.o ABSOLUTE
    _printf_u                                0x00000000   Number         0  stubs.o ABSOLUTE
    _printf_wc                               0x00000000   Number         0  stubs.o ABSOLUTE
    _printf_wctomb                           0x00000000   Number         0  stubs.o ABSOLUTE
    _printf_widthprec                        0x00000000   Number         0  stubs.o ABSOLUTE
    _printf_x                                0x00000000   Number         0  stubs.o ABSOLUTE
    SHT$$ARM_EXIDX$$Base                      - Undefined Reference
    SHT$$ARM_EXIDX$$Limit                     - Undefined Reference
    __ARM::default_unexpected_handler()       - Undefined Weak Reference
    __ARM_exceptions_buffer_required          - Undefined Weak Reference
    __aeabi_unwind_cpp_pr1                    - Undefined Weak Reference
    __aeabi_unwind_cpp_pr2                    - Undefined Weak Reference
    __cpp_initialize__aeabi_                  - Undefined Weak Reference
    __cxa_begin_cleanup                       - Undefined Weak Reference
    __cxa_finalize                            - Undefined Weak Reference
    __cxa_type_match                          - Undefined Weak Reference
    __decompress                              - Undefined Weak Reference
    _clock_init                               - Undefined Weak Reference
    _microlib_exit                            - Undefined Weak Reference
    _scanf_longlong                           - Undefined Weak Reference
    _scanf_real                               - Undefined Weak Reference
    _scanf_string                             - Undefined Weak Reference
    __Vectors_Size                           0x00000194   Number         0  startup_stm32f401xe.o ABSOLUTE
    __Vectors                                0x08000000   Data           4  startup_stm32f401xe.o(RESET)
    __Vectors_End                            0x08000194   Data           0  startup_stm32f401xe.o(RESET)
    __main                                   0x08000195   Thumb Code     0  entry.o(.ARM.Collect$$$$00000000)
    _main_stk                                0x08000195   Thumb Code     0  entry2.o(.ARM.Collect$$$$00000001)
    _main_scatterload                        0x08000199   Thumb Code     0  entry5.o(.ARM.Collect$$$$00000004)
    __main_after_scatterload                 0x0800019d   Thumb Code     0  entry5.o(.ARM.Collect$$$$00000004)
    __use_full_stdio                         0x0800019d   Thumb Code     0  entry6b.o(.ARM.Collect$$$$00000006)
    __main_after_initio                      0x080001a1   Thumb Code     0  entry6b.o(.ARM.Collect$$$$00000006)
    _main_clock                              0x080001a1   Thumb Code     0  entry7b.o(.ARM.Collect$$$$00000008)
    _main_cpp_init                           0x080001a1   Thumb Code     0  entry8b.o(.ARM.Collect$$$$0000000A)
    _main_init                               0x080001a1   Thumb Code     0  entry9a.o(.ARM.Collect$$$$0000000B)
    __rt_final_cpp                           0x080001a9   Thumb Code     0  entry10a.o(.ARM.Collect$$$$0000000D)
    __rt_final_exit                          0x080001a9   Thumb Code     0  entry11a.o(.ARM.Collect$$$$0000000F)
    delay                                    0x080001ad   Thumb Code    42  main.o(.text)
    $Super$$main                             0x080001d7   Thumb Code    34  main.o(.text)
    init_RGB                                 0x08000201   Thumb Code   166  leds.o(.text)
    toggle_all                               0x080002a7   Thumb Code     2  leds.o(.text)
    toggle_r                                 0x080002a9   Thumb Code     2  leds.o(.text)
    toggle_g                                 0x080002ab   Thumb Code     2  leds.o(.text)
    toggle_b                                 0x080002ad   Thumb Code     2  leds.o(.text)
    init_switches                            0x080002bd   Thumb Code    38  switches.o(.text)
    Reset_Handler                            0x080002f1   Thumb Code     8  startup_stm32f401xe.o(.text)
    NMI_Handler                              0x080002f9   Thumb Code     2  startup_stm32f401xe.o(.text)
    HardFault_Handler                        0x080002fb   Thumb Code     2  startup_stm32f401xe.o(.text)
    MemManage_Handler                        0x080002fd   Thumb Code     2  startup_stm32f401xe.o(.text)
    BusFault_Handler                         0x080002ff   Thumb Code     2  startup_stm32f401xe.o(.text)
    UsageFault_Handler                       0x08000301   Thumb Code     2  startup_stm32f401xe.o(.text)
    SVC_Handler                              0x08000303   Thumb Code     2  startup_stm32f401xe.o(.text)
    DebugMon_Handler                         0x08000305   Thumb Code     2  startup_stm32f401xe.o(.text)
    PendSV_Handler                           0x08000307   Thumb Code     2  startup_stm32f401xe.o(.text)
    SysTick_Handler                          0x08000309   Thumb Code     2  startup_stm32f401xe.o(.text)
    ADC_IRQHandler                           0x0800030b   Thumb Code     0  startup_stm32f401xe.o(.text)
    DMA1_Stream0_IRQHandler                  0x0800030b   Thumb Code     0  startup_stm32f401xe.o(.text)
    DMA1_Stream1_IRQHandler                  0x0800030b   Thumb Code     0  startup_stm32f401xe.o(.text)
    DMA1_Stream2_IRQHandler                  0x0800030b   Thumb Code     0  startup_stm32f401xe.o(.text)
    DMA1_Stream3_IRQHandler                  0x0800030b   Thumb Code     0  startup_stm32f401xe.o(.text)
    DMA1_Stream4_IRQHandler                  0x0800030b   Thumb Code     0  startup_stm32f401xe.o(.text)
    DMA1_Stream5_IRQHandler                  0x0800030b   Thumb Code     0  startup_stm32f401xe.o(.text)
    DMA1_Stream6_IRQHandler                  0x0800030b   Thumb Code     0  startup_stm32f401xe.o(.text)
    DMA1_Stream7_IRQHandler                  0x0800030b   Thumb Code     0  startup_stm32f401xe.o(.text)
    DMA2_Stream0_IRQHandler                  0x0800030b   Thumb Code     0  startup_stm32f401xe.o(.text)
    DMA2_Stream1_IRQHandler                  0x0800030b   Thumb Code     0  startup_stm32f401xe.o(.text)
    DMA2_Stream2_IRQHandler                  0x0800030b   Thumb Code     0  startup_stm32f401xe.o(.text)
    DMA2_Stream3_IRQHandler                  0x0800030b   Thumb Code     0  startup_stm32f401xe.o(.text)
    DMA2_Stream4_IRQHandler                  0x0800030b   Thumb Code     0  startup_stm32f401xe.o(.text)
    DMA2_Stream5_IRQHandler                  0x0800030b   Thumb Code     0  startup_stm32f401xe.o(.text)
    DMA2_Stream6_IRQHandler                  0x0800030b   Thumb Code     0  startup_stm32f401xe.o(.text)
    DMA2_Stream7_IRQHandler                  0x0800030b   Thumb Code     0  startup_stm32f401xe.o(.text)
    EXTI0_IRQHandler                         0x0800030b   Thumb Code     0  startup_stm32f401xe.o(.text)
    EXTI15_10_IRQHandler                     0x0800030b   Thumb Code     0  startup_stm32f401xe.o(.text)
    EXTI1_IRQHandler                         0x0800030b   Thumb Code     0  startup_stm32f401xe.o(.text)
    EXTI2_IRQHandler                         0x0800030b   Thumb Code     0  startup_stm32f401xe.o(.text)
    EXTI3_IRQHandler                         0x0800030b   Thumb Code     0  startup_stm32f401xe.o(.text)
    EXTI4_IRQHandler                         0x0800030b   Thumb Code     0  startup_stm32f401xe.o(.text)
    EXTI9_5_IRQHandler                       0x0800030b   Thumb Code     0  startup_stm32f401xe.o(.text)
    FLASH_IRQHandler                         0x0800030b   Thumb Code     0  startup_stm32f401xe.o(.text)
    FPU_IRQHandler                           0x0800030b   Thumb Code     0  startup_stm32f401xe.o(.text)
    I2C1_ER_IRQHandler                       0x0800030b   Thumb Code     0  startup_stm32f401xe.o(.text)
    I2C1_EV_IRQHandler                       0x0800030b   Thumb Code     0  startup_stm32f401xe.o(.text)
    I2C2_ER_IRQHandler                       0x0800030b   Thumb Code     0  startup_stm32f401xe.o(.text)
    I2C2_EV_IRQHandler                       0x0800030b   Thumb Code     0  startup_stm32f401xe.o(.text)
    I2C3_ER_IRQHandler                       0x0800030b   Thumb Code     0  startup_stm32f401xe.o(.text)
    I2C3_EV_IRQHandler                       0x0800030b   Thumb Code     0  startup_stm32f401xe.o(.text)
    OTG_FS_IRQHandler                        0x0800030b   Thumb Code     0  startup_stm32f401xe.o(.text)
    OTG_FS_WKUP_IRQHandler                   0x0800030b   Thumb Code     0  startup_stm32f401xe.o(.text)
    PVD_IRQHandler                           0x0800030b   Thumb Code     0  startup_stm32f401xe.o(.text)
    RCC_IRQHandler                           0x0800030b   Thumb Code     0  startup_stm32f401xe.o(.text)
    RTC_Alarm_IRQHandler                     0x0800030b   Thumb Code     0  startup_stm32f401xe.o(.text)
    RTC_WKUP_IRQHandler                      0x0800030b   Thumb Code     0  startup_stm32f401xe.o(.text)
    SDIO_IRQHandler                          0x0800030b   Thumb Code     0  startup_stm32f401xe.o(.text)
    SPI1_IRQHandler                          0x0800030b   Thumb Code     0  startup_stm32f401xe.o(.text)
    SPI2_IRQHandler                          0x0800030b   Thumb Code     0  startup_stm32f401xe.o(.text)
    SPI3_IRQHandler                          0x0800030b   Thumb Code     0  startup_stm32f401xe.o(.text)
    SPI4_IRQHandler                          0x0800030b   Thumb Code     0  startup_stm32f401xe.o(.text)
    TAMP_STAMP_IRQHandler                    0x0800030b   Thumb Code     0  startup_stm32f401xe.o(.text)
    TIM1_BRK_TIM9_IRQHandler                 0x0800030b   Thumb Code     0  startup_stm32f401xe.o(.text)
    TIM1_CC_IRQHandler                       0x0800030b   Thumb Code     0  startup_stm32f401xe.o(.text)
    TIM1_TRG_COM_TIM11_IRQHandler            0x0800030b   Thumb Code     0  startup_stm32f401xe.o(.text)
    TIM1_UP_TIM10_IRQHandler                 0x0800030b   Thumb Code     0  startup_stm32f401xe.o(.text)
    TIM2_IRQHandler                          0x0800030b   Thumb Code     0  startup_stm32f401xe.o(.text)
    TIM3_IRQHandler                          0x0800030b   Thumb Code     0  startup_stm32f401xe.o(.text)
    TIM4_IRQHandler                          0x0800030b   Thumb Code     0  startup_stm32f401xe.o(.text)
    TIM5_IRQHandler                          0x0800030b   Thumb Code     0  startup_stm32f401xe.o(.text)
    USART1_IRQHandler                        0x0800030b   Thumb Code     0  startup_stm32f401xe.o(.text)
    USART2_IRQHandler                        0x0800030b   Thumb Code     0  startup_stm32f401xe.o(.text)
    USART6_IRQHandler                        0x0800030b   Thumb Code     0  startup_stm32f401xe.o(.text)
    WWDG_IRQHandler                          0x0800030b   Thumb Code     0  startup_stm32f401xe.o(.text)
    ___aeabi_memcpy8$move                    0x08000315   Thumb Code     0  memmovea.o(.text)
    __aeabi_memcpy                           0x08000315   Thumb Code    64  memmovea.o(.text)
    __aeabi_memcpy4                          0x08000315   Thumb Code     0  memmovea.o(.text)
    __aeabi_memmove                          0x08000315   Thumb Code     0  memmovea.o(.text)
    __aeabi_memmove4                         0x08000315   Thumb Code     0  memmovea.o(.text)
    __aeabi_memmove8                         0x08000315   Thumb Code     0  memmovea.o(.text)
    __scatterload                            0x08000355   Thumb Code    28  init.o(.text)
    __scatterload_rt2                        0x08000355   Thumb Code     0  init.o(.text)
    main                                     0x08000379   Thumb Code    18  retarget.o(i.$Sub$$main)
    HAL_GetTick                              0x0800038d   Thumb Code     6  stm32f4xx_hal.o(i.HAL_GetTick)
    HAL_IncTick                              0x08000399   Thumb Code    10  stm32f4xx_hal.o(i.HAL_IncTick)
    HAL_Init                                 0x080003a9   Thumb Code    48  stm32f4xx_hal.o(i.HAL_Init)
    HAL_InitTick                             0x080003dd   Thumb Code   130  hal_tick.o(i.HAL_InitTick)
    HAL_MspInit                              0x08000485   Thumb Code     2  stm32f4xx_hal.o(i.HAL_MspInit)
    HAL_NVIC_SetPriorityGrouping             0x08000489   Thumb Code    30  stm32f4xx_hal_cortex.o(i.HAL_NVIC_SetPriorityGrouping)
    HAL_RCC_ClockConfig                      0x080004ad   Thumb Code   498  stm32f4xx_hal_rcc.o(i.HAL_RCC_ClockConfig)
    HAL_RCC_OscConfig                        0x080006ad   Thumb Code   916  stm32f4xx_hal_rcc.o(i.HAL_RCC_OscConfig)
    HAL_TIM_OC_Init                          0x08000a61   Thumb Code    50  stm32f4xx_hal_tim.o(i.HAL_TIM_OC_Init)
    HAL_TIM_OC_MspInit                       0x08000a93   Thumb Code     2  stm32f4xx_hal_tim.o(i.HAL_TIM_OC_MspInit)
    HAL_TIM_OC_Start                         0x08000a95   Thumb Code    54  stm32f4xx_hal_tim.o(i.HAL_TIM_OC_Start)
    NVIC_SetVector                           0x08000acd   Thumb Code   102  cmsis_nvic.o(i.NVIC_SetVector)
    SetSysClock_PLL_HSE                      0x08000b39   Thumb Code   116  system_stm32f4xx.o(i.SetSysClock_PLL_HSE)
    SystemCoreClockUpdate                    0x08000bb5   Thumb Code   112  system_stm32f4xx.o(i.SystemCoreClockUpdate)
    SystemInit                               0x08000c39   Thumb Code   210  system_stm32f4xx.o(i.SystemInit)
    TIM_Base_SetConfig                       0x08000d39   Thumb Code   132  stm32f4xx_hal_tim.o(i.TIM_Base_SetConfig)
    __scatterload_copy                       0x08000dcd   Thumb Code    14  handlers.o(i.__scatterload_copy)
    __scatterload_null                       0x08000ddb   Thumb Code     2  handlers.o(i.__scatterload_null)
    __scatterload_zeroinit                   0x08000ddd   Thumb Code    14  handlers.o(i.__scatterload_zeroinit)
    mbed_main                                0x08000deb   Thumb Code     2  retarget.o(i.mbed_main)
    mbed_sdk_init                            0x08000ded   Thumb Code    14  mbed_overrides.o(i.mbed_sdk_init)
    timer_irq_handler                        0x08000dfd   Thumb Code    80  hal_tick.o(i.timer_irq_handler)
    us_ticker_clear_interrupt                0x08000e55   Thumb Code    14  us_ticker.o(i.us_ticker_clear_interrupt)
    us_ticker_disable_interrupt              0x08000e69   Thumb Code    14  us_ticker.o(i.us_ticker_disable_interrupt)
    us_ticker_irq_handler                    0x08000e7d   Thumb Code    60  us_ticker_api.o(i.us_ticker_irq_handler)
    us_ticker_read                           0x08000ebd   Thumb Code    30  us_ticker.o(i.us_ticker_read)
    us_ticker_set_interrupt                  0x08000eed   Thumb Code    16  us_ticker.o(i.us_ticker_set_interrupt)
    AHBPrescTable                            0x08000f00   Data          16  system_stm32f4xx.o(.constdata)
    Region$$Table$$Base                      0x08000f10   Number         0  anon$$obj.o(Region$$Table)
    Region$$Table$$Limit                     0x08000f30   Number         0  anon$$obj.o(Region$$Table)
    PreviousVal                              0x20000194   Data           4  hal_tick.o(.data)
    SystemCoreClock                          0x2000019c   Data           4  system_stm32f4xx.o(.data)
    TimMasterHandle                          0x200001ac   Data          60  hal_tick.o(.bss)
    Image$$RW_IRAM1$$ZI$$Limit               0x20000224   Number         0  anon$$obj.o ABSOLUTE
    __initial_sp                             0x20018000   Number         0  startup_stm32f401xe.o ABSOLUTE



==============================================================================

Memory Map of the image

  Image Entry point : 0x08000195

  Load Region LR_IROM1 (Base: 0x08000000, Size: 0x00000f48, Max: 0x00080000, ABSOLUTE)

    Execution Region ER_IROM1 (Base: 0x08000000, Size: 0x00000f30, Max: 0x00080000, ABSOLUTE)

    Base Addr    Size         Type   Attr      Idx    E Section Name        Object

    0x08000000   0x00000194   Data   RO         1835    RESET               startup_stm32f401xe.o
    0x08000194   0x00000000   Code   RO         2430  * .ARM.Collect$$$$00000000  mc_w.l(entry.o)
    0x08000194   0x00000004   Code   RO         2756    .ARM.Collect$$$$00000001  mc_w.l(entry2.o)
    0x08000198   0x00000004   Code   RO         2759    .ARM.Collect$$$$00000004  mc_w.l(entry5.o)
    0x0800019c   0x00000004   Code   RO         2432    .ARM.Collect$$$$00000006  mc_w.l(entry6b.o)
    0x080001a0   0x00000000   Code   RO         2761    .ARM.Collect$$$$00000008  mc_w.l(entry7b.o)
    0x080001a0   0x00000000   Code   RO         2763    .ARM.Collect$$$$0000000A  mc_w.l(entry8b.o)
    0x080001a0   0x00000008   Code   RO         2764    .ARM.Collect$$$$0000000B  mc_w.l(entry9a.o)
    0x080001a8   0x00000000   Code   RO         2766    .ARM.Collect$$$$0000000D  mc_w.l(entry10a.o)
    0x080001a8   0x00000000   Code   RO         2768    .ARM.Collect$$$$0000000F  mc_w.l(entry11a.o)
    0x080001a8   0x00000004   Code   RO         2757    .ARM.Collect$$$$00002712  mc_w.l(entry2.o)
    0x080001ac   0x00000054   Code   RO            3    .text               main.o
    0x08000200   0x000000bc   Code   RO          226    .text               leds.o
    0x080002bc   0x00000034   Code   RO          246    .text               switches.o
    0x080002f0   0x00000024   Code   RO         1836    .text               startup_stm32f401xe.o
    0x08000314   0x00000040   Code   RO         2445    .text               mc_w.l(memmovea.o)
    0x08000354   0x00000024   Code   RO         2859    .text               mc_w.l(init.o)
    0x08000378   0x00000012   Code   RO         1854    i.$Sub$$main        retarget.o
    0x0800038a   0x00000002   PAD
    0x0800038c   0x0000000c   Code   RO         1487    i.HAL_GetTick       stm32f4xx_hal.o
    0x08000398   0x00000010   Code   RO         1488    i.HAL_IncTick       stm32f4xx_hal.o
    0x080003a8   0x00000034   Code   RO         1489    i.HAL_Init          stm32f4xx_hal.o
    0x080003dc   0x000000a8   Code   RO          300    i.HAL_InitTick      hal_tick.o
    0x08000484   0x00000002   Code   RO         1492    i.HAL_MspInit       stm32f4xx_hal.o
    0x08000486   0x00000002   PAD
    0x08000488   0x00000024   Code   RO          694    i.HAL_NVIC_SetPriorityGrouping  stm32f4xx_hal_cortex.o
    0x080004ac   0x00000200   Code   RO          749    i.HAL_RCC_ClockConfig  stm32f4xx_hal_rcc.o
    0x080006ac   0x000003b4   Code   RO          761    i.HAL_RCC_OscConfig  stm32f4xx_hal_rcc.o
    0x08000a60   0x00000032   Code   RO          833    i.HAL_TIM_OC_Init   stm32f4xx_hal_tim.o
    0x08000a92   0x00000002   Code   RO          835    i.HAL_TIM_OC_MspInit  stm32f4xx_hal_tim.o
    0x08000a94   0x00000036   Code   RO          836    i.HAL_TIM_OC_Start  stm32f4xx_hal_tim.o
    0x08000aca   0x00000002   PAD
    0x08000acc   0x0000006c   Code   RO          644    i.NVIC_SetVector    cmsis_nvic.o
    0x08000b38   0x0000007c   Code   RO         1610    i.SetSysClock_PLL_HSE  system_stm32f4xx.o
    0x08000bb4   0x00000084   Code   RO         1612    i.SystemCoreClockUpdate  system_stm32f4xx.o
    0x08000c38   0x00000100   Code   RO         1613    i.SystemInit        system_stm32f4xx.o
    0x08000d38   0x00000094   Code   RO          869    i.TIM_Base_SetConfig  stm32f4xx_hal_tim.o
    0x08000dcc   0x0000000e   Code   RO         2903    i.__scatterload_copy  mc_w.l(handlers.o)
    0x08000dda   0x00000002   Code   RO         2904    i.__scatterload_null  mc_w.l(handlers.o)
    0x08000ddc   0x0000000e   Code   RO         2905    i.__scatterload_zeroinit  mc_w.l(handlers.o)
    0x08000dea   0x00000002   Code   RO         1867    i.mbed_main         retarget.o
    0x08000dec   0x0000000e   Code   RO         1579    i.mbed_sdk_init     mbed_overrides.o
    0x08000dfa   0x00000002   PAD
    0x08000dfc   0x00000058   Code   RO          301    i.timer_irq_handler  hal_tick.o
    0x08000e54   0x00000014   Code   RO         2240    i.us_ticker_clear_interrupt  mbed.ar(us_ticker.o)
    0x08000e68   0x00000014   Code   RO         2241    i.us_ticker_disable_interrupt  mbed.ar(us_ticker.o)
    0x08000e7c   0x00000040   Code   RO         2126    i.us_ticker_irq_handler  mbed.ar(us_ticker_api.o)
    0x08000ebc   0x00000030   Code   RO         2243    i.us_ticker_read    mbed.ar(us_ticker.o)
    0x08000eec   0x00000014   Code   RO         2244    i.us_ticker_set_interrupt  mbed.ar(us_ticker.o)
    0x08000f00   0x00000010   Data   RO         1614    .constdata          system_stm32f4xx.o
    0x08000f10   0x00000020   Data   RO         2901    Region$$Table       anon$$obj.o


    Execution Region RW_IRAM1 (Base: 0x20000194, Size: 0x00000090, Max: 0x00017e6c, ABSOLUTE)

    Base Addr    Size         Type   Attr      Idx    E Section Name        Object

    0x20000194   0x00000004   Data   RW          303    .data               hal_tick.o
    0x20000198   0x00000004   Data   RW         1495    .data               stm32f4xx_hal.o
    0x2000019c   0x00000004   Data   RW         1615    .data               system_stm32f4xx.o
    0x200001a0   0x00000008   Data   RW         2129    .data               mbed.ar(us_ticker_api.o)
    0x200001a8   0x00000004   Data   RW         2246    .data               mbed.ar(us_ticker.o)
    0x200001ac   0x0000003c   Zero   RW          302    .bss                hal_tick.o
    0x200001e8   0x0000003c   Zero   RW         2245    .bss                mbed.ar(us_ticker.o)


==============================================================================

Image component sizes


      Code (inc. data)   RO Data    RW Data    ZI Data      Debug   Object Name

       108          6          0          0          0        132   cmsis_nvic.o
       256         46          0          4         60        252   hal_tick.o
       188         14          0          0          0        905   leds.o
        84          8          0          0          0       2193   main.o
        14          0          0          0          0        128   mbed_overrides.o
        20          0          0          0          0        244   retarget.o
        36          8        404          0          0        276   startup_stm32f401xe.o
        82         16          0          4          0        472   stm32f4xx_hal.o
        36          6          0          0          0        116   stm32f4xx_hal_cortex.o
      1460         46          0          0          0        276   stm32f4xx_hal_rcc.o
       254         16          0          0          0        488   stm32f4xx_hal_tim.o
        52         14          0          0          0        456   switches.o
       512         74         16          4          0        400   system_stm32f4xx.o

    ----------------------------------------------------------------------
      3110        254        452         12         60       6338   Object Totals
         0          0         32          0          0          0   (incl. Generated)
         8          0          0          0          0          0   (incl. Padding)

    ----------------------------------------------------------------------

      Code (inc. data)   RO Data    RW Data    ZI Data      Debug   Library Member Name

       108         34          0          4         60        472   us_ticker.o
        64          4          0          8          0        136   us_ticker_api.o
         0          0          0          0          0          0   entry.o
         0          0          0          0          0          0   entry10a.o
         0          0          0          0          0          0   entry11a.o
         8          4          0          0          0          0   entry2.o
         4          0          0          0          0          0   entry5.o
         4          0          0          0          0          0   entry6b.o
         0          0          0          0          0          0   entry7b.o
         0          0          0          0          0          0   entry8b.o
         8          4          0          0          0          0   entry9a.o
        30          0          0          0          0          0   handlers.o
        36          8          0          0          0         68   init.o
        64          0          0          0          0         76   memmovea.o

    ----------------------------------------------------------------------
       326         54          0         12         60        752   Library Totals
         0          0          0          0          0          0   (incl. Padding)

    ----------------------------------------------------------------------

      Code (inc. data)   RO Data    RW Data    ZI Data      Debug   Library Name

       172         38          0         12         60        608   mbed.ar
       154         16          0          0          0        144   mc_w.l

    ----------------------------------------------------------------------
       326         54          0         12         60        752   Library Totals

    ----------------------------------------------------------------------

==============================================================================


      Code (inc. data)   RO Data    RW Data    ZI Data      Debug   

      3436        308        452         24        120       4994   Grand Totals
      3436        308        452         24        120       4994   ELF Image Totals
      3436        308        452         24          0          0   ROM Totals

==============================================================================

    Total RO  Size (Code + RO Data)                 3888 (   3.80kB)
    Total RW  Size (RW Data + ZI Data)               144 (   0.14kB)
    Total ROM Size (Code + RO Data + RW Data)       3912 (   3.82kB)

==============================================================================

